-0.0139004 0.785035 -0.017435 -1.5702 -0.00265684 0.785435 3.40688e-05 -2.12832 -0.0425287 -0.2933 0.0317483 -0.023884 -5.40159e-05 1.64011e-11 -1.42 -0.142155 -0.360532 0.0398073 0.201988 0.185541 -0.0899493 -9.11744e-15 6.57316e-14 9.91365e-14 -1.04996e-15 -9.20697e-15 7.34008e-16 -0.558636 0.0156745 0.23949 0.0121914 0.9999 0.00710746 -0.000402764
-0.0223654 0.785035 -0.0174375 -1.5702 -0.00265684 0.785435 3.40688e-05 -0.461589 -0.00922603 -0.0636106 0.00688598 -0.00517996 -1.17186e-05 1.01497e-11 -0.06 -0.142155 0.40948 0.0398073 0.201988 0.165541 -0.0899493 -5.13742e-13 2.09242e-13 -5.15078e-13 2.40075e-14 3.97573e-14 7.44674e-15 -0.558484 0.0204038 0.23949 0.0164243 0.99984 0.00711001 -0.000372666
-0.0295036 0.785035 -0.0174478 -1.5702 -0.00265684 0.785435 3.40688e-05 0.911568 0.0182297 0.125621 -0.0135979 0.0102296 2.31352e-05 -2.25391e-11 0.56 -0.252155 0.539588 0.0398073 0.201989 0.165541 -0.0899492 1.90413e-12 -4.52064e-14 3.57886e-13 2.70324e-15 -2.96923e-14 -8.85477e-16 -0.558324 0.0243944 0.23949 0.0199963 0.999775 0.00711491 -0.000347227
-0.0302475 0.785035 -0.0174439 -1.5702 -0.00265684 0.785435 3.40688e-05 0.717356 0.0143424 0.0988573 -0.0107008 0.00805017 1.82062e-05 -1.79163e-11 0.14 -0.252155 0.219552 0.029808 0.251989 0.165541 -0.0899493 1.81336e-12 -7.49804e-14 3.3835e-13 2.26694e-14 -1.04791e-13 4.45804e-15 -0.558305 0.024808 0.23949 0.0203669 0.999767 0.00711368 -0.000344604
-0.0285065 0.785035 -0.0174401 -1.5702 -0.00265684 0.785435 3.40688e-05 -0.0915997 -0.00183095 -0.0126232 0.0013664 -0.00102793 -2.32476e-06 6.83989e-13 -0.16 -0.252151 -0.0704839 0.0898075 0.201988 0.185541 -0.0899493 -3.54e-13 2.25875e-13 4.32527e-13 -2.18071e-15 -1.03511e-13 1.67515e-15 -0.558348 0.0238342 0.23949 0.0194952 0.999785 0.00711202 -0.000350818
-0.0285218 0.785035 -0.0174401 -1.5702 -0.00265684 0.785435 3.40688e-05 -0.436445 -0.00872394 -0.0601456 0.00651048 -0.00489779 -1.10768e-05 3.253e-12 0.14 -0.252151 0.0195161 0.0398073 0.201988 0.165541 -0.0899493 -4.22384e-13 2.51035e-13 5.14685e-13 -3.70006e-15 -1.22364e-13 1.98424e-15 -0.558347 0.0238428 0.23949 0.0195028 0.999784 0.00711202 -0.000350764
-0.02906 0.785035 -0.0174401 -1.5702 -0.00265684 0.785435 3.40688e-05 -0.644742 -0.0128875 -0.0888505 0.00961765 -0.00723529 -1.63633e-05 4.80488e-12 -0.27 -0.252151 0.0695161 0.029808 0.201988 0.165541 -0.0899493 -4.84554e-13 3.05059e-13 5.93547e-13 -3.18435e-15 -1.41085e-13 2.28548e-15 -0.558334 0.0241433 0.23949 0.0197719 0.999779 0.00711212 -0.00034885
-0.030346 0.785035 -0.0174414 -1.5702 -0.00265684 0.785435 3.40688e-05 -0.686403 -0.0137228 -0.0945918 0.0102398 -0.00770283 -1.74261e-05 1.49453e-11 -0.16 -0.152153 0.169516 0.0798073 0.251988 0.165541 -0.0899493 1.17233e-11 7.99358e-14 4.65071e-12 -2.09862e-14 -8.56796e-13 4.07375e-14 -0.558303 0.0248618 0.23949 0.0204151 0.999766 0.00711279 -0.000344269
-0.0313367 0.785036 -0.0174414 -1.5702 -0.00265684 0.785435 3.40688e-05 -0.773842 -0.0154693 -0.106642 0.0115434 -0.00868405 -1.96398e-05 1.93779e-11 -0.37 -0.252136 0.109529 0.0298204 0.251988 0.165541 -0.0899493 6.05917e-12 2.71541e-14 1.49552e-12 -4.87773e-14 -2.88371e-13 4.41076e-14 -0.558278 0.0254149 0.239489 0.0209104 0.999756 0.00711295 -0.000340118
-0.0318467 0.785036 -0.0174414 -1.5702 -0.00265684 0.785435 3.40688e-05 -0.953002 -0.0190507 -0.131331 0.014216 -0.0106946 -2.41868e-05 2.38581e-11 -0.48 -0.152138 0.0695286 0.0398197 0.251988 0.185541 -0.0899493 6.62334e-12 -3.32303e-16 1.63552e-12 -5.63621e-14 -3.15221e-13 4.82137e-14 -0.558265 0.0256997 0.239489 0.0211653 0.999751 0.00711304 -0.000338304
-0.0327479 0.785036 -0.0174414 -1.5702 -0.00265684 0.785435 3.40688e-05 -1.04506 -0.0208911 -0.144018 0.0155893 -0.0117277 -2.65233e-05 2.61625e-11 -0.58 -0.252136 0.0695286 0.0398197 0.201988 0.165541 -0.0899493 7.20534e-12 -1.07561e-14 1.77843e-12 -6.13414e-14 -3.42985e-13 5.2434e-14 -0.558241 0.0262028 0.239489 0.0216158 0.999741 0.00711319 -0.000335098
-0.0340122 0.785036 -0.0174414 -1.5702 -0.00265684 0.785435 3.40688e-05 -1.00946 -0.0201792 -0.139111 0.0150581 -0.0113281 -2.56195e-05 2.52765e-11 -0.69 -0.252136 0.0695286 0.0298204 0.201988 0.165541 -0.0899493 7.71118e-12 7.42272e-15 1.9023e-12 -6.2563e-14 -3.67013e-13 5.61269e-14 -0.558208 0.0269085 0.239489 0.0222478 0.999727 0.0071134 -0.000330602
-0.0356842 0.785036 -0.0174414 -1.5702 -0.00265684 0.785435 3.40688e-05 -0.857858 -0.0171488 -0.11822 0.0127967 -0.00962687 -2.17721e-05 2.14924e-11 -0.58 -0.252136 0.119529 0.0298204 0.251988 0.185541 -0.0899493 8.17991e-12 1.16979e-14 2.02026e-12 -6.73031e-14 -3.89067e-13 5.95983e-14 -0.558162 0.0278418 0.239489 0.0230836 0.999708 0.00711368 -0.000324655
-0.0370559 0.785036 -0.0174414 -1.5702 -0.00265889 0.785435 3.40688e-05 -0.761946 -0.0152315 -0.105002 0.011366 -0.00855055 -1.93379e-05 -1.00601e-13 -0.37 -0.252136 0.159529 0.0798187 0.201988 0.165541 -0.0899493 7.44244e-12 1.76398e-12 4.0215e-12 9.82426e-14 -5.02702e-13 8.59014e-15 -0.558123 0.0286075 0.239489 0.0237685 0.999692 0.00711462 -0.000319754
-0.037594 0.785036 -0.0174414 -1.5702 -0.00265889 0.785435 3.40688e-05 -0.868431 -0.0173601 -0.119677 0.0129544 -0.00974552 -2.20404e-05 -1.15422e-13 -0.48 -0.252136 0.169529 0.0798187 0.201988 0.165541 -0.0899493 7.82157e-12 1.84545e-12 4.23236e-12 1.04473e-13 -5.28298e-13 9.02983e-15 -0.558108 0.0289079 0.239489 0.0240375 0.999686 0.0071147 -0.000317839
-0.0376822 0.785036 -0.0174414 -1.5702 -0.00265889 0.785435 3.40688e-05 -1.04716 -0.020933 -0.144307 0.0156206 -0.0117513 -2.65766e-05 -1.40665e-13 -0.58 -0.142139 0.0695289 0.0798187 0.251988 0.185541 -0.0899493 8.14011e-12 1.95574e-12 4.40508e-12 1.09997e-13 -5.49789e-13 9.39994e-15 -0.558105 0.0289571 0.239489 0.0240816 0.999685 0.00711472 -0.000317526
-0.038159 0.785036 -0.0174414 -1.5702 -0.00265889 0.785435 3.40688e-05 -1.11768 -0.0223427 -0.154025 0.0166725 -0.0125426 -2.83663e-05 -1.50425e-13 -0.69 -0.142139 0.0695289 -0.0101814 0.251988 0.165541 -0.0899493 8.43713e-12 1.96041e-12 4.56392e-12 1.09508e-13 -5.69831e-13 9.74548e-15 -0.558092 0.0292232 0.239489 0.0243199 0.999679 0.00711479 -0.000315829
-0.0393658 0.785036 -0.0174414 -1.5702 -0.00265889 0.785435 3.40688e-05 -0.993283 -0.0198559 -0.136882 0.0148168 -0.0111466 -2.52091e-05 -1.32283e-13 -0.58 -0.252136 0.0695289 0.0298195 0.201988 0.165541 -0.0899493 8.70819e-12 1.99029e-12 4.71737e-12 1.11281e-13 -5.88129e-13 1.00602e-14 -0.558056 0.0298967 0.239489 0.0249231 0.999664 0.00711498 -0.000311536
-0.0404153 0.785036 -0.0174414 -1.5702 -0.00265889 0.785435 3.40688e-05 -0.872339 -0.0174382 -0.120215 0.0130127 -0.00978938 -2.21396e-05 -1.14701e-13 -0.58 -0.142139 0.159529 0.0298195 0.151988 0.165541 -0.0899493 8.92594e-12 2.04863e-12 4.83197e-12 1.13662e-13 -6.02846e-13 1.03104e-14 -0.558024 0.0304823 0.239489 0.0254476 0.999651 0.00711515 -0.000307803
-0.0411414 0.785036 -0.0174414 -1.5702 -0.00265889 0.785435 3.40688e-05 -0.808367 -0.0161594 -0.111399 0.0120584 -0.00907148 -2.0516e-05 -1.05324e-13 -0.48 -0.152138 0.159529 0.0398188 0.251988 0.165541 -0.0899493 9.10917e-12 2.08125e-12 4.93329e-12 1.15729e-13 -6.15245e-13 1.05199e-14 -0.558002 0.0308875 0.239489 0.0258105 0.999641 0.00711526 -0.00030522
-0.0412385 0.785036 -0.0174414 -1.5702 -0.00265889 0.785435 3.40688e-05 -0.881831 -0.017628 -0.121523 0.0131543 -0.0098959 -2.23805e-05 -1.15672e-13 -0.48 -0.252136 0.119529 0.0298195 0.251988 0.165541 -0.0899493 9.27471e-12 2.21535e-12 5.0156e-12 1.24406e-13 -6.26527e-13 1.06995e-14 -0.557999 0.0309417 0.239489 0.0258591 0.99964 0.00711527 -0.000304874
-0.041241 0.785036 -0.0174414 -1.5702 -0.00265889 0.785435 3.40688e-05 -0.949618 -0.018983 -0.130865 0.0141655 -0.0106566 -2.41009e-05 -1.2526e-13 -0.48 -0.252136 0.0695289 0.0398188 0.201988 0.165541 -0.0899493 9.37581e-12 2.16197e-12 5.07611e-12 1.20902e-13 -6.33272e-13 1.0826e-14 -0.557999 0.0309431 0.239489 0.0258604 0.99964 0.00711527 -0.000304865
-0.0412922 0.785036 -0.0174414 -1.5702 -0.00265889 0.785435 3.40688e-05 -0.979326 -0.0195769 -0.134959 0.0146086 -0.01099 -2.48549e-05 -1.29439e-13 -0.58 -0.142139 0.159529 0.089819 0.201988 0.185541 -0.0899493 9.44052e-12 2.20869e-12 5.11192e-12 1.24055e-13 -6.37611e-13 1.0904e-14 -0.557997 0.0309717 0.239489 0.0258859 0.99964 0.00711528 -0.000304683
-0.0414085 0.785036 -0.0174414 -1.5702 -0.00265889 0.785435 3.40688e-05 -0.970329 -0.0193971 -0.133719 0.0144744 -0.010889 -2.46265e-05 -1.28114e-13 -0.48 -0.142139 0.119529 0.0398188 0.201988 0.185541 -0.0899493 9.46835e-12 2.21862e-12 5.12479e-12 1.24569e-13 -6.3946e-13 1.09398e-14 -0.557994 0.0310366 0.239489 0.0259441 0.999638 0.0071153 -0.000304269
-0.0415082 0.785036 -0.0174414 -1.5702 -0.00265889 0.785435 3.40688e-05 -0.939655 -0.0187839 -0.129492 0.0140169 -0.0105448 -2.3848e-05 -1.2373e-13 -0.48 -0.252136 0.109529 0.0398188 0.201988 0.165541 -0.0899493 9.4684e-12 2.22676e-12 5.11852e-12 1.22434e-13 -6.39565e-13 1.09281e-14 -0.55799 0.0310922 0.239489 0.0259939 0.999637 0.00711531 -0.000303915
-0.0415376 0.785036 -0.0174414 -1.5702 -0.00265889 0.785435 3.40688e-05 -0.899436 -0.0179799 -0.123949 0.0134169 -0.0100935 -2.28273e-05 -1.18028e-13 -0.48 -0.252136 0.119529 0.0398188 0.201988 0.165541 -0.0899493 9.40338e-12 2.17252e-12 5.09135e-12 1.19874e-13 -6.35049e-13 1.08671e-14 -0.55799 0.0311086 0.239489 0.0260086 0.999636 0.00711532 -0.00030381
-0.0415376 0.785036 -0.0174414 -1.5702 -0.00265889 0.785435 3.40688e-05 -0.842036 -0.0168325 -0.116039 0.0125607 -0.00944932 -2.13705e-05 -1.09908e-13 -0.48 -0.152138 0.109529 0.0398188 0.201988 0.165541 -0.0899493 9.32442e-12 2.20474e-12 5.03882e-12 1.21244e-13 -6.29848e-13 1.0761e-14 -0.55799 0.0311086 0.239489 0.0260086 0.999636 0.00711532 -0.00030381
-0.0415364 0.785036 -0.0174414 -1.5702 -0.00265889 0.785435 3.40688e-05 -0.756436 -0.0151213 -0.104243 0.0112838 -0.00848872 -1.9198e-05 -9.77997e-14 -0.48 -0.152138 0.109529 0.089819 0.151988 0.165541 -0.0899493 9.18678e-12 2.14398e-12 4.97221e-12 1.20708e-13 -6.20551e-13 1.06023e-14 -0.55799 0.0311079 0.239489 0.026008 0.999636 0.00711532 -0.000303814
-0.0415351 0.785036 -0.0174414 -1.5702 -0.00265889 0.785435 3.40688e-05 -0.653645 -0.0130665 -0.0900774 0.00975045 -0.0073352 -1.65892e-05 -8.32596e-14 -0.48 -0.152138 0.0695289 -0.0101814 0.201988 0.185541 -0.0899493 9.01199e-12 2.08331e-12 4.87901e-12 1.17975e-13 -6.08642e-13 1.04117e-14 -0.55799 0.0311072 0.239489 0.0260073 0.999636 0.00711532 -0.000303819
-0.0415338 0.785036 -0.0174414 -1.5702 -0.00265889 0.785435 3.40688e-05 -0.528617 -0.0105672 -0.0728476 0.0078854 -0.00593214 -1.34161e-05 -6.5574e-14 -0.48 -0.252136 0.119529 0.0398188 0.251988 0.165541 -0.0899493 8.81708e-12 2.06629e-12 4.76948e-12 1.14981e-13 -5.95534e-13 1.01801e-14 -0.55799 0.0311065 0.239489 0.0260067 0.999636 0.00711532 -0.000303824
-0.0415312 0.785036 -0.0174414 -1.5702 -0.00265889 0.785435 3.40688e-05 -0.382162 -0.00763944 -0.0526648 0.00570069 -0.0042886 -9.69903e-06 -4.3887e-14 -0.48 -0.252117 0.0695294 0.0898314 0.201988 0.165541 -0.0899493 6.94083e-13 7.226e-13 -2.08809e-12 6.73751e-14 7.13609e-13 1.0879e-14 -0.55799 0.031105 0.239489 0.0260054 0.999636 0.00711532 -0.000303833
-0.0415287 0.785037 -0.0174414 -1.5702 -0.00265889 0.785435 3.40688e-05 -0.200059 -0.00399923 -0.0275697 0.00298429 -0.00224506 -5.07741e-06 -2.02303e-14 -0.48 -0.14212 0.119529 0.0898314 0.251988 0.165541 -0.0899493 -5.04882e-12 3.0839e-12 -5.01714e-13 1.52684e-13 5.65062e-13 8.43798e-15 -0.55799 0.0311036 0.239488 0.0260041 0.999636 0.00711531 -0.000303214
-0.0415236 0.785037 -0.0174414 -1.5702 -0.00265889 0.785435 3.40688e-05 -0.0109659 -0.000219211 -0.00151119 0.000163579 -0.00012306 -2.78311e-07 6.5565e-15 -0.37 -0.252117 0.109529 0.0298319 0.251988 0.165541 -0.0899493 -4.86744e-12 2.94337e-12 -4.78527e-13 1.46246e-13 5.44619e-13 8.1279e-15 -0.55799 0.0311008 0.239488 0.0260016 0.999637 0.00711531 -0.000303232
-0.0414967 0.785037 -0.0174414 -1.5702 -0.00265889 0.785435 3.40688e-05 0.201309 0.00402421 0.027742 -0.00300294 0.00225909 5.10914e-06 3.66188e-14 -0.27 -0.14212 0.109529 0.0398312 0.151988 0.165541 -0.0899493 -4.65537e-12 2.80626e-12 -4.57178e-13 1.41708e-13 5.20839e-13 7.77141e-15 -0.557991 0.0310858 0.239488 0.0259882 0.999637 0.0071153 -0.000303327
-0.0413126 0.785037 -0.0174414 -1.5702 -0.00265889 0.785435 3.40688e-05 0.385976 0.00771574 0.0531905 -0.00575762 0.00433142 9.7959e-06 6.27072e-14 -0.16 -0.152119 0.109529 0.0298319 0.201988 0.185541 -0.0899493 -4.43082e-12 2.65331e-12 -4.37681e-13 1.32401e-13 4.9573e-13 7.39734e-15 -0.557997 0.0309831 0.239488 0.0258961 0.999639 0.00711527 -0.000303982
-0.040777 0.785037 -0.0174414 -1.5702 -0.00265889 0.785435 3.40688e-05 0.502699 0.010049 0.0692757 -0.00749877 0.00564127 1.27583e-05 7.90301e-14 0.04 -0.152119 0.159529 0.0298319 0.251988 0.165541 -0.0899493 -4.18797e-12 2.51563e-12 -4.09966e-13 1.26691e-13 4.68602e-13 6.99409e-15 -0.558013 0.0306842 0.239488 0.0256284 0.999646 0.00711519 -0.000305888
-0.0400036 0.785037 -0.0174414 -1.5702 -0.00265889 0.785435 3.40688e-05 0.578295 0.0115602 0.0796935 -0.00862644 0.00648962 1.46769e-05 8.94322e-14 0.25 -0.152119 0.109529 0.0798311 0.151988 0.185541 -0.0899493 -3.93233e-12 2.33397e-12 -3.85571e-13 1.15638e-13 4.39911e-13 6.56323e-15 -0.558037 0.0302526 0.239488 0.0252419 0.999656 0.00711507 -0.000308639
-0.0391715 0.785037 -0.0174401 -1.5702 -0.00265889 0.785435 3.40688e-05 0.678737 0.013567 0.0935351 -0.0101247 0.00761678 1.7226e-05 1.23108e-13 0.35 -0.14212 0.0695175 0.0398312 0.201988 0.185541 -0.0899493 3.21273e-13 -4.95068e-13 -2.32279e-13 -1.25021e-13 3.7155e-13 2.57907e-14 -0.558062 0.0297877 0.239488 0.0248255 0.999666 0.00711449 -0.000311609
-0.0387138 0.785037 -0.0174401 -1.5702 -0.00265889 0.785435 3.40688e-05 0.863292 0.017256 0.118968 -0.0128777 0.00968784 2.19099e-05 1.47518e-13 0.46 -0.152119 0.159517 0.0298319 0.201988 0.165541 -0.0699493 2.96124e-13 -4.63224e-13 -2.14422e-13 -1.15993e-13 3.41961e-13 2.37389e-14 -0.558075 0.0295323 0.239488 0.0245967 0.999672 0.00711442 -0.000313237
-0.0378919 0.785037 -0.0174401 -1.5702 -0.00265889 0.785435 3.40688e-05 0.97239 0.0194367 0.134003 -0.0145052 0.0109121 2.46788e-05 1.61015e-13 0.56 -0.14212 0.169517 0.0398312 0.151988 0.165541 -0.0899493 2.70816e-13 -4.20949e-13 -1.94224e-13 -1.04933e-13 3.10943e-13 2.15934e-14 -0.558099 0.0290735 0.239488 0.0241859 0.999682 0.00711429 -0.000316161
-0.0362058 0.785037 -0.0174401 -1.5702 -0.00265889 0.785435 3.40688e-05 0.909007 0.0181698 0.125268 -0.0135597 0.0102009 2.30702e-05 1.49514e-13 0.56 -0.252117 0.219517 0.0398312 0.201988 0.185541 -0.0899493 2.36649e-13 -3.80554e-13 -1.73156e-13 -9.4172e-14 2.7651e-13 1.91808e-14 -0.558147 0.0281325 0.239488 0.0233431 0.999702 0.00711402 -0.000322158
-0.034039 0.785037 -0.0174401 -1.5702 -0.00265889 0.785435 3.40688e-05 0.713824 0.0142683 0.0983703 -0.0106481 0.00801052 1.81165e-05 1.19216e-13 0.25 -0.152119 0.119517 0.0298319 0.201988 0.165541 -0.0899493 2.09853e-13 -3.43782e-13 -1.50361e-13 -8.2822e-14 2.43035e-13 1.6868e-14 -0.558207 0.0269231 0.239488 0.02226 0.999727 0.00711367 -0.000329865
-0.0320794 0.785039 -0.0174401 -1.5702 -0.00265889 0.785435 3.40688e-05 0.592847 0.0118502 0.0816988 -0.0088435 0.00665291 1.50462e-05 9.85717e-14 0.14 -0.252098 0.0195181 0.0398436 0.201988 0.16554 -0.0899493 1.86052e-12 -7.03423e-13 -1.95182e-13 -5.17123e-14 -5.91411e-14 1.35746e-14 -0.558259 0.0258291 0.239488 0.0212805 0.999748 0.00711334 -0.000336164
-0.0309992 0.785039 -0.0174401 -1.5702 -0.00265889 0.785435 3.40688e-05 0.709697 0.0141858 0.0978016 -0.0105865 0.00796419 1.80117e-05 1.12839e-13 0.46 -0.142101 0.169518 0.0398436 0.201988 0.16554 -0.0899493 1.51775e-12 -5.75796e-13 -1.59108e-13 -4.22752e-14 -4.81523e-14 1.10887e-14 -0.558286 0.0252261 0.239488 0.0207405 0.99976 0.00711315 -0.000340005
-0.0304175 0.785039 -0.0174401 -1.5702 -0.00265889 0.785435 3.40688e-05 0.927126 0.0185319 0.127765 -0.0138299 0.0104042 2.353e-05 1.41664e-13 0.35 -0.1521 0.119518 0.0398436 0.201988 0.16554 -0.0899493 1.19884e-12 -4.5993e-13 -1.24568e-13 -3.37974e-14 -3.81484e-14 8.74123e-15 -0.558301 0.0249013 0.239488 0.0204498 0.999766 0.00711306 -0.000342074
-0.0296518 0.785039 -0.0174401 -1.5702 -0.00265889 0.785435 3.40688e-05 1.10488 0.0220849 0.15226 -0.0164815 0.0123989 2.80412e-05 1.64767e-13 0.56 -0.252098 0.219518 0.0798435 0.201988 0.16554 -0.0899493 8.71976e-13 -3.38928e-13 -9.04004e-14 -2.4425e-14 -2.77444e-14 6.35924e-15 -0.55832 0.0244738 0.239488 0.020067 0.999773 0.00711292 -0.000344797
-0.0278647 0.785039 -0.0174401 -1.5702 -0.00265889 0.785435 3.40688e-05 1.03703 0.0207287 0.14291 -0.0154694 0.0116375 2.63193e-05 1.52632e-13 0.35 -0.142101 0.119518 0.0398436 0.201988 0.16554 -0.0899493 5.41456e-13 -2.17814e-13 -5.61415e-14 -1.58609e-14 -1.72135e-14 3.95202e-15 -0.558363 0.023476 0.239488 0.0191736 0.999791 0.00711261 -0.000351153
-0.0251816 0.785039 -0.0174401 -1.5702 -0.00265889 0.785435 3.40688e-05 0.782401 0.0156391 0.107821 -0.0116711 0.00878008 1.9857e-05 1.13509e-13 0.56 -0.252098 0.159518 0.0298443 0.251988 0.16554 -0.0899493 1.82761e-13 -8.56777e-14 -1.89756e-14 -6.29273e-15 -5.81219e-15 1.3353e-15 -0.558424 0.0219778 0.239488 0.0178323 0.999816 0.00711214 -0.000360695
-0.0228244 0.785039 -0.0174401 -1.5702 -0.00265889 0.785435 3.40688e-05 0.578633 0.0115661 0.0797401 -0.00863148 0.0064934 1.46854e-05 8.18657e-14 0.46 -0.252098 0.0695181 0.0298443 0.201988 0.16554 -0.0899493 -1.49994e-13 4.1011e-14 1.57546e-14 2.95896e-15 4.75501e-15 -1.09363e-15 -0.558474 0.0206614 0.239488 0.0166539 0.999836 0.00711171 -0.000369077
-0.0216253 0.785039 -0.0174388 -1.5702 -0.00265889 0.785435 3.40688e-05 0.672313 0.0134375 0.0926499 -0.0100289 0.00754468 1.7063e-05 1.18812e-11 0.46 -0.152096 0.0195061 -0.0101566 0.201987 0.16554 -0.0899493 9.29579e-14 -6.62675e-14 2.91565e-13 -1.58917e-15 -6.39146e-14 -4.37801e-15 -0.558498 0.0199912 0.239488 0.016054 0.999846 0.00711103 -0.000373346
-0.0215102 0.785039 -0.0174401 -1.5702 -0.00265889 0.785435 3.40688e-05 1.01277 0.0202439 0.139568 -0.0151076 0.0113653 2.57037e-05 1.39178e-13 0.56 -0.1521 0.159518 0.0298443 0.151988 0.16554 -0.0899493 -8.2565e-13 3.00852e-13 8.55038e-14 2.1968e-14 2.62192e-14 -6.02452e-15 -0.558501 0.0199275 0.239488 0.015997 0.999847 0.00711146 -0.00037375
-0.0209887 0.785039 -0.0174401 -1.5702 -0.00265889 0.785435 3.40688e-05 1.2508 0.0250016 0.172369 -0.0186581 0.0140364 3.17446e-05 1.70917e-13 0.56 -0.1521 0.209518 0.0398436 0.201988 0.18554 -0.0899493 -1.15114e-12 4.2027e-13 1.21033e-13 3.06865e-14 3.64926e-14 -8.41066e-15 -0.558511 0.0196362 0.239488 0.0157362 0.999851 0.00711136 -0.000375604
-0.0187913 0.78504 -0.0174401 -1.5702 -0.00265889 0.785435 3.40688e-05 1.1029 0.0220456 0.151988 -0.0164521 0.0123768 2.79913e-05 1.48176e-13 0.56 -0.1521 0.169518 -0.0101566 0.251988 0.16554 -0.0899493 1.15763e-12 5.85088e-13 1.33154e-12 5.13091e-14 1.159e-13 -9.94019e-15 -0.558553 0.0184088 0.239487 0.0146377 0.999867 0.00711094 -0.000382824
-0.0158869 0.78504 -0.0174401 -1.5702 -0.00265889 0.785435 3.40688e-05 0.746753 0.0149265 0.102908 -0.0111393 0.00838003 1.89522e-05 9.49092e-14 0.46 -0.252079 0.109519 0.0898552 0.201987 0.18554 -0.0899493 7.78346e-13 6.3179e-14 3.95154e-13 5.46074e-14 -2.55858e-13 -1.21483e-14 -0.558604 0.0167865 0.239487 0.0131857 0.999888 0.00711038 -0.00039315
-0.0134709 0.78504 -0.0174388 -1.5702 -0.00265889 0.785435 3.40688e-05 0.50243 0.0100421 0.0692385 -0.00749474 0.00563825 1.27514e-05 8.86777e-12 0.46 -0.152081 0.0695067 0.039855 0.201987 0.16554 -0.0899493 -2.74502e-13 -1.40202e-12 -1.29533e-12 -7.72882e-14 9.45907e-14 -1.44586e-14 -0.558643 0.0154363 0.239487 0.0119773 0.999903 0.00710945 -0.000401743
-0.0125863 0.78504 -0.0174388 -1.5702 -0.00265889 0.785435 3.40688e-05 0.622222 0.0124363 0.0857468 -0.00928168 0.00698255 1.57917e-05 1.09835e-11 0.24 -0.252079 0.0695067 0.0298557 0.201987 0.18554 -0.0899493 -3.19219e-13 -1.604e-12 -1.47829e-12 -8.89714e-14 1.08421e-13 -1.65027e-14 -0.558656 0.0149422 0.239487 0.0115351 0.999908 0.00710927 -0.000404887
-0.0125927 0.78504 -0.0174401 -1.5702 -0.00265889 0.785435 3.40688e-05 0.948319 0.0189555 0.130685 -0.0141461 0.010642 2.40678e-05 1.17786e-13 0.35 -0.152081 0.109519 0.039855 0.201987 0.16554 -0.0899493 1.16694e-12 6.74456e-14 5.93628e-13 8.03798e-14 -3.82848e-13 -1.81683e-14 -0.558656 0.0149463 0.239487 0.0115387 0.999908 0.00710972 -0.000404861
-0.0121415 0.78504 -0.0174388 -1.5702 -0.00265889 0.785435 3.40688e-05 1.15188 0.0230225 0.158737 -0.0171826 0.0129263 2.92341e-05 2.03431e-11 0.67 -0.152081 0.219507 0.0898552 0.201987 0.16554 -0.0899493 -3.92802e-13 -1.9588e-12 -1.82687e-12 -1.08548e-13 1.3382e-13 -2.03878e-14 -0.558663 0.0146936 0.239487 0.0113127 0.999911 0.00710918 -0.000406468
-0.0106164 0.78504 -0.0174388 -1.5702 -0.00265889 0.785435 3.40688e-05 1.07935 0.0215729 0.148742 -0.0161006 0.0121124 2.73933e-05 1.90591e-11 0.56 -0.252079 0.159507 0.079855 0.201987 0.16554 -0.0899493 -4.25937e-13 -2.16177e-12 -1.98953e-12 -1.19915e-13 1.45643e-13 -2.22135e-14 -0.558684 0.0138416 0.239487 0.0105502 0.999919 0.00710887 -0.000411889
-0.00813521 0.78504 -0.0174388 -1.5702 -0.00265889 0.785435 3.40688e-05 0.781051 0.0156108 0.107635 -0.0116509 0.00876492 1.98227e-05 1.37838e-11 0.25 -0.142082 0.0695067 0.0898552 0.201987 0.16554 -0.0899493 -4.65386e-13 -2.32873e-12 -2.15775e-12 -1.27534e-13 1.58197e-13 -2.40864e-14 -0.558717 0.0124554 0.239487 0.0093097 0.999931 0.00710835 -0.000420708
-0.00602982 0.78504 -0.0174388 -1.5702 -0.00265889 0.785435 3.40688e-05 0.535546 0.0107039 0.0738022 -0.00798873 0.00600987 1.35919e-05 9.44195e-12 0.14 -0.142082 0.0195067 0.039855 0.201987 0.18554 -0.0899493 -4.91586e-13 -2.51974e-12 -2.30081e-12 -1.37915e-13 1.68515e-13 -2.57219e-14 -0.558742 0.011279 0.239487 0.00825707 0.999941 0.00710791 -0.000428191
-0.00525388 0.78504 -0.0174388 -1.5702 -0.00265889 0.785435 3.40688e-05 0.598071 0.0119536 0.0824186 -0.00892142 0.00671153 1.51787e-05 1.05458e-11 0.25 -0.152081 0.0195067 0.039855 0.201987 0.16554 -0.109949 -5.2721e-13 -2.64446e-12 -2.44122e-12 -1.45794e-13 1.79057e-13 -2.7256e-14 -0.558751 0.0108455 0.239487 0.00786913 0.999944 0.00710774 -0.000430948
-0.00523215 0.78504 -0.0174388 -1.5702 -0.00265889 0.785435 3.40688e-05 0.827141 0.016532 0.113986 -0.0123385 0.00928214 2.09924e-05 1.4594e-11 0.35 -0.252079 0.169507 0.079855 0.201987 0.16554 -0.0899493 -5.52348e-13 -2.77707e-12 -2.56563e-12 -1.51621e-13 1.88237e-13 -2.86826e-14 -0.558751 0.0108333 0.239487 0.00785826 0.999944 0.00710773 -0.000431026
-0.00512094 0.78504 -0.0174388 -1.5702 -0.00265889 0.785435 3.40688e-05 1.02397 0.020466 0.141111 -0.0152745 0.011491 2.59878e-05 1.80856e-11 0.56 -0.25206 0.119507 0.0898676 0.201987 0.18554 -0.0899493 -6.83601e-12 1.87835e-12 -3.18259e-12 2.19216e-13 3.84245e-13 -1.67759e-14 -0.558752 0.0107712 0.239487 0.00780266 0.999944 0.00710771 -0.000431421
-0.0044038 0.785041 -0.0174388 -1.5702 -0.00265889 0.785435 3.40688e-05 1.04414 0.0208692 0.14389 -0.0155754 0.0117173 2.64997e-05 1.84375e-11 0.56 -0.152061 0.159507 0.0398674 0.201987 0.16554 -0.0899493 -5.62261e-12 1.40652e-13 -2.63329e-12 2.56735e-13 6.6375e-13 -2.13939e-14 -0.55876 0.0103705 0.239486 0.0074441 0.999947 0.00710756 -0.000433332
-0.00315233 0.785041 -0.0174388 -1.5702 -0.00265889 0.785435 3.40688e-05 0.926872 0.0185254 0.12773 -0.0138261 0.0104013 2.35235e-05 1.63635e-11 0.45 -0.152061 0.119507 0.0298681 0.151987 0.16554 -0.0899493 -5.83054e-12 1.64334e-13 -2.73109e-12 2.67917e-13 6.88236e-13 -2.21793e-14 -0.558772 0.00967122 0.239486 0.0068184 0.999951 0.00710729 -0.00043778
-0.00198393 0.785041 -0.0174388 -1.5702 -0.00265889 0.785435 3.40688e-05 0.794123 0.0158721 0.109436 -0.0118459 0.0089116 2.01544e-05 1.40161e-11 0.46 -0.25206 0.0195072 0.0298681 0.201987 0.16554 -0.0899493 -5.99343e-12 1.44343e-13 -2.80479e-12 2.73541e-13 7.07639e-13 -2.28155e-14 -0.558783 0.00901834 0.239486 0.00623423 0.999955 0.00710703 -0.000441932
-0.00150329 0.785041 -0.0174388 -1.5702 -0.00265889 0.785435 3.40688e-05 0.807749 0.0161444 0.111314 -0.0120492 0.00906452 2.05002e-05 1.42564e-11 0.46 -0.25206 0.119507 0.0398674 0.201987 0.16554 -0.0899493 -6.13757e-12 1.8315e-13 -2.87722e-12 2.80012e-13 7.24636e-13 -2.33617e-14 -0.558787 0.00874977 0.239486 0.00599392 0.999957 0.00710692 -0.00044364
-0.00143171 0.785041 -0.0174388 -1.5702 -0.00265889 0.785435 3.40688e-05 0.899177 0.0179718 0.123913 -0.013413 0.0100905 2.28206e-05 1.58723e-11 0.46 -0.25206 0.169507 0.0298681 0.201987 0.16554 -0.0899493 -6.25551e-12 1.99248e-13 -2.93205e-12 2.86731e-13 7.38615e-13 -2.38157e-14 -0.558788 0.00870977 0.239486 0.00595813 0.999957 0.00710691 -0.000443894
-0.00131793 0.785041 -0.0174388 -1.5702 -0.00265889 0.785435 3.40688e-05 0.963671 0.0192608 0.132801 -0.014375 0.0108143 2.44574e-05 1.7012e-11 0.45 -0.152061 0.109507 0.0298681 0.151987 0.16554 -0.0899493 -6.35523e-12 1.90719e-13 -2.98162e-12 2.89687e-13 7.50444e-13 -2.42004e-14 -0.558789 0.00864619 0.239486 0.00590125 0.999957 0.00710688 -0.000444298
-0.000929335 0.785041 -0.0174388 -1.5702 -0.00265889 0.785435 3.40688e-05 0.932375 0.0186353 0.128488 -0.0139082 0.0104631 2.36632e-05 1.64585e-11 0.45 -0.152061 0.119507 0.0398674 0.201987 0.18554 -0.0899493 -6.42814e-12 1.48382e-13 -3.01138e-12 2.93804e-13 7.58922e-13 -2.44656e-14 -0.558792 0.00842905 0.239486 0.00570696 0.999958 0.00710679 -0.000445679
-0.000416715 0.785041 -0.0174388 -1.5702 -0.00265889 0.785435 3.40688e-05 0.84672 0.0169234 0.116684 -0.0126305 0.00950185 2.14893e-05 1.49441e-11 0.56 -0.152061 0.119507 0.0298681 0.201987 0.16554 -0.0899493 -6.46626e-12 2.2302e-13 -3.03546e-12 2.96325e-13 7.6363e-13 -2.46304e-14 -0.558796 0.0081426 0.239486 0.00545066 0.99996 0.00710668 -0.000447501
-0.000200695 0.785041 -0.0174388 -1.5702 -0.00265889 0.785435 3.40688e-05 0.806332 0.0161161 0.111118 -0.012028 0.00904861 2.04643e-05 1.42301e-11 0.46 -0.152061 0.119507 0.0398674 0.151987 0.18554 -0.0899493 -6.47985e-12 2.83752e-13 -3.04517e-12 3.01532e-13 7.65237e-13 -2.4682e-14 -0.558798 0.00802189 0.239486 0.00534265 0.99996 0.00710663 -0.000448268
-0.000200695 0.785041 -0.0174388 -1.5702 -0.00265889 0.785435 3.40688e-05 0.793451 0.0158587 0.109343 -0.0118359 0.00890406 2.01374e-05 1.40024e-11 0.35 -0.152061 0.0695072 0.129868 0.201987 0.16554 -0.0899493 -6.46769e-12 1.92334e-13 -3.03338e-12 2.95302e-13 7.63721e-13 -2.46283e-14 -0.558798 0.00802189 0.239486 0.00534265 0.99996 0.00710663 -0.000448268
-0.000200695 0.785041 -0.0174388 -1.5702 -0.00265889 0.785435 3.40688e-05 0.755345 0.015097 0.104092 -0.0112675 0.00847644 1.91702e-05 1.33289e-11 0.35 -0.25206 0.119507 0.0398674 0.201987 0.16554 -0.0899493 -6.42526e-12 1.79905e-13 -3.01114e-12 2.91793e-13 7.58736e-13 -2.44695e-14 -0.558798 0.00802189 0.239486 0.00534265 0.99996 0.00710663 -0.000448268
-0.000200695 0.785041 -0.0174388 -1.5702 -0.00265889 0.785435 3.40688e-05 0.689259 0.0137762 0.0949849 -0.0102817 0.00773483 1.7493e-05 1.21609e-11 0.35 -0.152061 0.119507 0.0298681 0.201987 0.16554 -0.0899493 -6.35623e-12 1.95185e-13 -2.97933e-12 2.92914e-13 7.50454e-13 -2.4194e-14 -0.558798 0.00802189 0.239486 0.00534265 0.99996 0.00710663 -0.000448268
-0.000200695 0.785041 -0.0174388 -1.5702 -0.00265889 0.785435 3.40688e-05 0.60424 0.0120769 0.0832687 -0.00901344 0.00678075 1.53353e-05 1.06582e-11 0.35 -0.152061 0.109507 0.0398674 0.251987 0.18554 -0.0899493 -6.26201e-12 1.0241e-13 -2.93277e-12 2.82754e-13 7.39368e-13 -2.38396e-14 -0.558798 0.00802189 0.239486 0.00534265 0.99996 0.00710663 -0.000448268
-0.000200695 0.785041 -0.0174388 -1.5702 -0.00265889 0.785435 3.40688e-05 0.496657 0.00992665 0.0684429 -0.00740861 0.00557345 1.26049e-05 8.75675e-12 0.35 -0.142063 0.109507 -0.0101328 0.251987 0.16554 -0.0899493 -6.14912e-12 1.12445e-13 -2.87521e-12 2.79468e-13 7.25842e-13 -2.33911e-14 -0.558798 0.00802189 0.239486 0.00534265 0.99996 0.00710663 -0.000448268
-0.000200695 0.785041 -0.0174388 -1.5702 -0.00265889 0.785435 3.40688e-05 0.355606 0.00710748 0.0490051 -0.00530456 0.00399059 9.02508e-06 6.26377e-12 0.35 -0.142063 0.0695072 0.0398674 0.151987 0.16554 -0.0899493 -5.98561e-12 2.29854e-13 -2.81131e-12 2.78156e-13 7.06902e-13 -2.28031e-14 -0.558798 0.00802189 0.239486 0.00534265 0.99996 0.00710663 -0.000448268
-0.000201969 0.785041 -0.0174388 -1.5702 -0.00265889 0.785435 3.40688e-05 0.196289 0.00392323 0.0270501 -0.00292804 0.00220275 4.98172e-06 3.44796e-12 0.24 -0.152061 0.109507 -0.0101328 0.201987 0.16554 -0.0899493 -5.81686e-12 1.34105e-13 -2.72173e-12 2.64361e-13 6.86732e-13 -2.21377e-14 -0.558798 0.0080226 0.239486 0.00534329 0.99996 0.00710663 -0.000448264
-0.000201969 0.785041 -0.0174388 -1.5702 -0.00265889 0.785435 3.40688e-05 0.0214156 0.000428033 0.00295123 -0.000319456 0.000240325 5.43517e-07 3.57188e-13 0.35 -0.25206 0.109507 0.0298681 0.201987 0.16554 -0.0899493 -5.6252e-12 1.72317e-13 -2.63651e-12 2.5935e-13 6.64108e-13 -2.14087e-14 -0.558798 0.0080226 0.239486 0.00534329 0.99996 0.00710663 -0.000448264
-0.000205809 0.785041 -0.0174401 -1.5702 -0.00265889 0.785435 3.40688e-05 -0.189962 -0.00379707 -0.0261782 0.00283366 -0.00213174 -4.82113e-06 -5.29963e-14 0.24 -0.152061 0.109519 0.0298681 0.201987 0.16554 -0.0899493 -1.24207e-12 3.89063e-13 -7.31896e-13 1.07491e-14 2.67728e-13 -2.57642e-14 -0.558798 0.00802531 0.239486 0.00534566 0.99996 0.00710708 -0.000448249
-0.000281225 0.785041 -0.0174401 -1.5702 -0.00265889 0.785435 3.40688e-05 -0.387688 -0.00774932 -0.0534262 0.00578313 -0.00435061 -9.83931e-06 -8.02103e-14 0.14 -0.152061 0.109519 0.0298681 0.201987 0.16554 -0.0899493 -1.18946e-12 3.7301e-13 -7.01103e-13 1.02784e-14 2.56121e-13 -2.46331e-14 -0.558798 0.00806746 0.239486 0.00538336 0.99996 0.0071071 -0.000447981
-0.000588019 0.785041 -0.0174401 -1.5702 -0.00265889 0.785435 3.40688e-05 -0.547483 -0.0109434 -0.0754471 0.00816679 -0.00614382 -1.38948e-05 -1.01889e-13 -0.06 -0.142063 0.0695192 0.0398674 0.201987 0.16554 -0.0899493 -1.12391e-12 3.38137e-13 -6.61932e-13 8.49935e-15 2.4286e-13 -2.34048e-14 -0.558795 0.00823889 0.239486 0.00553675 0.999959 0.00710717 -0.000446891
-0.00120799 0.785041 -0.0174401 -1.5702 -0.00265889 0.785435 3.40688e-05 -0.648436 -0.0129613 -0.0893593 0.00967271 -0.00727672 -1.6457e-05 -1.15041e-13 -0.27 -0.152061 0.0695192 0.0398674 0.201987 0.16554 -0.0699493 -1.07035e-12 3.49811e-13 -6.31197e-13 9.92147e-15 2.29922e-13 -2.20842e-14 -0.55879 0.00858533 0.239486 0.00584673 0.999958 0.00710731 -0.000444688
-0.002021 0.785041 -0.0174401 -1.5702 -0.00265889 0.785435 3.40688e-05 -0.741107 -0.0148137 -0.10213 0.0110551 -0.00831666 -1.88089e-05 -1.26802e-13 -0.27 -0.25206 0.119519 0.0298681 0.251987 0.18554 -0.0899493 -9.93835e-13 3.20483e-13 -5.87883e-13 8.69866e-15 2.13845e-13 -2.05602e-14 -0.558783 0.00903963 0.239486 0.00625322 0.999955 0.00710749 -0.000441799
-0.0025694 0.785041 -0.0174401 -1.5702 -0.00265889 0.785435 3.40688e-05 -0.89299 -0.0178496 -0.123061 0.0133207 -0.0100211 -2.26636e-05 -1.47079e-13 -0.37 -0.152061 0.109519 0.0298681 0.251987 0.16554 -0.0899493 -9.19453e-13 2.83617e-13 -5.42687e-13 7.50361e-15 1.98121e-13 -1.90645e-14 -0.558778 0.00934606 0.239486 0.0065274 0.999953 0.00710761 -0.00043985
-0.00326609 0.785041 -0.0174401 -1.5702 -0.00265889 0.785435 3.40688e-05 -1.02305 -0.0204492 -0.140984 0.0152608 -0.0114806 -2.59644e-05 -1.64153e-13 -0.58 -0.25206 0.0695192 0.0298681 0.201987 0.16554 -0.0899493 -8.46661e-13 2.64643e-13 -5.01086e-13 6.39897e-15 1.82024e-13 -1.74935e-14 -0.558771 0.00973535 0.239486 0.00687573 0.999951 0.00710776 -0.000437374
-0.004763 0.785041 -0.0174401 -1.5702 -0.00265889 0.785435 3.40688e-05 -0.983614 -0.019661 -0.135549 0.0146726 -0.0110381 -2.49636e-05 -1.56793e-13 -0.37 -0.25206 0.109519 0.0298681 0.251987 0.16554 -0.0899493 -7.62971e-13 2.36412e-13 -4.49716e-13 5.89071e-15 1.64174e-13 -1.57867e-14 -0.558756 0.0105718 0.239486 0.00762415 0.999946 0.00710809 -0.000432054
-0.00695404 0.785041 -0.0174414 -1.5702 -0.00265889 0.785435 3.40688e-05 -0.801412 -0.0160203 -0.11044 0.0119546 -0.0089934 -2.03394e-05 -1.1422e-13 -0.16 -0.152061 0.169531 0.0298681 0.191987 0.16554 -0.0899493 -2.2808e-12 4.2432e-13 -1.2256e-12 1.26258e-13 1.34855e-13 6.01445e-16 -0.558731 0.0117966 0.239486 0.00872005 0.999937 0.00710901 -0.000424264
-0.00893415 0.785041 -0.0174414 -1.5702 -0.00265889 0.785435 3.40688e-05 -0.654982 -0.0130932 -0.0902613 0.00977035 -0.00735017 -1.66231e-05 -9.33164e-14 -0.27 -0.152061 0.159531 0.0398674 0.201987 0.16554 -0.0899493 -1.98987e-12 3.71387e-13 -1.07169e-12 1.10129e-13 1.17613e-13 5.25328e-16 -0.558707 0.0129029 0.239486 0.00971004 0.999927 0.00710942 -0.000417226
-0.0102265 0.785041 -0.0174414 -1.5702 -0.00265889 0.785435 3.40688e-05 -0.685707 -0.0137074 -0.0944955 0.0102287 -0.00769497 -1.74029e-05 -9.77968e-14 -0.48 -0.25206 0.119531 0.0898676 0.251987 0.16554 -0.0899493 -1.69382e-12 3.06039e-13 -9.12692e-13 9.27306e-14 1.00119e-13 4.47143e-16 -0.55869 0.0136249 0.239486 0.0103562 0.999921 0.00710969 -0.000412632
-0.0112926 0.785043 -0.0174414 -1.5702 -0.00265889 0.785435 3.40688e-05 -0.80821 -0.0161563 -0.111377 0.0120561 -0.00906971 -2.05121e-05 -1.14643e-13 -0.27 -0.152061 0.219531 0.0298681 0.201987 0.16554 -0.0899493 3.50055e-12 2.60531e-13 1.78262e-12 1.10034e-14 -2.40375e-13 1.14554e-15 -0.558675 0.0142206 0.239485 0.0108892 0.999915 0.00710991 -0.000408179
-0.0119165 0.785041 -0.0174414 -1.5702 -0.00265889 0.785435 3.40688e-05 -1.01685 -0.0203268 -0.140129 0.0151682 -0.011411 -2.58069e-05 -1.45635e-13 -0.58 -0.252041 0.0695317 0.08988 0.201987 0.165539 -0.0899493 -3.27858e-13 1.32682e-13 -9.64351e-13 4.9166e-14 1.17803e-13 5.27235e-17 -0.558666 0.0145691 0.239486 0.0112011 0.999912 0.00711004 -0.000406624
-0.0131897 0.785043 -0.0174414 -1.5702 -0.00265889 0.785435 3.40688e-05 -1.08659 -0.0217211 -0.14974 0.0162086 -0.0121936 -2.75771e-05 -1.55056e-13 -0.58 -0.25206 0.0195311 0.0798674 0.201987 0.16554 -0.0899493 1.87498e-12 1.3959e-13 9.55025e-13 5.77409e-15 -1.28763e-13 6.1379e-16 -0.558647 0.0152804 0.239485 0.0118376 0.999905 0.00711029 -0.000401435
-0.0151928 0.785043 -0.0174414 -1.5702 -0.00265889 0.785435 3.40688e-05 -0.966814 -0.0193267 -0.133234 0.0144219 -0.0108495 -2.45372e-05 -1.38243e-13 -0.27 -0.152042 0.209532 0.0398798 0.251987 0.165539 -0.0899493 2.41752e-13 7.33088e-14 1.83423e-13 9.81395e-15 -1.50978e-14 2.67636e-16 -0.558615 0.0163994 0.239485 0.0128391 0.999892 0.00711069 -0.000394313
-0.0174912 0.785043 -0.0174414 -1.5702 -0.00265889 0.785435 3.40688e-05 -0.776849 -0.0155294 -0.107056 0.0115883 -0.00871778 -1.97161e-05 -1.11213e-13 -0.27 -0.25206 0.219531 0.0798674 0.251987 0.16554 -0.0899493 2.53136e-13 1.99291e-14 1.28643e-13 8.05681e-16 -1.74229e-14 8.26305e-17 -0.558576 0.0176832 0.239485 0.0139881 0.999877 0.00711114 -0.000386141
-0.0192272 0.785043 -0.0174414 -1.5702 -0.00265889 0.785435 3.40688e-05 -0.724713 -0.0144871 -0.0998707 0.0108105 -0.00813268 -1.83928e-05 -1.03966e-13 -0.27 -0.152042 0.209532 0.0798798 0.151987 0.165539 -0.0899493 -1.26706e-13 -3.7512e-14 -9.46076e-14 -5.35702e-15 7.87485e-15 -1.39881e-16 -0.558544 0.0186529 0.239485 0.014856 0.999864 0.00711147 -0.000379969
-0.0200964 0.785043 -0.0174414 -1.5702 -0.00265889 0.785435 3.40688e-05 -0.912809 -0.0182472 -0.125792 0.0136163 -0.0102435 -2.31791e-05 4.68928e-12 -0.58 -0.252041 0.069532 0.0298805 0.251987 0.165539 -0.0899493 -6.69772e-13 6.91041e-14 -4.79995e-13 2.79698e-14 7.6162e-14 -1.71534e-15 -0.558528 0.0191384 0.239485 0.0152906 0.999858 0.00711164 -0.000376878
-0.0206218 0.785043 -0.0174414 -1.5702 -0.00266095 0.785435 3.40688e-05 -1.15199 -0.0230284 -0.158752 0.0171841 -0.0129275 -2.9221e-05 -6.25422e-12 -0.69 -0.152042 0.0195317 0.0798798 0.201987 0.185539 -0.0899493 1.7838e-12 2.62486e-13 2.01628e-13 2.28821e-14 -5.69726e-15 -2.72659e-15 -0.558518 0.0194319 0.239485 0.0155525 0.999854 0.00711246 -0.000374993
-0.0220433 0.785043 -0.0174414 -1.5702 -0.00266095 0.785435 3.40688e-05 -1.16887 -0.0233658 -0.161078 0.0174359 -0.0131169 -2.96652e-05 -1.50873e-13 -0.48 -0.252041 0.069532 0.0298805 0.201987 0.165539 -0.0899493 4.49959e-13 2.67951e-14 9.77608e-14 -2.71132e-14 4.59975e-14 1.78603e-14 -0.55849 0.0202259 0.239485 0.0162632 0.999842 0.00711273 -0.000369938
-0.0245041 0.785043 -0.0174414 -1.5702 -0.00266095 0.785435 3.40688e-05 -0.954861 -0.0190878 -0.131587 0.0142436 -0.0107154 -2.42338e-05 -1.15004e-13 -0.37 -0.252041 0.169532 -0.0101204 0.201987 0.165539 -0.0899493 5.74301e-13 1.05177e-14 1.26344e-13 -3.59014e-14 5.88675e-14 2.28358e-14 -0.558438 0.0216001 0.239485 0.0174933 0.999822 0.00711318 -0.000361186
-0.0271987 0.785043 -0.0174414 -1.5702 -0.00266095 0.785435 3.40688e-05 -0.661682 -0.0132271 -0.0911844 0.00987027 -0.00742535 -1.67931e-05 -6.79898e-14 -0.48 -0.252041 0.159532 0.0298805 0.251987 0.165539 -0.0899493 6.92196e-13 3.7696e-14 1.51423e-13 -4.24751e-14 7.09571e-14 2.7528e-14 -0.558378 0.0231048 0.239485 0.0188404 0.999797 0.00711366 -0.000351602
-0.0288836 0.785043 -0.0174414 -1.5702 -0.00266095 0.785435 3.40688e-05 -0.619494 -0.0123837 -0.0853706 0.00924095 -0.00695191 -1.57224e-05 -5.71518e-14 -0.37 -0.252041 0.209532 0.08988 0.201987 0.165539 -0.0899493 8.13611e-13 4.07892e-14 1.79186e-13 -4.84846e-14 8.30246e-14 3.22759e-14 -0.558338 0.0240456 0.239485 0.0196826 0.999781 0.00711395 -0.000345609
-0.0291878 0.785043 -0.0174414 -1.5702 -0.00266095 0.785435 3.40688e-05 -0.876874 -0.0175288 -0.120839 0.0130803 -0.00984022 -2.22546e-05 -9.00419e-14 -0.48 -0.152042 0.109532 0.0298805 0.201987 0.165539 -0.0899493 9.17823e-13 3.4754e-14 2.00629e-13 -5.72621e-14 9.42429e-14 3.65402e-14 -0.558331 0.0242154 0.239485 0.0198347 0.999778 0.007114 -0.000344527
-0.0294269 0.785043 -0.0174414 -1.5702 -0.00266095 0.785435 3.40688e-05 -1.13897 -0.0227682 -0.156959 0.01699 -0.0127815 -2.89065e-05 -1.23757e-13 -0.58 -0.152042 0.069532 0.0398798 0.201987 0.165539 -0.0899493 1.02305e-12 5.30294e-14 2.24885e-13 -6.24596e-14 1.04725e-13 4.06604e-14 -0.558325 0.0243489 0.239485 0.0199542 0.999776 0.00711405 -0.000343677
-0.0308368 0.785043 -0.0174414 -1.5702 -0.00266095 0.785435 3.40688e-05 -1.12664 -0.0225217 -0.155259 0.016806 -0.0126431 -2.85935e-05 -1.17708e-13 -0.37 -0.252041 0.109532 0.0398798 0.201987 0.165539 -0.0899493 1.13298e-12 4.13669e-14 2.50257e-13 -6.96748e-14 1.15517e-13 4.49292e-14 -0.55829 0.0251361 0.239485 0.0206591 0.999761 0.00711429 -0.000338661
-0.0331762 0.785043 -0.0174414 -1.5702 -0.00266095 0.785435 3.40688e-05 -0.859847 -0.0171884 -0.118493 0.0128263 -0.00964914 -2.18224e-05 -7.52794e-14 -0.27 -0.142044 0.169532 0.0798798 0.201987 0.165539 -0.0899493 1.23118e-12 2.82177e-14 2.70138e-13 -7.79536e-14 1.25617e-13 4.88447e-14 -0.55823 0.0264421 0.239485 0.0218284 0.999736 0.00711468 -0.00033034
-0.03538 0.785043 -0.0174414 -1.5702 -0.00266095 0.785435 3.40688e-05 -0.620681 -0.0124075 -0.0855342 0.00925866 -0.00696524 -1.57525e-05 -3.69091e-14 -0.27 -0.152042 0.209532 0.0298805 0.201987 0.165539 -0.0899493 1.32462e-12 3.75921e-14 2.90979e-13 -8.33389e-14 1.35771e-13 5.26899e-14 -0.55817 0.0276722 0.239485 0.02293 0.999712 0.00711504 -0.0003225
-0.0360626 0.785043 -0.0174414 -1.5702 -0.00266095 0.785435 3.40688e-05 -0.714104 -0.014275 -0.0984086 0.0106523 -0.00801363 -1.81236e-05 -4.70508e-14 -0.37 -0.152042 0.169532 0.0398798 0.201987 0.165539 -0.0899493 1.4104e-12 2.27499e-14 3.09568e-13 -8.87451e-14 1.44254e-13 5.60344e-14 -0.558151 0.0280532 0.239485 0.0232712 0.999704 0.00711515 -0.000320071
-0.0360613 0.785043 -0.0174414 -1.5702 -0.00266095 0.785435 3.40688e-05 -0.976033 -0.019511 -0.134504 0.0145594 -0.010953 -2.47712e-05 -8.14985e-14 -0.48 -0.152042 0.069532 0.0398798 0.201987 0.165539 -0.0899493 1.49558e-12 3.19559e-14 3.2922e-13 -9.29033e-14 1.52865e-13 5.93978e-14 -0.558151 0.0280525 0.239485 0.0232706 0.999704 0.00711515 -0.000320076
-0.0364141 0.785043 -0.0174414 -1.5702 -0.00266095 0.785435 3.40688e-05 -1.11316 -0.0222521 -0.153401 0.0166049 -0.0124918 -2.82513e-05 -9.84224e-14 -0.59 -0.142044 0.069532 0.0298805 0.151987 0.165539 -0.0699493 1.56078e-12 4.11183e-14 3.45147e-13 -9.76068e-14 1.60802e-13 6.22685e-14 -0.558141 0.0282495 0.239485 0.023447 0.9997 0.0071152 -0.000318821
-0.0374649 0.785043 -0.0174414 -1.5702 -0.00266095 0.785435 3.40688e-05 -1.06845 -0.0213585 -0.14724 0.015938 -0.0119901 -2.71167e-05 -8.92445e-14 -0.48 -0.152042 0.109532 0.0398798 0.201987 0.165539 -0.0899493 1.63461e-12 4.4435e-14 3.607e-13 -1.01216e-13 1.67405e-13 6.49932e-14 -0.558111 0.0288359 0.239485 0.0239722 0.999687 0.00711537 -0.000315082
-0.0389772 0.785043 -0.0174414 -1.5702 -0.00266095 0.785435 3.40688e-05 -0.896333 -0.0179178 -0.123521 0.0133705 -0.0100586 -2.27484e-05 -6.18622e-14 -0.48 -0.152042 0.159532 0.0298805 0.201987 0.165539 -0.0899493 1.69691e-12 2.53724e-15 3.78284e-13 -1.07955e-13 1.74044e-13 6.75289e-14 -0.558067 0.0296799 0.239485 0.0247281 0.999669 0.00711561 -0.000309702
-0.0400088 0.785043 -0.0174414 -1.5702 -0.00266095 0.785435 3.40688e-05 -0.805462 -0.0161013 -0.110998 0.012015 -0.00903883 -2.04422e-05 -4.66734e-14 -0.58 -0.252041 0.109532 0.0298805 0.201987 0.165539 -0.0899493 1.75556e-12 7.25974e-14 3.85174e-13 -1.09692e-13 1.78868e-13 6.95999e-14 -0.558036 0.0302556 0.239485 0.0252437 0.999656 0.00711576 -0.000306032
-0.0402759 0.785043 -0.0174414 -1.5702 -0.00266095 0.785435 3.40688e-05 -0.890163 -0.0177945 -0.122671 0.0132785 -0.00998935 -2.25918e-05 -5.69728e-14 -0.48 -0.152042 0.169532 0.0298805 0.251987 0.185539 -0.0899493 1.808e-12 1.06656e-13 3.93778e-13 -1.09757e-13 1.83529e-13 7.15277e-14 -0.558028 0.0304047 0.239485 0.0253772 0.999653 0.00711581 -0.000305081
-0.0402913 0.785043 -0.0174414 -1.5702 -0.00266095 0.785435 3.40688e-05 -1.00244 -0.020039 -0.138144 0.0149534 -0.0112494 -2.54415e-05 -7.16896e-14 -0.48 -0.252041 0.109532 0.0398798 0.201987 0.165539 -0.0899493 1.84548e-12 6.65418e-14 4.06075e-13 -1.13388e-13 1.87369e-13 7.30194e-14 -0.558028 0.0304132 0.239485 0.0253849 0.999652 0.00711581 -0.000305027
-0.0405277 0.785043 -0.0174414 -1.5702 -0.00266095 0.785435 3.40688e-05 -1.04157 -0.0208212 -0.143536 0.0155371 -0.0116885 -2.64346e-05 -7.60926e-14 -0.58 -0.152042 0.109532 0.0298805 0.151987 0.165539 -0.0899493 1.86125e-12 4.4588e-14 4.12628e-13 -1.17551e-13 1.91786e-13 7.4265e-14 -0.55802 0.0305452 0.239485 0.0255031 0.999649 0.00711584 -0.000304185
-0.0411784 0.785043 -0.0174414 -1.5702 -0.00266095 0.785435 3.40688e-05 -0.957164 -0.0191338 -0.131904 0.014278 -0.0107412 -2.42923e-05 -6.29495e-14 -0.48 -0.152042 0.109532 0.0298805 0.251987 0.165539 -0.0699493 1.90023e-12 1.23139e-13 4.11844e-13 -1.14723e-13 1.93098e-13 7.52229e-14 -0.558 0.0309083 0.239485 0.0258283 0.999641 0.00711594 -0.00030187
-0.0416143 0.785043 -0.0174414 -1.5702 -0.00266095 0.785435 3.40688e-05 -0.895675 -0.0179046 -0.12343 0.0133607 -0.0100512 -2.27317e-05 -5.3495e-14 -0.48 -0.252041 0.109532 0.0798798 0.251987 0.165539 -0.0899493 1.91083e-12 -5.03162e-15 4.23997e-13 -1.23334e-13 1.94887e-13 7.58011e-14 -0.557987 0.0311515 0.239485 0.0260462 0.999635 0.00711601 -0.000300319
-0.0416872 0.785043 -0.0174414 -1.5702 -0.00266095 0.785435 3.40688e-05 -0.899586 -0.0179828 -0.123969 0.0134191 -0.0100951 -2.2831e-05 -5.37805e-14 -0.48 -0.152042 0.109532 0.0798798 0.151987 0.165539 -0.0899493 1.91178e-12 1.19029e-14 4.21498e-13 -1.22381e-13 1.9608e-13 7.60802e-14 -0.557984 0.0311922 0.239485 0.0260826 0.999634 0.00711602 -0.00030006
-0.0416859 0.785043 -0.0174414 -1.5702 -0.00266095 0.785435 3.40688e-05 -0.898251 -0.0179561 -0.123785 0.0133992 -0.0100801 -2.27971e-05 -5.3609e-14 -0.48 -0.252041 0.109532 0.0798798 0.201987 0.165539 -0.0899493 1.9144e-12 8.61898e-14 4.18389e-13 -1.18208e-13 1.95785e-13 7.60591e-14 -0.557985 0.0311914 0.239485 0.026082 0.999634 0.00711602 -0.000300065
-0.0416846 0.785043 -0.0174414 -1.5702 -0.00266095 0.785435 3.40688e-05 -0.870561 -0.0174026 -0.119969 0.0129861 -0.00976937 -2.20943e-05 -4.99717e-14 -0.48 -0.252041 0.109532 0.0798798 0.201987 0.185539 -0.0899493 1.90603e-12 1.54535e-13 4.13422e-13 -1.14052e-13 1.94804e-13 7.56991e-14 -0.557985 0.0311907 0.239485 0.0260813 0.999634 0.00711602 -0.000300069
-0.0416821 0.785043 -0.0174414 -1.5702 -0.00266095 0.785435 3.40688e-05 -0.821088 -0.0164136 -0.113152 0.0122481 -0.00921419 -2.08387e-05 -4.3474e-14 -0.37 -0.152042 0.159532 0.0398798 0.251987 0.165539 -0.0899493 1.88642e-12 1.04526e-13 4.10767e-13 -1.16989e-13 1.93415e-13 7.5055e-14 -0.557985 0.0311893 0.239485 0.02608 0.999635 0.00711602 -0.000300078
-0.0416808 0.785043 -0.0174414 -1.5702 -0.00266095 0.785435 3.40688e-05 -0.748258 -0.0149577 -0.103115 0.0111617 -0.0083969 -1.89904e-05 -3.39009e-14 -0.38 -0.152042 0.069532 0.0298805 0.201987 0.165539 -0.0899493 1.86096e-12 2.9328e-14 4.11295e-13 -1.16957e-13 1.91125e-13 7.41147e-14 -0.557985 0.0311886 0.239485 0.0260794 0.999635 0.00711602 -0.000300083
-0.0416795 0.785043 -0.0174414 -1.5702 -0.00266095 0.785435 3.40688e-05 -0.652674 -0.013047 -0.0899431 0.0097359 -0.00732426 -1.65645e-05 -2.13356e-14 -0.48 -0.152042 0.069532 0.0798798 0.151987 0.165539 -0.0899493 1.8359e-12 2.91827e-14 4.04744e-13 -1.15575e-13 1.8749e-13 7.28818e-14 -0.557985 0.0311879 0.239485 0.0260788 0.999635 0.00711602 -0.000300087
-0.041677 0.785043 -0.0174414 -1.5702 -0.00266095 0.785435 3.40688e-05 -0.529845 -0.0105917 -0.0730165 0.00790367 -0.00594589 -1.34472e-05 -5.19173e-15 -0.38 -0.252041 0.109532 0.0398798 0.201987 0.165539 -0.0899493 1.79209e-12 1.94114e-14 3.93402e-13 -1.1322e-13 1.83707e-13 7.12947e-14 -0.557985 0.0311864 0.239485 0.0260775 0.999635 0.00711602 -0.000300097
-0.0416731 0.785043 -0.0174414 -1.5702 -0.00266095 0.785435 3.40688e-05 -0.389744 -0.00779101 -0.0537095 0.00581379 -0.00437368 -9.89148e-06 1.32196e-14 -0.38 -0.152042 0.109532 0.0298805 0.151987 0.165539 -0.0899493 1.74895e-12 5.81068e-14 3.82111e-13 -1.1007e-13 1.78847e-13 6.94815e-14 -0.557985 0.0311843 0.239485 0.0260756 0.999635 0.00711602 -0.00030011
-0.041668 0.785043 -0.0174414 -1.5702 -0.00266095 0.785435 3.40688e-05 -0.214736 -0.0042926 -0.0295922 0.00320321 -0.00240976 -5.44988e-06 3.6217e-14 -0.37 -0.152042 0.119532 0.0298805 0.251987 0.165539 -0.0899493 1.6885e-12 6.13961e-14 3.71032e-13 -1.05889e-13 1.73282e-13 6.72155e-14 -0.557985 0.0311815 0.239485 0.026073 0.999635 0.00711602 -0.000300128
-0.0416616 0.785043 -0.0174414 -1.5702 -0.00266095 0.785435 3.40688e-05 -0.0316131 -0.000631949 -0.00435651 0.000471571 -0.00035476 -8.02323e-07 6.02776e-14 -0.37 -0.152042 0.109532 0.0298805 0.201987 0.165539 -0.0899493 1.63407e-12 6.54738e-14 3.60869e-13 -1.011e-13 1.66756e-13 6.48412e-14 -0.557985 0.0311779 0.239485 0.0260698 0.999635 0.00711602 -0.000300151
-0.0416488 0.785043 -0.0174414 -1.5702 -0.00266095 0.785435 3.40688e-05 0.169862 0.00339556 0.0234082 -0.00253382 0.00190618 4.311e-06 8.67315e-14 -0.27 -0.152042 0.109532 0.08988 0.201987 0.165539 -0.0699493 1.56685e-12 6.00416e-14 3.42764e-13 -9.74553e-14 1.60065e-13 6.22109e-14 -0.557986 0.0311708 0.239485 0.0260634 0.999635 0.00711601 -0.000300197
-0.0415287 0.785043 -0.0174414 -1.5702 -0.00266095 0.785435 3.40688e-05 0.364192 0.00728024 0.0501883 -0.00543263 0.00408694 9.24299e-06 1.11909e-13 -0.17 -0.152042 0.169532 0.0798798 0.201987 0.185539 -0.0899493 1.4951e-12 1.03301e-14 3.30192e-13 -9.42518e-14 1.52615e-13 5.93352e-14 -0.557989 0.0311037 0.239485 0.0260034 0.999636 0.007116 -0.000300624
-0.0410186 0.785043 -0.0174401 -1.5702 -0.00266095 0.785435 3.40688e-05 0.501823 0.0100307 0.0691549 -0.00748567 0.00563143 1.2736e-05 9.61138e-14 0.04 -0.152042 0.15952 0.0398798 0.201987 0.165539 -0.0899493 1.48143e-12 -3.90108e-13 -1.6653e-13 -7.5166e-14 4.05093e-14 2.53268e-14 -0.558005 0.0308185 0.239485 0.025748 0.999643 0.00711547 -0.000302449
-0.0402913 0.785043 -0.0174401 -1.5702 -0.00266095 0.785435 3.40688e-05 0.58469 0.0116871 0.0805745 -0.00872179 0.00656135 1.48391e-05 1.06287e-13 0.25 -0.152042 0.10952 0.0298805 0.251987 0.165539 -0.0899493 1.39383e-12 -3.81535e-13 -1.54852e-13 -7.06378e-14 3.80088e-14 2.38112e-14 -0.558028 0.0304127 0.239485 0.0253844 0.999652 0.00711536 -0.000305037
-0.039353 0.785043 -0.0174401 -1.5702 -0.00266095 0.785435 3.40688e-05 0.643579 0.0128642 0.0886899 -0.00960024 0.00722221 1.63337e-05 1.12918e-13 0.14 -0.152042 0.0695201 0.0298805 0.201987 0.165539 -0.0899493 1.29122e-12 -3.71531e-13 -1.41271e-13 -6.65145e-14 3.56876e-14 2.21354e-14 -0.558056 0.0298891 0.239485 0.0249155 0.999664 0.00711521 -0.000308375
-0.0386371 0.785043 -0.0174401 -1.5702 -0.00266095 0.785435 3.40688e-05 0.785048 0.0156919 0.108185 -0.0117105 0.00880976 1.99241e-05 1.31034e-13 0.25 -0.152042 0.10952 0.0398798 0.241987 0.165539 -0.0899493 1.18905e-12 -3.18685e-13 -1.29554e-13 -6.00251e-14 3.23227e-14 2.02952e-14 -0.558077 0.0294896 0.239485 0.0245576 0.999673 0.0071151 -0.000310922
-0.0379059 0.785043 -0.0174401 -1.5702 -0.00266095 0.785435 3.40688e-05 0.913697 0.0182634 0.125914 -0.0136296 0.0102534 2.31891e-05 1.47393e-13 0.35 -0.152042 0.15952 0.0798798 0.151987 0.165539 -0.0899493 1.08247e-12 -3.02293e-13 -1.1957e-13 -5.47685e-14 2.96261e-14 1.85078e-14 -0.558098 0.0290815 0.239485 0.0241922 0.999682 0.00711499 -0.000313523
-0.0366046 0.785043 -0.0174401 -1.5702 -0.00266095 0.785435 3.40688e-05 0.915638 0.0183022 0.126182 -0.0136585 0.0102752 2.32384e-05 1.45807e-13 0.45 -0.152042 0.10952 0.0798798 0.201987 0.165539 -0.0699493 9.75621e-13 -2.59227e-13 -1.07051e-13 -4.92555e-14 2.6506e-14 1.66474e-14 -0.558136 0.0283552 0.239485 0.0235417 0.999698 0.00711478 -0.000318152
-0.0346271 0.785043 -0.0174401 -1.5702 -0.00266095 0.785435 3.40688e-05 0.763721 0.0152656 0.105246 -0.0113924 0.00857043 1.93828e-05 1.22451e-13 0.35 -0.252041 0.16952 0.0298805 0.201987 0.165539 -0.0899493 8.61072e-13 -2.09376e-13 -9.77374e-14 -4.3173e-14 2.35795e-14 1.47213e-14 -0.558191 0.0272514 0.239485 0.0225532 0.99972 0.00711446 -0.000325187
-0.0325881 0.785044 -0.0174401 -1.5702 -0.00266095 0.785435 3.40688e-05 0.606855 0.0121302 0.083629 -0.00905247 0.00681011 1.54017e-05 9.70783e-14 0.14 -0.152042 0.0695201 0.0298805 0.151987 0.165539 -0.0899493 -4.48e-12 3.77016e-13 -1.79266e-12 6.79473e-14 3.0087e-13 1.14803e-14 -0.558245 0.0261132 0.239485 0.021534 0.999743 0.00711412 -0.000331777
-0.0311615 0.785044 -0.0174401 -1.5702 -0.00266095 0.785435 3.40688e-05 0.636439 0.0127215 0.0877057 -0.00949372 0.00714207 1.61524e-05 9.96248e-14 0.24 -0.252022 0.0695207 0.0898924 0.151986 0.165539 -0.109949 2.22195e-12 4.02507e-14 7.60998e-13 -3.63012e-14 -1.6903e-13 9.85424e-15 -0.558282 0.0253168 0.239485 0.0208209 0.999758 0.00711388 -0.000336851
-0.0303217 0.785044 -0.0174401 -1.5702 -0.00266095 0.785435 3.40688e-05 0.7888 0.0157669 0.108702 -0.0117665 0.00885185 2.00193e-05 1.19171e-13 0.24 -0.152023 0.109521 0.0298929 0.251986 0.165539 -0.0899493 1.78303e-12 2.50521e-14 6.09909e-13 -2.98028e-14 -1.35645e-13 7.90967e-15 -0.558303 0.0248479 0.239485 0.0204011 0.999767 0.00711374 -0.000339838
-0.029671 0.785044 -0.0174401 -1.5702 -0.00266095 0.785435 3.40688e-05 1.00772 0.0201428 0.138871 -0.0150321 0.0113085 2.55753e-05 1.47995e-13 0.67 -0.152023 0.309521 0.0298929 0.201986 0.165539 -0.0899493 1.31928e-12 3.04711e-14 4.50341e-13 -2.13642e-14 -1.00372e-13 5.8544e-15 -0.558319 0.0244846 0.239485 0.0200758 0.999773 0.00711363 -0.000342153
-0.0281025 0.785044 -0.0174401 -1.5702 -0.00266095 0.785435 3.40688e-05 1.02186 0.0204255 0.14082 -0.015243 0.0114673 2.59342e-05 1.47829e-13 0.46 -0.152023 0.159521 -0.010108 0.201986 0.165539 -0.0699493 8.31648e-13 1.4467e-14 2.84502e-13 -1.35746e-14 -6.32822e-14 3.69367e-15 -0.558357 0.0236089 0.239485 0.0192918 0.999789 0.00711336 -0.000347731
-0.0258194 0.785044 -0.0174401 -1.5702 -0.00266095 0.785435 3.40688e-05 0.834861 0.0166876 0.11505 -0.0124536 0.00936875 2.11883e-05 1.19436e-13 0.25 -0.152023 0.109521 0.0798922 0.251986 0.165539 -0.0899493 3.7678e-13 8.51311e-15 1.28559e-13 -6.14523e-15 -2.86862e-14 1.67766e-15 -0.558409 0.0223341 0.239485 0.0181504 0.99981 0.00711296 -0.000355851
-0.0232692 0.785044 -0.0174388 -1.5702 -0.00266095 0.785435 3.40688e-05 0.614036 0.0122714 0.0846185 -0.00915897 0.00689066 1.55789e-05 -1.9213e-12 0.14 -0.152023 0.0195207 0.0298929 0.201986 0.165539 -0.0899493 -2.43059e-13 4.12608e-15 -1.23378e-13 1.1856e-16 1.49044e-14 -2.77142e-16 -0.558464 0.0209094 0.239485 0.0168751 0.999832 0.00711205 -0.000364927
-0.0216649 0.785044 -0.0174388 -1.5702 -0.00266095 0.785435 3.40688e-05 0.593736 0.0118669 0.0818209 -0.00885672 0.00666286 1.50687e-05 7.72339e-14 0.25 -0.152023 0.0195087 0.0298929 0.151986 0.165539 -0.0899493 3.42259e-15 1.45473e-13 3.16061e-14 1.36222e-14 -1.59229e-15 -6.59145e-15 -0.558497 0.0200134 0.239485 0.0160731 0.999845 0.00711175 -0.000370632
-0.0212098 0.785044 -0.0174388 -1.5702 -0.00266095 0.785435 3.40688e-05 0.867017 0.017329 0.119481 -0.0129332 0.0097296 2.20044e-05 1.10364e-13 0.56 -0.142025 0.109509 0.0298929 0.251986 0.165539 -0.0899493 6.66628e-15 2.71492e-13 5.76962e-14 2.57788e-14 -2.90533e-15 -1.20436e-14 -0.558506 0.0197592 0.239485 0.0158456 0.999849 0.00711167 -0.00037225
-0.020733 0.785044 -0.0174388 -1.5702 -0.00266095 0.785435 3.40688e-05 1.14591 0.0229032 0.157915 -0.0170935 0.0128593 2.90826e-05 1.44132e-13 0.56 -0.252022 0.209509 0.0298929 0.201986 0.165539 -0.0899493 1.13722e-14 4.24206e-13 8.39705e-14 3.91758e-14 -4.36195e-15 -1.76508e-14 -0.558515 0.0194929 0.239485 0.0156072 0.999853 0.00711158 -0.000373945
-0.0190035 0.785044 -0.0174388 -1.5702 -0.00266095 0.785435 3.40688e-05 1.08449 0.0216755 0.14945 -0.0161772 0.01217 2.75236e-05 1.3034e-13 0.35 -0.142025 0.109509 0.0298929 0.201986 0.185539 -0.0699493 1.3879e-14 5.51509e-13 1.08652e-13 5.08532e-14 -5.55433e-15 -2.27707e-14 -0.558548 0.0185269 0.239485 0.0147425 0.999866 0.00711125 -0.000380095
-0.0163305 0.785044 -0.0174388 -1.5702 -0.00266095 0.785435 3.40688e-05 0.786299 0.0157157 0.108358 -0.0117292 0.00882379 1.99558e-05 8.32113e-14 0.56 -0.252022 0.209509 0.0798922 0.201986 0.165539 -0.0899493 1.50258e-14 6.62158e-13 1.32186e-13 6.17024e-14 -6.62365e-15 -2.78007e-14 -0.558596 0.0170339 0.239485 0.0134062 0.999885 0.00711074 -0.000389599
-0.0138058 0.785044 -0.0174388 -1.5702 -0.00266095 0.785435 3.40688e-05 0.516599 0.0103252 0.071191 -0.00770608 0.00579724 1.3111e-05 4.0214e-14 0.35 -0.142025 0.0695087 0.0798922 0.251986 0.165539 -0.0899493 1.95807e-14 7.84455e-13 1.55219e-13 7.27743e-14 -7.93638e-15 -3.2721e-14 -0.558637 0.0156235 0.239485 0.012144 0.999901 0.00711024 -0.000398575
-0.0125658 0.785044 -0.0174388 -1.5702 -0.00266095 0.785435 3.40688e-05 0.578164 0.0115557 0.079675 -0.00862443 0.00648811 1.46735e-05 4.37375e-14 0.25 -0.142025 0.0695087 0.0798922 0.251986 0.165539 -0.0899493 2.1548e-14 9.08701e-13 1.82479e-13 8.581e-14 -9.09677e-15 -3.78894e-14 -0.558656 0.0149308 0.239485 0.0115241 0.999908 0.00710999 -0.000402983
-0.0125301 0.785044 -0.0174388 -1.5702 -0.00266095 0.785435 3.40688e-05 0.895917 0.0179066 0.123464 -0.0133643 0.0100539 2.27378e-05 8.39682e-14 0.35 -0.152023 0.159509 0.0398922 0.251986 0.165539 -0.0699493 2.39369e-14 1.01805e-12 2.01741e-13 9.52314e-14 -1.01819e-14 -4.25199e-14 -0.558657 0.0149108 0.239485 0.0115062 0.999908 0.00710999 -0.00040311
-0.0121581 0.785044 -0.0174388 -1.5702 -0.00266095 0.785435 3.40688e-05 1.13205 0.0226262 0.156005 -0.0168867 0.0127038 2.87308e-05 1.12669e-13 0.56 -0.152023 0.209509 0.0298929 0.151986 0.165539 -0.0899493 2.22187e-14 1.12495e-12 2.24074e-13 1.05797e-13 -1.09525e-14 -4.71574e-14 -0.558662 0.014703 0.239485 0.0113202 0.999911 0.00710991 -0.000404433
-0.0106573 0.785044 -0.0174388 -1.5702 -0.00266095 0.785435 3.40688e-05 1.06655 0.0213171 0.146978 -0.0159097 0.0119688 2.70685e-05 9.91519e-14 0.56 -0.152023 0.159509 0.0298929 0.151986 0.165539 -0.0899493 2.6705e-14 1.27635e-12 2.45967e-13 1.18768e-13 -1.21303e-14 -5.1427e-14 -0.558684 0.0138646 0.239485 0.0105699 0.999919 0.00710961 -0.000409767
-0.0079997 0.785044 -0.0174388 -1.5702 -0.00266095 0.785435 3.40688e-05 0.726465 0.0145198 0.100112 -0.0108366 0.00815234 1.84373e-05 4.67549e-14 0.35 -0.152023 0.0695087 0.0798922 0.201986 0.165539 -0.0899493 2.4986e-14 1.31779e-12 2.66028e-13 1.23318e-13 -1.28502e-14 -5.58096e-14 -0.558718 0.0123798 0.239485 0.00924121 0.999932 0.00710906 -0.000419214
-0.00593777 0.785044 -0.0174388 -1.5702 -0.00266095 0.785435 3.40688e-05 0.492863 0.00985081 0.0679199 -0.007352 0.00553087 1.25086e-05 9.94484e-15 0.14 -0.152023 0.0195087 0.0298929 0.201986 0.165539 -0.0899493 3.32502e-14 1.4437e-12 2.84261e-13 1.35229e-13 -1.4241e-14 -5.9639e-14 -0.558743 0.0112277 0.239485 0.00821031 0.999941 0.00710862 -0.000426543
-0.00525772 0.785044 -0.0174388 -1.5702 -0.00266095 0.785435 3.40688e-05 0.580179 0.011596 0.0799526 -0.00865449 0.00651072 1.47246e-05 1.86783e-14 0.35 -0.152023 0.109509 0.0298929 0.201986 0.165539 -0.0899493 3.48248e-14 1.53034e-12 3.0211e-13 1.43646e-13 -1.50622e-14 -6.3233e-14 -0.55875 0.0108477 0.239485 0.0078703 0.999944 0.00710847 -0.000428961
-0.0052526 0.785044 -0.0174388 -1.5702 -0.00266095 0.785435 3.40688e-05 0.832822 0.0166455 0.114769 -0.0124231 0.00934586 2.11365e-05 5.07464e-14 0.46 -0.252022 0.159509 0.0298929 0.201986 0.165539 -0.0899493 3.85756e-14 1.59649e-12 3.20879e-13 1.49699e-13 -1.60544e-14 -6.68338e-14 -0.55875 0.0108449 0.239485 0.00786775 0.999944 0.00710847 -0.000428979
-0.00509025 0.785044 -0.0174388 -1.5702 -0.00266095 0.785435 3.40688e-05 1.01717 0.0203301 0.140173 -0.0151731 0.0114146 2.58152e-05 7.35966e-14 0.46 -0.252022 0.159509 0.0298929 0.201986 0.165539 -0.0899493 3.58303e-14 1.65194e-12 3.35653e-13 1.56812e-13 -1.64626e-14 -7.00108e-14 -0.558752 0.0107542 0.239485 0.00778658 0.999944 0.00710844 -0.000429556
-0.00425295 0.785044 -0.0174388 -1.5702 -0.00266095 0.785435 3.40688e-05 1.00819 0.0201507 0.138936 -0.0150392 0.0113139 2.55874e-05 6.9556e-14 0.56 -0.152023 0.109509 -0.010108 0.201986 0.165539 -0.0899493 4.27014e-14 1.77064e-12 3.45878e-13 1.6489e-13 -1.75331e-14 -7.27838e-14 -0.558761 0.0102863 0.239485 0.00736795 0.999947 0.00710826 -0.000432532
-0.00285192 0.785045 -0.0174388 -1.5702 -0.00266095 0.785435 3.40688e-05 0.854194 0.0170727 0.117714 -0.0127419 0.00958568 2.16789e-05 4.81675e-14 0.56 -0.152004 0.0695093 0.0299044 0.201986 0.165538 -0.0899494 -4.78037e-12 2.17334e-13 -4.97276e-12 1.05567e-14 1.02497e-12 -7.24232e-14 -0.558775 0.00950347 0.239484 0.00666746 0.999952 0.00710796 -0.000436909
-0.0017155 0.785045 -0.0174388 -1.5702 -0.00266095 0.785435 3.40688e-05 0.729253 0.0145755 0.100496 -0.0108782 0.00818361 1.8508e-05 2.84514e-14 0.35 -0.152004 0.109509 -0.0100965 0.151986 0.185539 -0.109949 -4.9152e-12 2.53773e-13 -5.11603e-12 1.01883e-14 1.0542e-12 -7.45009e-14 -0.558785 0.00886846 0.239484 0.00609928 0.999956 0.00710771 -0.000440948
-0.00131282 0.785045 -0.0174388 -1.5702 -0.00266095 0.785435 3.40688e-05 0.761922 0.0152285 0.104998 -0.0113655 0.00855022 1.93371e-05 3.12799e-14 0.35 -0.252003 0.109509 0.0299044 0.201986 0.165538 -0.0899494 -5.03694e-12 2.51719e-13 -5.24042e-12 1.18082e-14 1.07975e-12 -7.62844e-14 -0.558789 0.00864345 0.239484 0.00589795 0.999957 0.00710762 -0.000442379
-0.0012962 0.785045 -0.0174388 -1.5702 -0.00266095 0.785435 3.40688e-05 0.866776 0.0173242 0.119448 -0.0129296 0.00972689 2.19982e-05 4.46e-14 0.35 -0.152004 0.109509 0.0299044 0.251986 0.165538 -0.0899494 -5.13098e-12 3.35779e-13 -5.34493e-12 1.61269e-14 1.10044e-12 -7.77671e-14 -0.558789 0.00863416 0.239484 0.00588964 0.999957 0.00710761 -0.000442438
-0.00120417 0.785045 -0.0174388 -1.5702 -0.00266095 0.785435 3.40688e-05 0.930655 0.0186009 0.128251 -0.0138825 0.0104437 2.36194e-05 5.24425e-14 0.46 -0.252003 0.0695093 0.0299044 0.191986 0.165538 -0.109949 -5.2132e-12 2.61692e-13 -5.42035e-12 1.17659e-14 1.11743e-12 -7.89426e-14 -0.55879 0.00858274 0.239484 0.00584363 0.999958 0.00710759 -0.000442765
-0.000852628 0.785045 -0.0174388 -1.5702 -0.00266095 0.785435 3.40688e-05 0.912348 0.018235 0.125728 -0.0136094 0.0102383 2.31548e-05 4.89384e-14 0.45 -0.152004 0.109509 0.0299044 0.201986 0.165538 -0.0899494 -5.26972e-12 2.80708e-13 -5.48559e-12 1.36846e-14 1.13012e-12 -7.98623e-14 -0.558793 0.0083863 0.239484 0.00566786 0.999959 0.00710751 -0.000444014
-0.000336185 0.785045 -0.0174388 -1.5702 -0.00266095 0.785435 3.40688e-05 0.824691 0.016483 0.113648 -0.0123018 0.00925461 2.09301e-05 3.60396e-14 0.45 -0.152004 0.109509 0.0299044 0.151986 0.165538 -0.0899494 -5.30681e-12 1.96959e-13 -5.51507e-12 1.05152e-14 1.13772e-12 -8.03861e-14 -0.558797 0.00809771 0.239484 0.00540965 0.99996 0.0071074 -0.000445849
-5.88001e-05 0.785045 -0.0174388 -1.5702 -0.00266095 0.785435 3.40688e-05 0.772238 0.0154346 0.10642 -0.0115194 0.00866598 1.95989e-05 2.84263e-14 0.46 -0.152004 0.0695093 0.0299044 0.251986 0.165538 -0.0899494 -5.32157e-12 2.95493e-13 -5.53989e-12 1.34948e-14 1.14076e-12 -8.05943e-14 -0.558799 0.00794271 0.239484 0.00527096 0.999961 0.00710734 -0.000446835
-6.00742e-05 0.785045 -0.0174388 -1.5702 -0.00266095 0.785435 3.40688e-05 0.763425 0.0152585 0.105205 -0.011388 0.00856709 1.93753e-05 2.73064e-14 0.35 -0.152004 0.109509 0.0799036 0.201986 0.165538 -0.0899494 -5.31429e-12 2.43654e-13 -5.52496e-12 1.03664e-14 1.13906e-12 -8.04701e-14 -0.558799 0.00794342 0.239484 0.0052716 0.999961 0.00710734 -0.000446831
-6.00742e-05 0.785045 -0.0174388 -1.5702 -0.00266095 0.785435 3.40688e-05 0.727371 0.0145379 0.100237 -0.0108501 0.00816249 1.84602e-05 2.27073e-14 0.35 -0.252003 0.159509 0.0799036 0.251986 0.165538 -0.0699494 -5.27429e-12 2.69923e-13 -5.49088e-12 1.15828e-14 1.13153e-12 -7.99793e-14 -0.558799 0.00794342 0.239484 0.0052716 0.999961 0.00710734 -0.000446831
-6.00742e-05 0.785045 -0.0174388 -1.5702 -0.00266095 0.785435 3.40688e-05 0.66987 0.0133886 0.0923127 -0.0099924 0.00751722 1.70009e-05 1.53723e-14 0.24 -0.152004 0.0695093 0.0299044 0.151986 0.185539 -0.0699494 -5.22575e-12 3.10792e-13 -5.44182e-12 1.41171e-14 1.1207e-12 -7.91965e-14 -0.558799 0.00794342 0.239484 0.0052716 0.999961 0.00710734 -0.000446831
-6.13483e-05 0.785045 -0.0174388 -1.5702 -0.00266095 0.785435 3.40688e-05 0.589722 0.0117867 0.0812677 -0.00879683 0.0066178 1.49668e-05 5.15268e-15 0.35 -0.142006 0.109509 0.0799036 0.251986 0.165538 -0.0899494 -5.15858e-12 2.23962e-13 -5.36305e-12 7.77684e-15 1.10559e-12 -7.81012e-14 -0.558799 0.00794413 0.239484 0.00527224 0.999961 0.00710734 -0.000446826
-6.13483e-05 0.785045 -0.0174388 -1.5702 -0.00266095 0.785435 3.40688e-05 0.486617 0.00972596 0.0670591 -0.00725882 0.00546077 1.235e-05 -7.99957e-15 0.25 -0.252003 0.109509 0.0799036 0.201986 0.165538 -0.0899494 -5.0635e-12 2.73415e-13 -5.27254e-12 1.03481e-14 1.08554e-12 -7.66977e-14 -0.558799 0.00794413 0.239484 0.00527224 0.999961 0.00710734 -0.000446826
-6.13483e-05 0.785045 -0.0174388 -1.5702 -0.00266095 0.785435 3.40688e-05 0.350309 0.00700159 0.048275 -0.00522553 0.00393113 8.89062e-06 -2.53873e-14 0.35 -0.152004 0.109509 0.0299044 0.251986 0.165538 -0.0899494 -4.94155e-12 2.64295e-13 -5.13998e-12 1.21015e-14 1.05932e-12 -7.48421e-14 -0.558799 0.00794413 0.239484 0.00527224 0.999961 0.00710734 -0.000446826
-6.3914e-05 0.785045 -0.0174388 -1.5702 -0.00266095 0.785435 3.40688e-05 0.195746 0.00391235 0.0269751 -0.00291993 0.00219664 4.96791e-06 -4.50951e-14 0.25 -0.252003 0.159509 -0.0100965 0.201986 0.165538 -0.0899494 -4.80529e-12 2.04725e-13 -4.99786e-12 8.95822e-15 1.02968e-12 -7.27295e-14 -0.558799 0.00794557 0.239484 0.00527352 0.999961 0.00710734 -0.000446817
-6.64621e-05 0.785045 -0.0174388 -1.5702 -0.00266095 0.785435 3.40688e-05 0.0256269 0.000512203 0.00353157 -0.000382275 0.000287583 6.50395e-07 -6.67873e-14 0.24 -0.252003 0.109509 0.0299044 0.251986 0.165538 -0.0899494 -4.65135e-12 2.06696e-13 -4.832e-12 9.29861e-15 9.96744e-13 -7.04052e-14 -0.558799 0.00794699 0.239484 0.00527479 0.999961 0.00710734 -0.000446808
-7.1576e-05 0.785045 -0.0174388 -1.5702 -0.00266095 0.785435 3.40688e-05 -0.180412 -0.00360589 -0.0248621 0.0026912 -0.00202457 -4.57876e-06 -9.30531e-14 0.25 -0.252003 0.0695093 0.0299044 0.251986 0.165538 -0.0899494 -4.46205e-12 2.23937e-13 -4.64307e-12 9.71758e-15 9.56577e-13 -6.75834e-14 -0.558799 0.00794985 0.239484 0.00527735 0.999961 0.00710734 -0.00044679
-0.000130376 0.785045 -0.0174388 -1.5702 -0.00266095 0.785435 3.40688e-05 -0.378391 -0.00756285 -0.0521448 0.00564442 -0.00424626 -9.60332e-06 -1.18112e-13 0.14 -0.252003 0.109509 0.0299044 0.251986 0.165538 -0.0899494 -4.27469e-12 1.82865e-13 -4.44222e-12 7.7087e-15 9.15935e-13 -6.46928e-14 -0.558798 0.00798271 0.239484 0.00530675 0.999961 0.00710735 -0.000446581
-0.000425668 0.785045 -0.0174401 -1.5702 -0.00266095 0.785435 3.40688e-05 -0.538067 -0.0107551 -0.0741493 0.0080263 -0.00603814 -1.36558e-05 -9.68003e-14 0.04 -0.152008 0.109521 0.0299044 0.201986 0.165538 -0.0899493 4.09089e-12 -4.43749e-13 6.26687e-13 -1.90009e-14 -5.80263e-13 -2.09095e-14 -0.558796 0.00814828 0.239484 0.00545484 0.99996 0.00710787 -0.00044553
-0.00101114 0.785045 -0.0174401 -1.5702 -0.00266095 0.785435 3.40688e-05 -0.643993 -0.0128724 -0.0887467 0.00960639 -0.00722683 -1.63441e-05 -1.10589e-13 -0.27 -0.252007 0.109521 0.0299044 0.201986 0.165538 -0.0699493 3.87078e-12 -4.35395e-13 5.90356e-13 -2.10566e-14 -5.48713e-13 -1.97584e-14 -0.558791 0.00847544 0.239484 0.00574756 0.999958 0.007108 -0.00044345
-0.00184588 0.785045 -0.0174401 -1.5702 -0.00266095 0.785435 3.40688e-05 -0.727857 -0.0145487 -0.100304 0.0108574 -0.00816794 -1.84726e-05 -1.21087e-13 -0.27 -0.152008 0.109521 0.0799036 0.201986 0.185539 -0.0699493 3.60119e-12 -4.16907e-13 5.53311e-13 -1.85004e-14 -5.11065e-13 -1.84276e-14 -0.558784 0.00894188 0.239484 0.00616492 0.999956 0.00710819 -0.000440483
-0.00249526 0.785045 -0.0174401 -1.5702 -0.00266095 0.785435 3.40688e-05 -0.85206 -0.0170314 -0.11742 0.0127101 -0.00956175 -2.16248e-05 -1.37297e-13 -0.37 -0.152008 0.109521 0.0299044 0.201986 0.165538 -0.0899493 3.34774e-12 -3.5748e-13 5.13169e-13 -1.54396e-14 -4.74955e-13 -1.71197e-14 -0.558778 0.00930475 0.239484 0.00648959 0.999954 0.00710833 -0.000438175
-0.00318172 0.785045 -0.0174401 -1.5702 -0.00266095 0.785435 3.40688e-05 -0.994002 -0.0198686 -0.13698 0.0148275 -0.0111546 -2.52272e-05 -1.55885e-13 -0.48 -0.152008 0.109521 0.0299044 0.201986 0.165538 -0.0899493 3.06935e-12 -3.47065e-13 4.71295e-13 -1.53989e-14 -4.35358e-13 -1.56879e-14 -0.558771 0.00968832 0.239484 0.0068328 0.999951 0.00710848 -0.000435735
-0.00467352 0.785045 -0.0174401 -1.5702 -0.00266095 0.785435 3.40688e-05 -0.966462 -0.0193181 -0.133185 0.0144166 -0.0108455 -2.45282e-05 -1.50443e-13 -0.37 -0.152008 0.109521 0.0299044 0.201986 0.165538 -0.0899493 2.76442e-12 -2.95453e-13 4.21291e-13 -1.3922e-14 -3.92113e-13 -1.41302e-14 -0.558756 0.0105219 0.239484 0.00757867 0.999946 0.0071088 -0.000430433
-0.0066434 0.785045 -0.0174401 -1.5702 -0.00266095 0.785435 3.40688e-05 -0.809766 -0.016186 -0.111591 0.0120792 -0.00908712 -2.05514e-05 -1.26842e-13 -0.38 -0.152008 0.159521 0.0299044 0.201986 0.165538 -0.0899493 2.47205e-12 -2.59584e-13 3.77294e-13 -1.22183e-14 -3.50564e-13 -1.26298e-14 -0.558735 0.0116225 0.239484 0.00856355 0.999938 0.00710922 -0.000423431
-0.0087603 0.785045 -0.0174414 -1.5702 -0.00266095 0.785435 3.40688e-05 -0.655772 -0.0131089 -0.0903699 0.00978209 -0.00735901 -1.66431e-05 -1.22611e-13 -0.17 -0.152008 0.209533 0.0299044 0.201986 0.165538 -0.0899493 -3.2474e-13 2.85138e-13 4.68609e-13 8.46057e-14 -8.4868e-14 -2.79574e-14 -0.558709 0.0128059 0.239484 0.00962238 0.999928 0.00711012 -0.000415903
-0.0100859 0.785045 -0.0174414 -1.5702 -0.00266095 0.785435 3.40688e-05 -0.69134 -0.0138199 -0.0952714 0.0103127 -0.00775816 -1.75458e-05 -1.23503e-13 -0.27 -0.152008 0.209533 0.0399036 0.201986 0.165538 -0.0699493 -2.75281e-13 2.5524e-13 3.95013e-13 7.28672e-14 -7.20071e-14 -2.37153e-14 -0.558691 0.0135465 0.239484 0.0102851 0.999922 0.00711039 -0.00041119
-0.0112338 0.785045 -0.0174414 -1.5702 -0.00266095 0.785435 3.40688e-05 -0.793175 -0.0158556 -0.109305 0.0118317 -0.00890094 -2.01303e-05 -1.3369e-13 -0.27 -0.252007 0.209533 0.0299044 0.151986 0.165538 -0.0899493 -2.24478e-13 1.86676e-13 3.21506e-13 5.74885e-14 -5.81889e-14 -1.92031e-14 -0.558675 0.0141878 0.239484 0.0108591 0.999916 0.00711062 -0.000407109
-0.0119318 0.785045 -0.0174401 -1.5702 -0.00266095 0.785435 3.40688e-05 -0.982797 -0.0196446 -0.135436 0.0146603 -0.0110289 -2.49428e-05 -1.44473e-13 -0.69 -0.252007 0.0695212 0.0299044 0.151986 0.165538 -0.0899493 1.14756e-12 -1.26005e-13 1.75362e-13 -5.78938e-15 -1.62638e-13 -5.85615e-15 -0.558665 0.0145772 0.239484 0.0112076 0.999912 0.00711032 -0.000404631
-0.0131692 0.785045 -0.0174401 -1.5702 -0.00266095 0.785435 3.40688e-05 -1.0462 -0.0209119 -0.144174 0.0156061 -0.0117404 -2.65519e-05 -1.51725e-13 -0.58 -0.152008 0.0195212 0.0299044 0.201986 0.165538 -0.0899493 8.13757e-13 -8.18502e-14 1.24759e-13 -3.31184e-15 -1.15479e-13 -4.16524e-15 -0.558647 0.0152685 0.239484 0.0118262 0.999905 0.00711056 -0.000400232
-0.0152478 0.785045 -0.0174414 -1.5702 -0.00266095 0.785435 3.40688e-05 -0.93783 -0.0187473 -0.129239 0.0139895 -0.0105242 -2.38015e-05 -1.41288e-13 -0.27 -0.152008 0.219533 0.0299044 0.201986 0.165538 -0.0899493 -6.778e-14 5.94947e-14 9.91058e-14 1.75643e-14 -1.80698e-14 -5.92169e-15 -0.558614 0.0164302 0.239484 0.0128658 0.999892 0.00711143 -0.000392838
-0.0175999 0.785045 -0.0174414 -1.5702 -0.00266095 0.785435 3.40688e-05 -0.749583 -0.0149842 -0.103298 0.0111815 -0.00841176 -1.9024e-05 -1.09557e-13 -0.38 -0.252007 0.169533 0.0299044 0.201986 0.165538 -0.0899493 -1.5128e-14 1.62294e-14 2.26554e-14 3.70896e-15 -4.20614e-15 -1.36196e-15 -0.558574 0.017744 0.239484 0.0140417 0.999876 0.00711188 -0.000384474
-0.0192105 0.785045 -0.0174414 -1.5702 -0.00266095 0.785435 3.40688e-05 -0.728075 -0.0145543 -0.100334 0.0108606 -0.00817039 -1.84781e-05 -1.02062e-13 -0.27 -0.252007 0.159533 0.0299044 0.251986 0.165538 -0.0899493 3.59137e-14 -2.71636e-14 -5.06772e-14 -9.54509e-15 9.11366e-15 3.02834e-15 -0.558544 0.0186437 0.239484 0.014847 0.999864 0.00711219 -0.000378746
-0.0200338 0.785045 -0.0174414 -1.5702 -0.00266095 0.785435 3.40688e-05 -0.927414 -0.0185391 -0.127804 0.0138342 -0.0104074 -2.35372e-05 -1.26107e-13 -0.38 -0.152008 0.109533 0.0899038 0.201986 0.165538 -0.0899493 9.0799e-14 -7.95981e-14 -1.2998e-13 -2.44445e-14 2.34619e-14 7.75536e-15 -0.558529 0.0191035 0.239484 0.0152585 0.999858 0.00711235 -0.000375819
-0.0206129 0.785045 -0.0174414 -1.5702 -0.00266095 0.785435 3.40688e-05 -1.15409 -0.0230703 -0.159041 0.0172154 -0.0129511 -2.92901e-05 -1.5448e-13 -0.69 -0.152008 0.0195332 0.0299044 0.201986 0.165538 -0.0899493 1.41686e-13 -1.10351e-13 -2.02167e-13 -3.68499e-14 3.66197e-14 1.21011e-14 -0.558518 0.0194269 0.239484 0.015548 0.999854 0.00711246 -0.000373759
-0.0221686 0.785045 -0.0174414 -1.5702 -0.00266095 0.785435 3.40688e-05 -1.13819 -0.0227524 -0.15685 0.0169782 -0.0127726 -2.88865e-05 -1.47887e-13 -0.59 -0.152008 0.0695332 0.0299044 0.251986 0.165538 -0.0899493 1.92384e-13 -1.57386e-13 -2.75476e-13 -5.05539e-14 4.96039e-14 1.63991e-14 -0.558487 0.0202958 0.239484 0.0163258 0.999841 0.00711274 -0.000368227
-0.0247035 0.785045 -0.0174414 -1.5702 -0.00266095 0.785435 3.40688e-05 -0.906043 -0.0181119 -0.124859 0.0135154 -0.0101675 -2.29948e-05 -1.0981e-13 -0.48 -0.252007 0.109533 0.0299044 0.201986 0.165538 -0.0899493 2.43666e-13 -2.14401e-13 -3.50778e-13 -6.47778e-14 6.36066e-14 2.09677e-14 -0.558434 0.0217115 0.239484 0.017593 0.99982 0.00711321 -0.000359212
-0.0272026 0.785045 -0.0174414 -1.5702 -0.00266095 0.785435 3.40688e-05 -0.64673 -0.0129282 -0.0891239 0.00964722 -0.00725755 -1.64136e-05 -6.82366e-14 -0.48 -0.252007 0.159533 0.0299044 0.201986 0.165538 -0.0899493 2.94347e-13 -2.25423e-13 -4.22183e-13 -7.54042e-14 7.5989e-14 2.51122e-14 -0.558378 0.023107 0.239484 0.0188423 0.999797 0.00711365 -0.000350323
-0.0287442 0.785045 -0.0174414 -1.5702 -0.00266095 0.785435 3.40688e-05 -0.626386 -0.0125215 -0.0863203 0.00934375 -0.00702925 -1.58973e-05 -6.10951e-14 -0.38 -0.152008 0.209533 0.0799036 0.201986 0.165538 -0.0899493 3.40687e-13 -2.72159e-13 -4.92868e-13 -8.84121e-14 8.89471e-14 2.93173e-14 -0.558341 0.0239678 0.239484 0.019613 0.999782 0.00711392 -0.000344839
-0.0290319 0.785045 -0.0174414 -1.5702 -0.00266095 0.785435 3.40688e-05 -0.914782 -0.0182866 -0.126063 0.0136457 -0.0102656 -2.32166e-05 -9.84882e-14 -0.48 -0.152008 0.0695332 0.0299044 0.291986 0.165538 -0.0899493 3.92357e-13 -3.21409e-13 -5.61472e-13 -1.02424e-13 1.01601e-13 3.35513e-14 -0.558334 0.0241284 0.239484 0.0197568 0.999779 0.00711397 -0.000343816
-0.0294179 0.785045 -0.0174414 -1.5702 -0.00266095 0.785435 3.40688e-05 -1.14094 -0.0228076 -0.15723 0.0170194 -0.0128036 -2.89565e-05 -1.27349e-13 -0.59 -0.252007 0.0195332 0.0399036 0.251986 0.165538 -0.0899493 4.35092e-13 -3.46455e-13 -6.24279e-13 -1.1316e-13 1.13177e-13 3.73343e-14 -0.558325 0.0243439 0.239484 0.0199497 0.999776 0.00711403 -0.000342443
-0.0309698 0.785045 -0.0174414 -1.5702 -0.00266095 0.785435 3.40688e-05 -1.06989 -0.0213871 -0.147438 0.0159594 -0.0120062 -2.7153e-05 -1.13457e-13 -0.27 -0.152008 0.109533 0.0299044 0.201986 0.165538 -0.0899493 4.79123e-13 -4.12006e-13 -6.8518e-13 -1.25762e-13 1.24073e-13 4.09701e-14 -0.558287 0.0252103 0.239484 0.0207255 0.99976 0.0071143 -0.000336923
-0.0332056 0.785045 -0.0174414 -1.5702 -0.00266095 0.785435 3.40688e-05 -0.818094 -0.0163538 -0.112739 0.0122034 -0.00918058 -2.07627e-05 -7.36393e-14 -0.27 -0.252007 0.209533 0.0299044 0.191986 0.165538 -0.0899493 5.18447e-13 -4.2752e-13 -7.45508e-13 -1.35681e-13 1.34697e-13 4.44442e-14 -0.558229 0.0264585 0.239484 0.0218431 0.999736 0.00711467 -0.00032897
-0.0352304 0.785045 -0.0174414 -1.5702 -0.00266095 0.785435 3.40688e-05 -0.624623 -0.0124862 -0.0860773 0.00931744 -0.00700946 -1.58525e-05 -4.21592e-14 -0.27 -0.152008 0.259533 0.0299044 0.201986 0.165538 -0.0899493 5.60172e-13 -5.22423e-13 -8.01937e-13 -1.50376e-13 1.45446e-13 4.79987e-14 -0.558174 0.0275887 0.239484 0.0228553 0.999713 0.007115 -0.000321767
-0.03589 0.785045 -0.0174414 -1.5702 -0.00266095 0.785435 3.40688e-05 -0.725649 -0.0145058 -0.0999995 0.0108244 -0.00814317 -1.84165e-05 -5.36467e-14 -0.48 -0.152008 0.159533 0.0299044 0.201986 0.165538 -0.0899493 5.94739e-13 -5.04861e-13 -8.54327e-13 -1.55291e-13 1.54946e-13 5.10933e-14 -0.558156 0.0279569 0.239484 0.023185 0.999706 0.0071151 -0.00031942
-0.0358977 0.785045 -0.0174414 -1.5702 -0.00266095 0.785435 3.40688e-05 -0.968827 -0.0193669 -0.133511 0.0144519 -0.0108721 -2.45882e-05 -8.58541e-14 -0.48 -0.152008 0.0195332 0.0799036 0.251986 0.165538 -0.0899493 6.30426e-13 -5.30186e-13 -9.01409e-13 -1.64863e-13 1.63563e-13 5.39862e-14 -0.558156 0.0279612 0.239484 0.0231888 0.999706 0.0071151 -0.000319393
-0.0362326 0.785045 -0.0174414 -1.5702 -0.00266095 0.785435 3.40688e-05 -1.11402 -0.0222694 -0.15352 0.0166178 -0.0125015 -2.82733e-05 -1.04132e-13 -0.59 -0.152008 0.0695332 0.0899038 0.251986 0.165538 -0.0899493 6.5765e-13 -6.02328e-13 -9.45933e-13 -1.75998e-13 1.72001e-13 5.66661e-14 -0.558146 0.0281481 0.239484 0.0233562 0.999702 0.00711516 -0.000318201
-0.0373562 0.785045 -0.0174414 -1.5702 -0.00266095 0.785435 3.40688e-05 -1.05556 -0.0211008 -0.145464 0.0157457 -0.0118454 -2.67895e-05 -9.31439e-14 -0.48 -0.252007 0.109533 0.0299044 0.151986 0.165538 -0.0699493 6.88184e-13 -5.92219e-13 -9.90592e-13 -1.81377e-13 1.79668e-13 5.92157e-14 -0.558114 0.0287753 0.239484 0.0239179 0.999689 0.00711534 -0.000314204
-0.0388059 0.785045 -0.0174414 -1.5702 -0.00266095 0.785435 3.40688e-05 -0.88899 -0.017771 -0.122509 0.013261 -0.00997617 -2.2562e-05 -6.68875e-14 -0.48 -0.252007 0.119533 0.0299044 0.151986 0.165538 -0.0899493 7.08954e-13 -6.33281e-13 -1.02776e-12 -1.90511e-13 1.86774e-13 6.14291e-14 -0.558072 0.0295843 0.239484 0.0246424 0.999671 0.00711556 -0.000309046
-0.0399845 0.785045 -0.0174414 -1.5702 -0.00266095 0.785435 3.40688e-05 -0.768074 -0.0153539 -0.105846 0.0114573 -0.00861926 -1.94933e-05 -4.74637e-14 -0.48 -0.152008 0.159533 -0.0100965 0.201986 0.165538 -0.0899493 7.39864e-13 -6.29723e-13 -1.05984e-12 -1.91956e-13 1.92128e-13 6.34e-14 -0.558037 0.030242 0.239484 0.0252315 0.999656 0.00711574 -0.000304853
-0.0402964 0.785045 -0.0174414 -1.5702 -0.00266095 0.785435 3.40688e-05 -0.848373 -0.016959 -0.116912 0.0126551 -0.00952036 -2.15312e-05 -5.72066e-14 -0.48 -0.152008 0.159533 0.0399036 0.201986 0.165538 -0.0899493 7.60285e-13 -6.38606e-13 -1.09392e-12 -1.99025e-13 1.97815e-13 6.52473e-14 -0.558027 0.0304161 0.239484 0.0253874 0.999652 0.00711579 -0.000303743
-0.0402938 0.785045 -0.0174414 -1.5702 -0.00266095 0.785435 3.40688e-05 -0.971213 -0.0194146 -0.13384 0.0144875 -0.0108989 -2.46488e-05 -7.34946e-14 -0.48 -0.252007 0.0695332 0.0299044 0.201986 0.165538 -0.0899493 7.79344e-13 -5.9742e-13 -1.12142e-12 -2.0175e-13 2.02017e-13 6.66902e-14 -0.558027 0.0304146 0.239484 0.0253862 0.999652 0.00711579 -0.000303753
-0.0404319 0.785045 -0.0174414 -1.5702 -0.00266095 0.785435 3.40688e-05 -1.03742 -0.0207381 -0.142963 0.0154751 -0.0116418 -2.6329e-05 -8.18709e-14 -0.59 -0.262009 0.0695332 0.0799036 0.201986 0.165538 -0.0899493 7.88877e-13 -7.35842e-13 -1.13256e-12 -2.09794e-13 2.0592e-13 6.78698e-14 -0.558023 0.0304917 0.239484 0.0254552 0.999651 0.00711581 -0.000303261
-0.0409854 0.785045 -0.0174414 -1.5702 -0.00266095 0.785435 3.40688e-05 -0.98465 -0.0196832 -0.135692 0.0146879 -0.0110497 -2.49898e-05 -7.32813e-14 -0.58 -0.152008 0.109533 0.0299044 0.251986 0.185539 -0.0899493 8.02551e-13 -7.4477e-13 -1.14681e-12 -2.10588e-13 2.08687e-13 6.88429e-14 -0.558006 0.0308005 0.239484 0.0257318 0.999644 0.00711589 -0.000301292
-0.0415606 0.785045 -0.0174414 -1.5702 -0.00266095 0.785435 3.40688e-05 -0.89654 -0.0179219 -0.123549 0.0133736 -0.0100609 -2.27536e-05 -5.99451e-14 -0.48 -0.252007 0.159533 0.0299044 0.201986 0.165538 -0.0899493 8.06696e-13 -6.9165e-13 -1.15661e-12 -2.10901e-13 2.10801e-13 6.94614e-14 -0.557988 0.0311215 0.239484 0.0260193 0.999636 0.00711598 -0.000299245
-0.0417371 0.785045 -0.0174414 -1.5702 -0.00266095 0.785435 3.40688e-05 -0.883301 -0.0176572 -0.121725 0.0131761 -0.00991233 -2.24176e-05 -5.76817e-14 -0.48 -0.152008 0.109533 0.0299044 0.241986 0.165538 -0.0899493 8.16344e-13 -6.57737e-13 -1.17046e-12 -2.11124e-13 2.1144e-13 6.98137e-14 -0.557983 0.03122 0.239484 0.0261075 0.999634 0.00711601 -0.000298618
-0.0417332 0.785045 -0.0174414 -1.5702 -0.00266095 0.785435 3.40688e-05 -0.889135 -0.0177739 -0.122529 0.0132632 -0.0099778 -2.25657e-05 -5.8466e-14 -0.48 -0.152008 0.109533 0.0299044 0.251986 0.165538 -0.0899493 8.12702e-13 -7.05704e-13 -1.16916e-12 -2.14225e-13 2.11951e-13 6.98715e-14 -0.557983 0.0312178 0.239484 0.0261056 0.999634 0.00711601 -0.000298631
-0.0417345 0.785045 -0.0174414 -1.5702 -0.00266095 0.785435 3.40688e-05 -0.867877 -0.0173489 -0.119599 0.012946 -0.00973924 -2.20262e-05 -5.56449e-14 -0.48 -0.252007 0.109533 0.0299044 0.151986 0.165538 -0.0899493 8.14855e-13 -7.02854e-13 -1.16236e-12 -2.13965e-13 2.10806e-13 6.96243e-14 -0.557983 0.0312185 0.239484 0.0261062 0.999634 0.00711601 -0.000298627
-0.0417332 0.785045 -0.0174414 -1.5702 -0.00266095 0.785435 3.40688e-05 -0.824583 -0.0164835 -0.113633 0.0123002 -0.0092534 -2.09274e-05 -4.99106e-14 -0.37 -0.152008 0.109533 0.0799036 0.151986 0.165538 -0.0899493 8.08797e-13 -7.34662e-13 -1.15251e-12 -2.14895e-13 2.09251e-13 6.91095e-14 -0.557983 0.0312178 0.239484 0.0261056 0.999634 0.00711601 -0.000298631
-0.0417255 0.785045 -0.0174414 -1.5702 -0.00266095 0.785435 3.40688e-05 -0.753421 -0.0150609 -0.103827 0.0112387 -0.00845483 -1.91214e-05 -4.05014e-14 -0.37 -0.152008 0.109533 0.0799036 0.251986 0.165538 -0.0899493 7.9733e-13 -6.27787e-13 -1.14891e-12 -2.05576e-13 2.06753e-13 6.82472e-14 -0.557983 0.0312135 0.239484 0.0261018 0.999634 0.00711601 -0.000298659
-0.041723 0.785045 -0.0174414 -1.5702 -0.00266095 0.785435 3.40688e-05 -0.66268 -0.013247 -0.091322 0.00988515 -0.00743654 -1.68184e-05 -2.84825e-14 -0.37 -0.152008 0.159533 0.0799036 0.201986 0.165538 -0.0899493 7.83768e-13 -6.77058e-13 -1.12204e-12 -2.06441e-13 2.03559e-13 6.71687e-14 -0.557983 0.0312121 0.239484 0.0261005 0.999634 0.007116 -0.000298668
-0.0417204 0.785045 -0.0174414 -1.5702 -0.00266095 0.785435 3.40688e-05 -0.544472 -0.010884 -0.075032 0.00812184 -0.00611001 -1.38184e-05 -1.28232e-14 -0.38 -0.252007 0.0695332 0.0299044 0.201986 0.165538 -0.0899493 7.66379e-13 -6.63752e-13 -1.09618e-12 -2.00458e-13 1.99383e-13 6.57657e-14 -0.557983 0.0312107 0.239484 0.0260992 0.999634 0.007116 -0.000298677
-0.041714 0.785045 -0.0174414 -1.5702 -0.00266095 0.785435 3.40688e-05 -0.397471 -0.00794547 -0.0547742 0.00592904 -0.00446038 -1.00876e-05 6.64106e-15 -0.38 -0.152008 0.109533 0.0799036 0.201986 0.165538 -0.0899493 7.4557e-13 -6.75367e-13 -1.06823e-12 -1.97876e-13 1.94096e-13 6.40119e-14 -0.557983 0.0312071 0.239484 0.026096 0.999634 0.007116 -0.0002987
-0.0417076 0.785045 -0.0174414 -1.5702 -0.00266095 0.785435 3.40688e-05 -0.239199 -0.00478161 -0.0329633 0.00356812 -0.00268427 -6.07073e-06 2.75991e-14 -0.38 -0.252007 0.159533 0.0299044 0.201986 0.165538 -0.0899493 7.26908e-13 -6.23142e-13 -1.03947e-12 -1.90102e-13 1.88116e-13 6.2125e-14 -0.557984 0.0312036 0.239484 0.0260928 0.999634 0.007116 -0.000298722
-0.0417 0.785045 -0.0174414 -1.5702 -0.00266095 0.785435 3.40688e-05 -0.0604755 -0.00120891 -0.00833395 0.000902109 -0.000678651 -1.53483e-06 5.12639e-14 -0.27 -0.152008 0.159533 0.0299044 0.201986 0.165538 -0.0899493 7.0285e-13 -5.53272e-13 -1.00226e-12 -1.80437e-13 1.81589e-13 5.9993e-14 -0.557984 0.0311993 0.239484 0.026089 0.999634 0.007116 -0.00029875
-0.0416897 0.785045 -0.0174414 -1.5702 -0.00266095 0.785435 3.40688e-05 0.137683 0.0027523 0.0189737 -0.00205381 0.00154507 3.49432e-06 7.74973e-14 -0.38 -0.152008 0.109533 0.0299044 0.241986 0.165538 -0.0899493 6.73183e-13 -5.54777e-13 -9.66999e-13 -1.76872e-13 1.74572e-13 5.76241e-14 -0.557984 0.0311936 0.239484 0.0260839 0.999634 0.007116 -0.000298786
-0.0416156 0.785045 -0.0174401 -1.5702 -0.00266095 0.785435 3.40688e-05 0.339678 0.00678965 0.04681 -0.00506695 0.00381184 8.62082e-06 6.94663e-14 -0.17 -0.252007 0.159521 0.0299044 0.201986 0.165538 -0.0899493 -4.2163e-12 4.57165e-13 -6.45113e-13 2.02801e-14 5.98186e-13 2.15569e-14 -0.557987 0.0311516 0.239484 0.0260464 0.999635 0.00711554 -0.00029906
-0.0412321 0.785046 -0.0174401 -1.5702 -0.00266095 0.785435 3.40688e-05 0.484453 0.00968347 0.0667608 -0.00722654 0.00543648 1.22951e-05 8.72636e-14 -0.06 -0.151989 0.159522 -0.0100842 0.201986 0.165538 -0.0899494 -7.22185e-12 -5.15851e-13 -3.31596e-12 -1.15251e-13 7.05605e-14 1.89384e-14 -0.557998 0.0309376 0.239483 0.0258547 0.99964 0.00711547 -0.000299787
-0.0404945 0.785046 -0.0174401 -1.5702 -0.00266095 0.785435 3.40688e-05 0.581269 0.0116187 0.0801028 -0.00867074 0.00652295 1.47522e-05 9.97323e-14 0.25 -0.151989 0.119522 0.0299168 0.201986 0.165538 -0.0899494 -6.76662e-12 -4.47187e-13 -3.10853e-12 -1.07244e-13 6.59107e-14 1.77525e-14 -0.558021 0.0305261 0.239483 0.025486 0.99965 0.00711536 -0.000302411
-0.0395358 0.785046 -0.0174401 -1.5702 -0.00266095 0.785435 3.40688e-05 0.63187 0.0126301 0.0870759 -0.00942554 0.00709078 1.60365e-05 1.05649e-13 0.14 -0.151989 0.0695218 0.0299168 0.201986 0.165538 -0.0899494 -6.30585e-12 -4.95087e-13 -2.8914e-12 -1.04606e-13 6.16918e-14 1.65332e-14 -0.55805 0.0299911 0.239483 0.0250068 0.999662 0.00711521 -0.000305822
-0.0386755 0.785046 -0.0174401 -1.5702 -0.00266095 0.785435 3.40688e-05 0.734895 0.0146894 0.101273 -0.0109624 0.00824692 1.86512e-05 1.18839e-13 0.24 -0.26199 0.109522 0.0299168 0.201986 0.165538 -0.0899494 -5.78985e-12 -4.41865e-13 -2.65744e-12 -9.54217e-14 5.6335e-14 1.51923e-14 -0.558076 0.029511 0.239483 0.0245768 0.999673 0.00711508 -0.000308883
-0.0379954 0.785046 -0.0174401 -1.5702 -0.00266095 0.785435 3.40688e-05 0.873353 0.017457 0.120354 -0.0130277 0.00980068 2.21651e-05 1.37062e-13 0.35 -0.251987 0.159522 0.0299168 0.251986 0.165538 -0.0899494 -5.29639e-12 -3.85366e-13 -2.42873e-12 -8.62303e-14 5.17756e-14 1.38883e-14 -0.558096 0.0291314 0.239483 0.0242369 0.999681 0.00711498 -0.000311302
-0.0368296 0.785046 -0.0174401 -1.5702 -0.00266095 0.785435 3.40688e-05 0.905944 0.0181084 0.124845 -0.0135139 0.0101664 2.29923e-05 1.403e-13 0.35 -0.151989 0.159522 0.079916 0.191986 0.165538 -0.0899494 -4.77993e-12 -3.49592e-13 -2.19326e-12 -7.72501e-14 4.68437e-14 1.25295e-14 -0.558129 0.0284808 0.239483 0.0236542 0.999695 0.00711479 -0.00031545
-0.0349159 0.785046 -0.0174401 -1.5702 -0.00266095 0.785435 3.40688e-05 0.794217 0.0158752 0.109448 -0.0118473 0.00891263 2.01567e-05 1.2302e-13 0.24 -0.141991 0.0695218 0.0299168 0.201986 0.165538 -0.0699494 -4.19444e-12 -2.94736e-13 -1.92665e-12 -6.76979e-14 4.08022e-14 1.10066e-14 -0.558183 0.0274126 0.239483 0.0226976 0.999717 0.00711449 -0.000322257
-0.0328898 0.785046 -0.0174401 -1.5702 -0.00266095 0.785435 3.40688e-05 0.639266 0.0127779 0.0880951 -0.00953587 0.00717378 1.62242e-05 9.97105e-14 0.24 -0.151989 0.0195218 0.079916 0.191986 0.165538 -0.0899494 -3.64063e-12 -2.45298e-13 -1.67068e-12 -5.84889e-14 3.54765e-14 9.55116e-15 -0.558237 0.0262816 0.239483 0.0216848 0.999739 0.00711416 -0.000329464
-0.0314466 0.785046 -0.0174401 -1.5702 -0.00266095 0.785435 3.40688e-05 0.635508 0.0127028 0.0875773 -0.00947982 0.00713161 1.61288e-05 9.76873e-14 0.24 -0.251987 0.0695218 0.0299168 0.191986 0.165538 -0.0899494 -3.07211e-12 -2.50167e-13 -1.40915e-12 -5.20585e-14 2.99839e-14 8.05792e-15 -0.558274 0.025476 0.239483 0.0209634 0.999755 0.00711392 -0.000334598
-0.0304444 0.785046 -0.0174388 -1.5702 -0.00266095 0.785435 3.40688e-05 0.761592 0.0152218 0.104952 -0.0113606 0.00854651 1.93287e-05 1.27236e-13 0.24 -0.151989 0.10951 0.0299168 0.141985 0.165538 -0.0899494 1.94943e-12 -4.25703e-13 5.92137e-13 -6.22455e-14 -1.08543e-13 1.97246e-14 -0.5583 0.0249159 0.239483 0.020462 0.999765 0.0071133 -0.00033817
-0.0296493 0.785046 -0.0174388 -1.5702 -0.00266095 0.785435 3.40688e-05 0.958999 0.0191674 0.132156 -0.0143053 0.0107618 2.43388e-05 1.49993e-13 0.56 -0.151989 0.20951 0.079916 0.201985 0.185538 -0.0899494 1.44359e-12 -3.24962e-13 4.38904e-13 -4.67761e-14 -8.03482e-14 1.46145e-14 -0.558319 0.024472 0.239483 0.0200645 0.999773 0.00711317 -0.000340998
-0.0283007 0.785046 -0.0174388 -1.5702 -0.00266095 0.785435 3.40688e-05 0.996844 0.0199238 0.137372 -0.0148698 0.0111865 2.52993e-05 1.50544e-13 0.35 -0.251987 0.15951 0.079916 0.201985 0.165538 -0.0899494 9.6876e-13 -2.15808e-13 2.94774e-13 -3.13214e-14 -5.38731e-14 9.82232e-15 -0.558352 0.023719 0.239483 0.0193903 0.999787 0.00711293 -0.000345795
-0.026194 0.785046 -0.0174388 -1.5702 -0.00266095 0.785435 3.40688e-05 0.852513 0.0170373 0.117482 -0.0127161 0.0095668 2.16294e-05 -2.66645e-12 0.24 -0.151989 0.0695218 0.0299168 0.201986 0.165538 -0.0899494 -5.03671e-13 -6.49954e-14 -8.95537e-14 -1.49908e-14 3.59032e-15 6.62874e-16 -0.558401 0.0225427 0.239483 0.0183372 0.999807 0.00711257 -0.000353287
-0.0238291 0.785046 -0.0174388 -1.5702 -0.00266095 0.785435 3.40688e-05 0.646638 0.0129243 0.0891109 -0.00964583 0.0072565 1.64113e-05 9.14245e-14 0.03 -0.151989 0.0195098 -0.0100842 0.201985 0.165538 -0.0899494 1.37365e-14 -3.58242e-15 3.5356e-15 -8.06288e-16 -7.15306e-16 1.40623e-16 -0.558452 0.021222 0.239483 0.017155 0.999828 0.00711214 -0.000361697
-0.0220497 0.785046 -0.0174388 -1.5702 -0.00266095 0.785435 3.40688e-05 0.583789 0.0116681 0.08045 -0.00870833 0.00655123 1.48162e-05 7.77012e-14 -0.06 -0.251987 -0.0804901 0.079916 0.201985 0.165538 -0.0899494 -4.65507e-13 9.95819e-14 -1.42117e-13 1.43228e-14 2.59748e-14 -4.71057e-15 -0.558489 0.0202283 0.239483 0.0162654 0.999842 0.00711182 -0.000368024
-0.0212597 0.785046 -0.0174388 -1.5702 -0.00266095 0.785435 3.40688e-05 0.790682 0.0158033 0.108961 -0.0117945 0.00887296 2.0067e-05 1.0169e-13 0.24 -0.151989 0.0695098 0.079916 0.151985 0.165538 -0.0899494 -9.81125e-13 2.18638e-13 -2.99742e-13 3.10311e-14 5.46952e-14 -9.92826e-15 -0.558505 0.0197871 0.239483 0.0158705 0.999849 0.00711167 -0.000370833
-0.0208314 0.785046 -0.0174388 -1.5702 -0.00266095 0.785435 3.40688e-05 1.06785 0.0213431 0.147157 -0.0159291 0.0119833 2.71014e-05 1.35836e-13 0.67 -0.251987 0.25951 0.0299168 0.201985 0.165538 -0.0899494 -1.47141e-12 3.21576e-13 -4.49064e-13 4.64435e-14 8.19601e-14 -1.491e-14 -0.558513 0.0195479 0.239483 0.0156564 0.999852 0.00711159 -0.000372356
-0.0192757 0.785046 -0.0174388 -1.5702 -0.00266095 0.785435 3.40688e-05 1.07914 0.0215686 0.148713 -0.0160974 0.01211 2.73879e-05 1.32323e-13 0.56 -0.151989 0.15951 0.039916 0.201985 0.165538 -0.0899494 -1.97606e-12 4.41615e-13 -6.03774e-13 6.26058e-14 1.10071e-13 -2.00156e-14 -0.558543 0.018679 0.239483 0.0148787 0.999864 0.0071113 -0.000377888
-0.0168981 0.785046 -0.0174388 -1.5702 -0.00266095 0.785435 3.40688e-05 0.854439 0.0170776 0.117747 -0.0127456 0.00958843 2.16851e-05 9.59571e-14 0.24 -0.26199 0.0695098 0.079916 0.201985 0.165538 -0.0899494 -2.4353e-12 5.24903e-13 -7.42932e-13 7.67366e-14 1.35653e-13 -2.46615e-14 -0.558586 0.0173509 0.239483 0.01369 0.999881 0.00711085 -0.000386342
-0.0143005 0.785046 -0.0174388 -1.5702 -0.00266095 0.785435 3.40688e-05 0.568578 0.0113641 0.0783538 -0.00848142 0.00638052 1.44301e-05 5.10544e-14 0.24 -0.26199 0.10951 0.0299168 0.251985 0.165538 -0.0899494 -2.88533e-12 6.09057e-13 -8.77428e-13 9.01792e-14 1.60731e-13 -2.921e-14 -0.558629 0.0158999 0.239483 0.0123914 0.999898 0.00711034 -0.000395577
-0.0127077 0.785046 -0.0174388 -1.5702 -0.00266095 0.785435 3.40688e-05 0.519286 0.0103789 0.0715611 -0.00774614 0.00582738 1.31792e-05 3.96628e-14 0.03 -0.251987 -0.0804901 0.079916 0.201985 0.165538 -0.0899494 -3.3245e-12 7.32599e-13 -1.01343e-12 1.05425e-13 1.8522e-13 -3.36433e-14 -0.558654 0.0150101 0.239483 0.011595 0.999907 0.00711002 -0.000401239
-0.0124125 0.785046 -0.0174388 -1.5702 -0.00266095 0.785435 3.40688e-05 0.802606 0.0160416 0.110604 -0.0119724 0.00900676 2.03696e-05 7.50199e-14 0.56 -0.151989 0.15951 0.0299168 0.251985 0.165538 -0.0899494 -3.78182e-12 8.32804e-13 -1.1524e-12 1.20415e-13 2.10668e-13 -3.82815e-14 -0.558658 0.0148451 0.239483 0.0114474 0.999909 0.00710996 -0.000402289
-0.0122233 0.785046 -0.0174388 -1.5702 -0.00266095 0.785435 3.40688e-05 1.07351 0.0214561 0.147936 -0.0160134 0.0120468 2.72449e-05 1.09124e-13 0.66 -0.251987 0.20951 0.0299168 0.201985 0.165538 -0.0899494 -4.18711e-12 9.50976e-13 -1.27825e-12 1.34043e-13 2.33163e-13 -4.24196e-14 -0.558661 0.0147394 0.239483 0.0113528 0.99991 0.00710992 -0.000402962
-0.0110932 0.785046 -0.0174388 -1.5702 -0.00266095 0.785435 3.40688e-05 1.10179 0.0220213 0.151834 -0.0164353 0.0123642 2.79627e-05 1.09146e-13 0.45 -0.151989 0.10951 -0.0100842 0.201985 0.165538 -0.0699494 -4.58181e-12 9.80545e-13 -1.39447e-12 1.4331e-13 2.55196e-13 -4.63903e-14 -0.558677 0.0141081 0.239483 0.0107878 0.999916 0.0071097 -0.000406979
-0.00874496 0.785046 -0.0174388 -1.5702 -0.00266095 0.785435 3.40688e-05 0.829801 0.0165851 0.114352 -0.0123781 0.00931194 2.10598e-05 6.68151e-14 0.35 -0.151989 0.0695098 -0.0100842 0.191985 0.165538 -0.0899494 -4.96956e-12 1.13042e-12 -1.5173e-12 1.59789e-13 2.76774e-13 -5.03254e-14 -0.558709 0.0127962 0.239483 0.0096138 0.999928 0.00710921 -0.000415326
-0.00642482 0.785046 -0.0174388 -1.5702 -0.00266095 0.785435 3.40688e-05 0.537576 0.0107445 0.0740815 -0.00801896 0.00603262 1.36433e-05 2.19812e-14 0.04 -0.151989 -0.0304902 0.0299168 0.191985 0.165538 -0.0899494 -5.32891e-12 1.17236e-12 -1.62469e-12 1.69327e-13 2.9691e-13 -5.39067e-14 -0.558737 0.0114999 0.239483 0.00845381 0.999939 0.00710873 -0.000423573
-0.00527433 0.785046 -0.0174388 -1.5702 -0.00266095 0.785435 3.40688e-05 0.534639 0.0106858 0.0736768 -0.00797516 0.00599966 1.35688e-05 1.79382e-14 0.03 -0.251987 -0.0304902 0.079916 0.201985 0.165538 -0.0699494 -5.68339e-12 1.24863e-12 -1.73277e-12 1.78978e-13 3.16563e-13 -5.75352e-14 -0.55875 0.010857 0.239483 0.0078786 0.999944 0.00710848 -0.000427662
-0.00519763 0.785046 -0.0174388 -1.5702 -0.00266095 0.785435 3.40688e-05 0.7553 0.0150961 0.104085 -0.0112667 0.00847591 1.91691e-05 4.59644e-14 0.24 -0.251987 0.10951 -0.0100842 0.251985 0.165538 -0.0899494 -5.9861e-12 1.26162e-12 -1.8214e-12 1.87752e-13 3.33288e-13 -6.06592e-14 -0.558751 0.0108142 0.239483 0.00784025 0.999944 0.00710846 -0.000427935
-0.00510303 0.785046 -0.0174388 -1.5702 -0.00266095 0.785435 3.40688e-05 0.953252 0.0190525 0.131365 -0.0142196 0.0106973 2.41929e-05 7.1024e-14 0.46 -0.151989 0.15951 0.0299168 0.201985 0.165538 -0.0899494 -6.27327e-12 1.36951e-12 -1.90948e-12 1.99022e-13 3.49331e-13 -6.35438e-14 -0.558752 0.0107613 0.239483 0.00779296 0.999944 0.00710844 -0.000428271
-0.00438846 0.785046 -0.0174388 -1.5702 -0.00266095 0.785435 3.40688e-05 0.995847 0.0199039 0.137234 -0.0148549 0.0111753 2.5274e-05 7.42036e-14 0.45 -0.151989 0.10951 0.0299168 0.201985 0.165538 -0.0899494 -6.55369e-12 1.45951e-12 -1.99904e-12 2.09126e-13 3.64962e-13 -6.63771e-14 -0.558759 0.010362 0.239483 0.00743569 0.999947 0.00710829 -0.000430811
-0.00319579 0.785046 -0.0174388 -1.5702 -0.00266095 0.785435 3.40688e-05 0.88474 0.0176832 0.121923 -0.0131976 0.00992846 2.24541e-05 5.61676e-14 0.45 -0.151989 0.10951 0.079916 0.251985 0.165538 -0.0899494 -6.78708e-12 1.51273e-12 -2.07141e-12 2.15187e-13 3.77984e-13 -6.87285e-14 -0.558771 0.00969561 0.239483 0.00683938 0.999951 0.00710803 -0.00043505
-0.0018804 0.785046 -0.0174388 -1.5702 -0.00266095 0.785435 3.40688e-05 0.728804 0.0145665 0.100434 -0.0108715 0.00817857 1.84966e-05 3.19971e-14 0.45 -0.251987 0.10951 0.0299168 0.251985 0.165538 -0.0899494 -6.99608e-12 1.53662e-12 -2.12922e-12 2.2353e-13 3.8953e-13 -7.0886e-14 -0.558784 0.00896061 0.239483 0.00618172 0.999956 0.00710775 -0.000439725
-0.0013793 0.785046 -0.0174388 -1.5702 -0.00266095 0.785435 3.40688e-05 0.743536 0.014861 0.102464 -0.0110913 0.00834388 1.88705e-05 3.22874e-14 0.35 -0.251987 0.10951 0.0299168 0.251985 0.165538 -0.0899494 -7.17167e-12 1.5735e-12 -2.18343e-12 2.29158e-13 3.99282e-13 -7.26753e-14 -0.558788 0.0086806 0.239483 0.00593118 0.999957 0.00710763 -0.000441505
-0.00133327 0.785048 -0.0174388 -1.5702 -0.00266095 0.785435 3.40688e-05 0.855454 0.017098 0.117887 -0.0127608 0.00959985 2.1711e-05 4.92963e-14 0.35 -0.151989 0.10951 0.0299168 0.201985 0.165538 -0.0899494 1.07255e-11 -3.7561e-13 3.2716e-12 9.27743e-15 -9.13872e-13 -7.14585e-14 -0.558788 0.00865488 0.239483 0.00590817 0.999957 0.00710763 -0.000441006
-0.00122079 0.785048 -0.0174388 -1.5702 -0.00266095 0.785435 3.40688e-05 0.918874 0.0183654 0.126627 -0.0137067 0.0103115 2.33204e-05 5.68296e-14 0.35 -0.251968 0.10951 0.0799284 0.201985 0.165538 -0.0899494 -5.58617e-12 -2.50069e-13 -2.20207e-12 -2.37499e-13 5.07102e-13 -7.2877e-14 -0.558789 0.00859202 0.239483 0.00585192 0.999958 0.0071076 -0.000441406
-0.000834739 0.785048 -0.0174388 -1.5702 -0.00266095 0.785435 3.40688e-05 0.897105 0.0179303 0.123627 -0.013382 0.0100672 2.27679e-05 5.28429e-14 0.45 -0.251968 0.10951 0.0799284 0.201985 0.165538 -0.0899494 -5.66115e-12 -2.81448e-13 -2.22899e-12 -2.42619e-13 5.13842e-13 -7.37908e-14 -0.558793 0.0083763 0.239483 0.00565891 0.999959 0.00710752 -0.000442777
-0.000334911 0.785048 -0.0174388 -1.5702 -0.00266095 0.785435 3.40688e-05 0.81815 0.0163523 0.112747 -0.0122043 0.00918119 2.07641e-05 4.11543e-14 0.35 -0.15197 0.10951 0.0299292 0.251985 0.165538 -0.0899494 -5.70625e-12 -3.01899e-13 -2.25204e-12 -2.4762e-13 5.17894e-13 -7.43342e-14 -0.558797 0.008097 0.239483 0.005409 0.99996 0.00710741 -0.000444554
-8.69174e-05 0.785048 -0.0174388 -1.5702 -0.00266095 0.785435 3.40688e-05 0.777729 0.0155444 0.107176 -0.0116013 0.00872759 1.97383e-05 3.51947e-14 0.35 -0.251968 0.10951 0.0299292 0.201985 0.165538 -0.0899494 -5.72849e-12 -3.21234e-13 -2.25632e-12 -2.46706e-13 5.19873e-13 -7.45881e-14 -0.558799 0.00795842 0.239483 0.00528501 0.999961 0.00710735 -0.000445435
-8.69174e-05 0.785048 -0.0174388 -1.5702 -0.00266095 0.785435 3.40688e-05 0.771913 0.0154281 0.106375 -0.0115145 0.00866232 1.95906e-05 3.4447e-14 0.24 -0.15197 0.10951 0.0299292 0.201985 0.165538 -0.0899494 -5.71924e-12 -2.87439e-13 -2.25653e-12 -2.45435e-13 5.19082e-13 -7.45149e-14 -0.558799 0.00795842 0.239483 0.00528501 0.999961 0.00710735 -0.000445435
-8.69174e-05 0.785048 -0.0174388 -1.5702 -0.00266095 0.785435 3.40688e-05 0.742256 0.0148354 0.102288 -0.0110721 0.00832951 1.8838e-05 3.06343e-14 0.35 -0.15197 0.10951 0.0799284 0.201985 0.165538 -0.0899494 -5.69212e-12 -3.2077e-13 -2.24397e-12 -2.46288e-13 5.16601e-13 -7.41411e-14 -0.558799 0.00795842 0.239483 0.00528501 0.999961 0.00710735 -0.000445435
-8.69174e-05 0.785048 -0.0174388 -1.5702 -0.00266095 0.785435 3.40688e-05 0.686779 0.0137266 0.0946428 -0.0102446 0.00770696 1.743e-05 2.35024e-14 0.24 -0.15197 0.10951 0.0299292 0.241985 0.165538 -0.0899494 -5.63253e-12 -2.33292e-13 -2.22981e-12 -2.42221e-13 5.11273e-13 -7.34421e-14 -0.558799 0.00795842 0.239483 0.00528501 0.999961 0.00710735 -0.000445435
-8.81915e-05 0.785048 -0.0174388 -1.5702 -0.00266095 0.785435 3.40688e-05 0.606749 0.012127 0.083614 -0.0090508 0.00680887 1.53989e-05 1.32179e-14 0.35 -0.15197 0.15951 0.0299292 0.201985 0.165538 -0.0899494 -5.5611e-12 -2.6599e-13 -2.19642e-12 -2.38307e-13 5.04706e-13 -7.24296e-14 -0.558799 0.00795913 0.239483 0.00528565 0.999961 0.00710735 -0.00044543
-8.81915e-05 0.785048 -0.0174388 -1.5702 -0.00266095 0.785435 3.40688e-05 0.501869 0.0100308 0.0691609 -0.00748633 0.00563192 1.27371e-05 -2.65064e-16 0.25 -0.15197 0.10951 0.0299292 0.201985 0.165538 -0.0899494 -5.45419e-12 -2.69701e-13 -2.1508e-12 -2.34898e-13 4.95073e-13 -7.1108e-14 -0.558799 0.00795913 0.239483 0.00528565 0.999961 0.00710735 -0.00044543
-8.81915e-05 0.785048 -0.0174388 -1.5702 -0.00266095 0.785435 3.40688e-05 0.378296 0.00756096 0.0521318 -0.005643 0.0042452 9.60091e-06 -1.61512e-14 0.24 -0.15197 0.10951 0.0799284 0.251985 0.165538 -0.0899494 -5.33533e-12 -2.48318e-13 -2.10891e-12 -2.28077e-13 4.84275e-13 -6.95508e-14 -0.558799 0.00795913 0.239483 0.00528565 0.999961 0.00710735 -0.00044543
-8.81915e-05 0.785048 -0.0174388 -1.5702 -0.00266095 0.785435 3.40688e-05 0.220398 0.00440506 0.0303723 -0.00328765 0.00247328 5.59355e-06 -3.64501e-14 0.24 -0.15197 0.15951 0.0799284 0.251985 0.165538 -0.0899494 -5.18453e-12 -1.92952e-13 -2.0503e-12 -2.19953e-13 4.70563e-13 -6.75611e-14 -0.558799 0.00795913 0.239483 0.00528565 0.999961 0.00710735 -0.00044543
-8.94656e-05 0.785048 -0.0174388 -1.5702 -0.00266095 0.785435 3.40688e-05 0.052481 0.00104893 0.00723223 -0.000782854 0.000588936 1.33193e-06 -5.80331e-14 0.35 -0.15197 0.10951 0.0799284 0.251985 0.165538 -0.0899494 -5.01408e-12 -2.01515e-13 -1.98391e-12 -2.14578e-13 4.55189e-13 -6.54412e-14 -0.558799 0.00795985 0.239483 0.00528629 0.999961 0.00710735 -0.000445426
-9.20312e-05 0.785048 -0.0174388 -1.5702 -0.00266095 0.785435 3.40688e-05 -0.143576 -0.00286963 -0.0197857 0.0021417 -0.00161119 -3.64386e-06 -8.32296e-14 0.35 -0.15197 0.15951 -0.0100718 0.201985 0.165538 -0.0699494 -4.83589e-12 -2.20452e-13 -1.91061e-12 -2.07461e-13 4.38861e-13 -6.29627e-14 -0.558799 0.00796128 0.239483 0.00528757 0.999961 0.00710735 -0.000445417
-0.000127828 0.785048 -0.0174388 -1.5702 -0.00266095 0.785435 3.40688e-05 -0.344078 -0.00687705 -0.0474163 0.00513258 -0.00386121 -8.73248e-06 -1.08895e-13 0.14 -0.15197 0.0695104 0.0299292 0.201985 0.165538 -0.0699494 -4.62829e-12 -1.74368e-13 -1.82867e-12 -1.96045e-13 4.20085e-13 -6.0326e-14 -0.558798 0.00798128 0.239483 0.00530547 0.999961 0.00710736 -0.00044529
-0.000363028 0.785048 -0.0174388 -1.5702 -0.00266095 0.785435 3.40688e-05 -0.514769 -0.0102886 -0.0709387 0.00767876 -0.00577669 -1.30645e-05 -1.30115e-13 0.03 -0.15197 0.10951 0.0299292 0.191985 0.165538 -0.0899494 -4.4088e-12 -2.05851e-13 -1.74373e-12 -1.90356e-13 4.00148e-13 -5.74511e-14 -0.558796 0.00811271 0.239483 0.00542306 0.99996 0.00710741 -0.000444454
-0.00093061 0.785048 -0.0174401 -1.5702 -0.00266095 0.785435 3.40688e-05 -0.643402 -0.0128606 -0.0886651 0.00959756 -0.00722019 -1.63291e-05 -1.06533e-13 -0.17 -0.15197 0.109522 0.0299292 0.201985 0.165538 -0.0899494 4.71226e-12 -1.1806e-12 1.55493e-12 -1.38647e-13 -3.21412e-13 -1.57962e-14 -0.558792 0.00843044 0.239483 0.00570729 0.999958 0.00710799 -0.000442436
-0.00173723 0.785048 -0.0174401 -1.5702 -0.00266095 0.785435 3.40688e-05 -0.710849 -0.0142088 -0.0979597 0.0106037 -0.00797707 -1.80409e-05 -1.15072e-13 -0.27 -0.15197 0.109522 0.0299292 0.251985 0.165538 -0.0899494 4.42307e-12 -1.12723e-12 1.45786e-12 -1.3102e-13 -3.01697e-13 -1.4823e-14 -0.558785 0.00888117 0.239483 0.00611059 0.999956 0.00710817 -0.000439569
-0.00246587 0.785048 -0.0174401 -1.5702 -0.00266095 0.785435 3.40688e-05 -0.836312 -0.0167166 -0.115249 0.0124752 -0.009385 -2.1225e-05 -1.31649e-13 -0.38 -0.15197 0.109522 0.0299292 0.201985 0.165538 -0.0899494 4.08894e-12 -1.03739e-12 1.35035e-12 -1.21064e-13 -2.78897e-13 -1.37064e-14 -0.558778 0.00928832 0.239483 0.00647489 0.999954 0.00710833 -0.000436979
-0.00315103 0.785048 -0.0174401 -1.5702 -0.00266095 0.785435 3.40688e-05 -0.977406 -0.0195368 -0.134693 0.0145799 -0.0109683 -2.48059e-05 -1.50412e-13 -0.48 -0.15197 0.0695224 0.0299292 0.201985 0.185538 -0.0699494 3.75461e-12 -9.3914e-13 1.23948e-12 -1.10635e-13 -2.56132e-13 -1.25714e-14 -0.558772 0.00967117 0.239483 0.00681746 0.999951 0.00710848 -0.000434544
-0.00448944 0.785048 -0.0174401 -1.5702 -0.00266095 0.785435 3.40688e-05 -0.960804 -0.019205 -0.132405 0.0143322 -0.010782 -2.43845e-05 -1.46929e-13 -0.48 -0.15197 0.0695224 0.0299292 0.201985 0.165538 -0.0899494 3.41654e-12 -8.11999e-13 1.12461e-12 -9.77431e-14 -2.33096e-13 -1.14296e-14 -0.558758 0.010419 0.239483 0.00748662 0.999947 0.00710877 -0.000429787
-0.00652708 0.785048 -0.0174401 -1.5702 -0.00266095 0.785435 3.40688e-05 -0.811994 -0.0162305 -0.111898 0.0121124 -0.00911211 -2.06079e-05 -1.24659e-13 -0.27 -0.15197 0.159522 0.0299292 0.251985 0.165538 -0.0899494 3.03093e-12 -7.4234e-13 9.97095e-13 -8.76229e-14 -2.06767e-13 -1.01458e-14 -0.558736 0.0115576 0.239483 0.00850538 0.999938 0.0071092 -0.000422544
-0.00857622 0.785048 -0.0174401 -1.5702 -0.00266095 0.785435 3.40688e-05 -0.64589 -0.0129103 -0.0890079 0.00963467 -0.00724811 -1.63923e-05 -1.00003e-13 -0.06 -0.15197 0.259522 0.0299292 0.201985 0.165538 -0.0899494 2.65791e-12 -6.57532e-13 8.7558e-13 -7.77066e-14 -1.81267e-13 -8.91527e-15 -0.558711 0.0127025 0.239483 0.00952988 0.999929 0.00710963 -0.00041526
-0.00993635 0.785048 -0.0174401 -1.5702 -0.00266095 0.785435 3.40688e-05 -0.685515 -0.0137024 -0.0944684 0.0102257 -0.00769277 -1.73979e-05 -1.04223e-13 -0.27 -0.251968 0.159522 0.0799284 0.201985 0.165538 -0.0899494 2.25187e-12 -5.43599e-13 7.40583e-13 -6.54366e-14 -1.5359e-13 -7.54698e-15 -0.558693 0.0134624 0.239483 0.0102099 0.999923 0.00710991 -0.000410425
-0.011083 0.785048 -0.0174401 -1.5702 -0.00266095 0.785435 3.40688e-05 -0.772454 -0.0154402 -0.106449 0.0115226 -0.00866839 -1.96044e-05 -1.15133e-13 -0.38 -0.15197 0.159522 0.0299292 0.201985 0.165538 -0.0899494 1.84951e-12 -4.59517e-13 6.10747e-13 -5.35899e-14 -1.26151e-13 -6.19646e-15 -0.558677 0.014103 0.239483 0.0107832 0.999916 0.00711014 -0.000406349
-0.0119433 0.785048 -0.0174401 -1.5702 -0.00266095 0.785435 3.40688e-05 -0.922008 -0.0184295 -0.127059 0.0137535 -0.0103467 -2.33999e-05 -1.34901e-13 -0.48 -0.15197 0.0695224 0.0299292 0.201985 0.165538 -0.0899494 1.45179e-12 -3.61756e-13 4.78277e-13 -4.20802e-14 -9.89928e-14 -4.87288e-15 -0.558665 0.0145836 0.239483 0.0112133 0.999912 0.00711032 -0.00040329
-0.0131488 0.785048 -0.0174401 -1.5702 -0.00266095 0.785435 3.40688e-05 -0.992489 -0.0198383 -0.136771 0.0148048 -0.0111376 -2.51887e-05 -1.43498e-13 -0.48 -0.15197 0.109522 0.0299292 0.251985 0.185538 -0.0899494 1.05355e-12 -2.51095e-13 3.46646e-13 -3.01646e-14 -7.18516e-14 -3.53007e-15 -0.558647 0.015257 0.239483 0.011816 0.999905 0.00711056 -0.000399004
-0.014886 0.785048 -0.0174401 -1.5702 -0.00266095 0.785435 3.40688e-05 -0.936916 -0.0187275 -0.129113 0.0139759 -0.010514 -2.37911e-05 4.76865e-12 -0.27 -0.251968 0.119523 0.0299282 0.201986 0.165538 -0.0699494 1.83725e-12 4.39071e-14 5.65344e-13 -4.28046e-14 -1.0756e-13 -2.99398e-15 -0.55862 0.0162275 0.239483 0.0126845 0.999894 0.0071109 -0.000392828
-0.0169262 0.785048 -0.0174401 -1.5702 -0.00266299 0.785435 3.40688e-05 -0.808875 -0.0161682 -0.111468 0.0120659 -0.00907711 -2.05287e-05 -1.16572e-13 -0.59 -0.15197 0.109523 0.0299282 0.151986 0.185538 -0.0699494 -3.08114e-13 1.0106e-14 -8.82262e-14 5.83597e-15 2.08876e-15 -1.05349e-15 -0.558585 0.0173673 0.239483 0.0137038 0.999881 0.00711202 -0.000385559
-0.0186979 0.785048 -0.0174401 -1.5702 -0.00266299 0.785435 3.40688e-05 -0.77777 -0.0155448 -0.107182 0.0116012 -0.00872804 -1.97224e-05 -1.64171e-12 -0.48 -0.15197 0.109534 0.0299292 0.251985 0.165538 -0.0899494 -2.89227e-13 -2.12177e-14 -4.3898e-14 4.9673e-16 3.83453e-14 -4.12189e-16 -0.558554 0.0183569 0.239483 0.0145895 0.999868 0.00711236 -0.000379258
-0.0198484 0.785048 -0.0174414 -1.5702 -0.00266299 0.785435 3.40688e-05 -0.868391 -0.0173592 -0.11967 0.0129537 -0.00974499 -2.20392e-05 -1.55788e-11 -0.37 -0.15197 0.109535 0.0799274 0.251986 0.165538 -0.109949 4.23314e-13 -1.34399e-13 2.65999e-13 -2.20431e-14 -4.47481e-14 -3.72324e-15 -0.558532 0.0190001 0.239483 0.0151651 0.99986 0.00711303 -0.000375162
-0.0206435 0.785048 -0.0174401 -1.5702 -0.00266299 0.785435 3.40688e-05 -1.0428 -0.0208417 -0.143704 0.0155543 -0.0117021 -2.64571e-05 -1.52893e-11 -0.59 -0.261971 0.0195346 0.0299282 0.201986 0.165538 -0.0899494 9.30847e-13 -5.75731e-14 -5.93247e-14 -1.41216e-14 -5.67497e-14 4.11073e-15 -0.558517 0.0194436 0.239483 0.0155622 0.999854 0.00711273 -0.000372339
-0.0221443 0.785048 -0.0174414 -1.5702 -0.00266299 0.785435 3.40688e-05 -1.07103 -0.0214099 -0.147595 0.0159764 -0.012019 -2.7182e-05 -1.92183e-11 -0.59 -0.261971 0.0195346 -0.0100727 0.201986 0.165538 -0.0699494 1.00565e-12 -3.24481e-13 6.32844e-13 -5.22874e-14 -1.06407e-13 -8.85656e-15 -0.558487 0.0202824 0.239483 0.0163129 0.999842 0.00711345 -0.000366996
-0.0242394 0.785048 -0.0174414 -1.5702 -0.00266299 0.785435 3.40688e-05 -0.933371 -0.0186581 -0.128625 0.013923 -0.0104742 -2.36883e-05 -1.67519e-11 -0.48 -0.15197 0.109535 0.0299282 0.241986 0.165538 -0.0899494 1.2922e-12 -4.11546e-13 8.11493e-13 -6.76008e-14 -1.36713e-13 -1.13719e-14 -0.558443 0.0214524 0.239483 0.0173603 0.999824 0.00711383 -0.000359544
-0.0264854 0.785048 -0.0174414 -1.5702 -0.00266299 0.785435 3.40688e-05 -0.737703 -0.0147467 -0.10166 0.0110042 -0.00827842 -1.87224e-05 -1.32448e-11 -0.27 -0.261971 0.209535 0.0299282 0.201986 0.165538 -0.0899494 1.56052e-12 -5.10553e-13 9.83883e-13 -8.14181e-14 -1.6515e-13 -1.3745e-14 -0.558394 0.0227066 0.239483 0.0184831 0.999804 0.00711423 -0.000351555
-0.028192 0.785048 -0.0174414 -1.5702 -0.00266299 0.785435 3.40688e-05 -0.665712 -0.0133076 -0.0917394 0.00993034 -0.00747054 -1.68953e-05 -1.1956e-11 -0.27 -0.15197 0.209535 0.0299282 0.251986 0.165538 -0.0899494 1.82546e-12 -5.84019e-13 1.14939e-12 -9.4786e-14 -1.93147e-13 -1.60637e-14 -0.558354 0.0236595 0.239483 0.0193362 0.999788 0.00711453 -0.000345484
-0.0289756 0.785048 -0.0174414 -1.5702 -0.00266299 0.785435 3.40688e-05 -0.809723 -0.0161864 -0.111585 0.0120785 -0.00908662 -2.05502e-05 -1.45411e-11 -0.48 -0.251968 0.159535 0.0799274 0.251986 0.165538 -0.0899494 2.07824e-12 -6.64896e-13 1.30973e-12 -1.08294e-13 -2.2e-13 -1.83191e-14 -0.558336 0.0240971 0.239483 0.0197279 0.99978 0.00711467 -0.000342697
-0.0294473 0.785048 -0.0174414 -1.5702 -0.00266299 0.785435 3.40688e-05 -1.01916 -0.0203731 -0.140447 0.0152027 -0.0114369 -2.58657e-05 -1.82997e-11 -0.69 -0.15197 0.0695346 0.0299282 0.251986 0.165538 -0.0899494 2.32382e-12 -7.51231e-13 1.46405e-12 -1.21938e-13 -2.46061e-13 -2.05022e-14 -0.558324 0.0243604 0.239483 0.0199637 0.999775 0.00711475 -0.000341019
-0.0307589 0.785048 -0.0174414 -1.5702 -0.00266299 0.785435 3.40688e-05 -1.03589 -0.0207097 -0.142753 0.0154532 -0.0116247 -2.62986e-05 -3.54223e-12 -0.48 -0.15197 0.109523 0.0299282 0.141986 0.165538 -0.0899494 4.14111e-12 -1.46686e-13 2.42474e-12 -3.47352e-14 -6.02934e-13 -6.88425e-15 -0.558292 0.0250927 0.239483 0.0206193 0.999762 0.00711497 -0.000336353
-0.0326431 0.785048 -0.0174414 -1.5702 -0.00266299 0.785435 3.40688e-05 -0.873926 -0.0174698 -0.120433 0.0130362 -0.0098071 -2.21797e-05 -1.56991e-11 -0.37 -0.251968 0.219535 0.0799274 0.201986 0.165538 -0.0899494 2.80923e-12 -9.40345e-13 1.77373e-12 -1.48521e-13 -2.97434e-13 -2.47742e-14 -0.558243 0.0261446 0.239483 0.0215612 0.999742 0.00711528 -0.00032965
-0.0345989 0.785048 -0.0174414 -1.5702 -0.00266299 0.785435 3.40688e-05 -0.701962 -0.0140322 -0.0967349 0.0104711 -0.00787734 -1.78153e-05 -1.26169e-11 -0.17 -0.251968 0.209535 0.0299282 0.241986 0.165538 -0.0899494 3.04633e-12 -9.89621e-13 1.92024e-12 -1.59299e-13 -3.22432e-13 -2.68301e-14 -0.558191 0.0272364 0.239483 0.0225389 0.999721 0.0071156 -0.000322692
-0.0355078 0.785048 -0.0174414 -1.5702 -0.00266299 0.785435 3.40688e-05 -0.75704 -0.0151332 -0.104325 0.0112927 -0.00849542 -1.92132e-05 -1.36066e-11 -0.37 -0.251968 0.159535 0.0799274 0.151986 0.165538 -0.0899494 3.25963e-12 -1.03207e-12 2.05282e-12 -1.69782e-13 -3.44961e-13 -2.86932e-14 -0.558166 0.0277437 0.239483 0.0229932 0.99971 0.00711575 -0.000319458
-0.0356829 0.785048 -0.0174414 -1.5702 -0.00266299 0.785435 3.40688e-05 -0.96351 -0.0192606 -0.132778 0.0143726 -0.0108124 -2.44532e-05 -1.73114e-11 -0.59 -0.15197 0.0195346 0.0299282 0.201986 0.165538 -0.0899494 3.45332e-12 -1.0856e-12 2.17109e-12 -1.78918e-13 -3.65371e-13 -3.03692e-14 -0.558161 0.0278414 0.239483 0.0230807 0.999708 0.00711578 -0.000318835
-0.0361227 0.785048 -0.0174414 -1.5702 -0.00266299 0.785435 3.40688e-05 -1.10525 -0.0220939 -0.15231 0.0164868 -0.012403 -2.80504e-05 -1.98552e-11 -0.59 -0.15197 0.0695346 -0.0100727 0.201986 0.165538 -0.0899494 3.64148e-12 -1.18031e-12 2.29052e-12 -1.90567e-13 -3.85344e-13 -3.20446e-14 -0.558149 0.0280869 0.239483 0.0233005 0.999703 0.00711585 -0.00031727
-0.0373 0.785048 -0.0174414 -1.5702 -0.00266299 0.785435 3.40688e-05 -1.02885 -0.0205667 -0.141782 0.0153472 -0.0115456 -2.61115e-05 -1.84864e-11 -0.59 -0.251968 0.0695346 0.0799274 0.191986 0.165538 -0.0899494 3.78903e-12 -1.24129e-12 2.38964e-12 -1.99058e-13 -4.01348e-13 -3.34644e-14 -0.558116 0.028744 0.239483 0.023889 0.999689 0.00711603 -0.000313081
-0.0389363 0.785048 -0.0174414 -1.5702 -0.00266299 0.785435 3.40688e-05 -0.835169 -0.016695 -0.115092 0.0124581 -0.00937217 -2.1196e-05 -1.50141e-11 -0.48 -0.261971 0.159535 0.0299282 0.251986 0.165538 -0.0899494 3.95009e-12 -1.35089e-12 2.49442e-12 -2.09147e-13 -4.18293e-13 -3.48494e-14 -0.558068 0.0296572 0.239483 0.0247069 0.999669 0.00711628 -0.00030726
-0.0399666 0.785048 -0.0174414 -1.5702 -0.00266299 0.785435 3.40688e-05 -0.752977 -0.015052 -0.103765 0.0112321 -0.00844983 -1.91101e-05 -1.3541e-11 -0.48 -0.15197 0.109535 0.0299282 0.201986 0.165538 -0.0899494 4.08362e-12 -1.30229e-12 2.57324e-12 -2.12234e-13 -4.32305e-13 -3.59889e-14 -0.558037 0.0302321 0.239483 0.0252219 0.999656 0.00711644 -0.000303593
-0.0401315 0.785048 -0.0174414 -1.5702 -0.00266299 0.785435 3.40688e-05 -0.866521 -0.0173218 -0.119412 0.0129258 -0.009724 -2.19917e-05 -1.55785e-11 -0.48 -0.15197 0.109535 0.0299282 0.201986 0.165538 -0.0899494 4.19534e-12 -1.37963e-12 2.65091e-12 -2.18224e-13 -4.44297e-13 -3.70232e-14 -0.558032 0.0303241 0.239483 0.0253043 0.999654 0.00711647 -0.000303007
-0.0401404 0.785048 -0.0174414 -1.5702 -0.00266299 0.785435 3.40688e-05 -0.990082 -0.0197918 -0.13644 0.0147689 -0.0111106 -2.51276e-05 -1.77955e-11 -0.48 -0.15197 0.109535 0.0299282 0.201986 0.165538 -0.0899494 4.29855e-12 -1.41599e-12 2.70817e-12 -2.24494e-13 -4.55022e-13 -3.78688e-14 -0.558032 0.0303291 0.239483 0.0253088 0.999654 0.00711647 -0.000302975
-0.0403603 0.785048 -0.0174414 -1.5702 -0.00266299 0.785435 3.40688e-05 -1.0399 -0.0207876 -0.143305 0.0155121 -0.0116696 -2.6392e-05 -1.86897e-11 -0.59 -0.15197 0.109535 0.0299282 0.251986 0.165538 -0.0699494 4.3767e-12 -1.43352e-12 2.75967e-12 -2.28953e-13 -4.6332e-13 -3.85649e-14 -0.558025 0.0304518 0.239483 0.0254187 0.999651 0.0071165 -0.000302192
-0.0410327 0.785048 -0.0174414 -1.5702 -0.00266299 0.785435 3.40688e-05 -0.962047 -0.0192313 -0.132576 0.0143507 -0.010796 -2.44161e-05 -1.7294e-11 -0.59 -0.15197 0.109535 0.0299282 0.251986 0.165538 -0.0899494 4.43384e-12 -1.41757e-12 2.79954e-12 -2.30571e-13 -4.69611e-13 -3.91457e-14 -0.558004 0.030827 0.239483 0.0257547 0.999643 0.0071166 -0.0002998
-0.0416591 0.785048 -0.0174414 -1.5702 -0.00266299 0.785435 3.40688e-05 -0.865148 -0.0172943 -0.119223 0.0129053 -0.0097086 -2.19569e-05 -1.55564e-11 -0.48 -0.15197 0.109535 0.0299282 0.151986 0.185538 -0.0899494 4.48625e-12 -1.44038e-12 2.82802e-12 -2.32243e-13 -4.74892e-13 -3.95229e-14 -0.557985 0.0311766 0.239483 0.0260678 0.999635 0.0071167 -0.000297571
-0.0417984 0.785048 -0.0174414 -1.5702 -0.00266299 0.785435 3.40688e-05 -0.865637 -0.0173041 -0.11929 0.0129126 -0.00971409 -2.19693e-05 -1.55654e-11 -0.48 -0.15197 0.109535 0.0799274 0.251986 0.185538 -0.0899494 4.5138e-12 -1.48482e-12 2.84586e-12 -2.36622e-13 -4.77778e-13 -3.9755e-14 -0.557981 0.0312543 0.239483 0.0261375 0.999633 0.00711672 -0.000297075
-0.0417959 0.785048 -0.0174414 -1.5702 -0.00266299 0.785435 3.40688e-05 -0.87396 -0.0174705 -0.120437 0.0130368 -0.00980748 -2.21805e-05 -1.57147e-11 -0.38 -0.15197 0.109535 -0.020072 0.251986 0.165538 -0.0899494 4.5184e-12 -1.50405e-12 2.84888e-12 -2.37793e-13 -4.78301e-13 -3.98068e-14 -0.557981 0.0312529 0.239483 0.0261362 0.999633 0.00711672 -0.000297084
-0.0417971 0.785048 -0.0174414 -1.5702 -0.00266299 0.785435 3.40688e-05 -0.856875 -0.0171289 -0.118083 0.0127819 -0.00961575 -2.17469e-05 -1.54082e-11 -0.38 -0.261971 0.109535 0.0299282 0.251986 0.165538 -0.0699494 4.50192e-12 -1.39692e-12 2.83828e-12 -2.33061e-13 -4.76656e-13 -3.9694e-14 -0.557981 0.0312536 0.239483 0.0261368 0.999633 0.00711672 -0.00029708
-0.0417971 0.785048 -0.0174414 -1.5702 -0.00266299 0.785435 3.40688e-05 -0.816983 -0.0163315 -0.112586 0.0121868 -0.00916809 -2.07345e-05 -1.46925e-11 -0.48 -0.15197 0.159535 0.0799274 0.201986 0.165538 -0.0899494 4.47352e-12 -1.43915e-12 2.81813e-12 -2.32744e-13 -4.73592e-13 -3.94258e-14 -0.557981 0.0312536 0.239483 0.0261368 0.999633 0.00711672 -0.00029708
-0.0417818 0.785048 -0.0174414 -1.5702 -0.00266299 0.785435 3.40688e-05 -0.751665 -0.0150258 -0.103584 0.0112125 -0.0084351 -1.90768e-05 -1.35205e-11 -0.37 -0.15197 0.109535 0.0299282 0.191986 0.185538 -0.0899494 4.42585e-12 -1.4381e-12 2.78803e-12 -2.3239e-13 -4.68406e-13 -3.89613e-14 -0.557981 0.031245 0.239483 0.0261291 0.999633 0.00711671 -0.000297134
-0.0417741 0.785048 -0.0174414 -1.5702 -0.00266299 0.785435 3.40688e-05 -0.657802 -0.0131495 -0.0906494 0.00981235 -0.00738178 -1.66946e-05 -1.18363e-11 -0.38 -0.251968 0.159535 0.0299282 0.251986 0.165538 -0.0899494 4.34797e-12 -1.45893e-12 2.74418e-12 -2.28945e-13 -4.60299e-13 -3.83176e-14 -0.557981 0.0312408 0.239483 0.0261253 0.999633 0.00711671 -0.000297162
-0.0417703 0.785048 -0.0174414 -1.5702 -0.00266299 0.785435 3.40688e-05 -0.546699 -0.0109285 -0.0753387 0.00815504 -0.006135 -1.38749e-05 -9.84291e-12 -0.27 -0.261971 0.109535 0.0799274 0.241986 0.165538 -0.0899494 4.25708e-12 -1.39938e-12 2.68255e-12 -2.23845e-13 -4.5082e-13 -3.75642e-14 -0.557982 0.0312386 0.239483 0.0261234 0.999633 0.00711671 -0.000297175
-0.0417652 0.785048 -0.0174414 -1.5702 -0.00266299 0.785435 3.40688e-05 -0.413861 -0.00827308 -0.0570327 0.00617351 -0.0046443 -1.05035e-05 -7.45947e-12 -0.38 -0.15197 0.159535 0.0299282 0.201986 0.165538 -0.0899494 4.15602e-12 -1.34724e-12 2.62316e-12 -2.17013e-13 -4.40088e-13 -3.66625e-14 -0.557982 0.0312358 0.239483 0.0261208 0.999633 0.00711671 -0.000297194
-0.0417575 0.785048 -0.0174414 -1.5702 -0.00266299 0.785435 3.40688e-05 -0.253465 -0.00506676 -0.0349291 0.0037809 -0.00284435 -6.43276e-06 -4.58159e-12 -0.27 -0.251968 0.109535 0.0299282 0.251986 0.165538 -0.0699494 4.03282e-12 -1.34647e-12 2.54589e-12 -2.12524e-13 -4.27031e-13 -3.55713e-14 -0.557982 0.0312315 0.239483 0.026117 0.999633 0.00711671 -0.000297221
-0.0417473 0.785048 -0.0174401 -1.5702 -0.00266299 0.785435 3.40688e-05 -0.0784854 -0.0015688 -0.0108158 0.00117076 -0.000880754 -1.99191e-06 1.33281e-14 -0.38 -0.15197 0.109523 0.0299282 0.191986 0.165538 -0.0899494 7.14543e-12 -2.96073e-13 2.0493e-12 -1.43935e-13 -4.78447e-14 2.45369e-14 -0.557982 0.0312252 0.239483 0.0261114 0.999634 0.00711626 -0.000297267
-0.0417358 0.785048 -0.0174401 -1.5702 -0.00266299 0.785435 3.40688e-05 0.116221 0.00232308 0.016016 -0.00173365 0.00130422 2.94961e-06 4.01869e-14 -0.27 -0.15197 0.109523 0.0799274 0.201986 0.165538 -0.0899494 6.87276e-12 -2.20498e-13 1.96295e-12 -1.34632e-13 -4.62585e-14 2.35889e-14 -0.557983 0.0312188 0.239483 0.0261057 0.999634 0.00711626 -0.000297308
-0.041677 0.785048 -0.0174401 -1.5702 -0.00266299 0.785435 3.40688e-05 0.336938 0.00673486 0.0464322 -0.00502606 0.00378108 8.55125e-06 7.058e-14 -0.27 -0.15197 0.109523 0.0299282 0.251986 0.165538 -0.0899494 6.54003e-12 -2.5115e-13 1.86917e-12 -1.30845e-13 -4.37358e-14 2.24607e-14 -0.557984 0.031186 0.239483 0.0260763 0.999635 0.00711625 -0.000297518
-0.0412935 0.785048 -0.0174401 -1.5702 -0.00266299 0.785435 3.40688e-05 0.4999 0.00999222 0.0688895 -0.00745695 0.00560982 1.26871e-05 9.26217e-14 0.04 -0.15197 0.109523 0.0299282 0.201986 0.165538 -0.0899494 6.1885e-12 -2.35219e-13 1.7743e-12 -1.22807e-13 -4.18964e-14 2.1229e-14 -0.557996 0.030972 0.239483 0.0258846 0.99964 0.00711619 -0.000298882
-0.0405738 0.785048 -0.0174401 -1.5702 -0.00266299 0.785435 3.40688e-05 0.590495 0.0118031 0.0813741 -0.00880834 0.00662647 1.49864e-05 1.04281e-13 0.14 -0.15197 0.109523 0.0299282 0.251986 0.165538 -0.0899494 5.81345e-12 -2.15948e-13 1.66075e-12 -1.16459e-13 -3.91888e-14 1.99506e-14 -0.558019 0.0305704 0.239483 0.0255249 0.999649 0.00711608 -0.000301443
-0.0396777 0.785048 -0.0174401 -1.5702 -0.00266299 0.785435 3.40688e-05 0.644509 0.0128827 0.0888176 -0.00961406 0.00723261 1.63572e-05 1.10686e-13 0.45 -0.251968 0.209523 0.0799274 0.201986 0.165538 -0.0899494 5.4271e-12 -2.33065e-13 1.55705e-12 -1.09027e-13 -3.62542e-14 1.86409e-14 -0.558046 0.0300703 0.239483 0.025077 0.99966 0.00711595 -0.000304631
-0.0387509 0.785048 -0.0174401 -1.5702 -0.00266299 0.785435 3.40688e-05 0.706363 0.0141191 0.0973414 -0.0105367 0.00792672 1.7927e-05 1.18136e-13 0.24 -0.251968 0.0695227 0.0799274 0.201986 0.165538 -0.0899494 5.02578e-12 -1.70201e-13 1.43898e-12 -9.8398e-14 -3.36785e-14 1.72577e-14 -0.558073 0.0295532 0.239483 0.0246138 0.999672 0.00711581 -0.000307929
-0.0380095 0.785048 -0.0174401 -1.5702 -0.00266299 0.785435 3.40688e-05 0.827679 0.016544 0.11406 -0.0123464 0.00928813 2.10059e-05 1.3401e-13 0.35 -0.15197 0.109523 0.0299282 0.201986 0.145538 -0.0899494 4.60403e-12 -1.50568e-13 1.31437e-12 -9.06814e-14 -3.09206e-14 1.58063e-14 -0.558095 0.0291394 0.239483 0.0242432 0.999681 0.00711569 -0.000310566
-0.0369255 0.785048 -0.0174401 -1.5702 -0.00266299 0.785435 3.40688e-05 0.878317 0.0175562 0.121038 -0.0131017 0.00985638 2.22911e-05 1.39728e-13 0.35 -0.15197 0.159523 0.0299282 0.241986 0.185538 -0.0899494 4.16575e-12 -1.69186e-13 1.19399e-12 -8.27835e-14 -2.81737e-14 1.42926e-14 -0.558126 0.0285344 0.239483 0.0237014 0.999694 0.00711552 -0.000314423
-0.035201 0.785048 -0.0174401 -1.5702 -0.00266299 0.785435 3.40688e-05 0.810926 0.0162091 0.111751 -0.0120965 0.00910012 2.05808e-05 1.28406e-13 0.46 -0.251968 0.199523 0.0799274 0.151986 0.185538 -0.0899494 3.6719e-12 -1.11511e-13 1.04776e-12 -7.21204e-14 -2.49132e-14 1.25946e-14 -0.558175 0.0275719 0.239483 0.0228394 0.999714 0.00711525 -0.000320558
-0.033024 0.785048 -0.0174401 -1.5702 -0.00266299 0.785435 3.40688e-05 0.645097 0.0128945 0.0888987 -0.00962284 0.00723921 1.63721e-05 1.02967e-13 0.35 -0.261971 0.159523 0.0799274 0.201986 0.165538 -0.0899494 3.15871e-12 -1.0574e-13 9.03442e-13 -6.23683e-14 -2.1354e-14 1.08386e-14 -0.558233 0.0263567 0.239483 0.0217512 0.999738 0.0071149 -0.000328303
-0.0315668 0.785048 -0.0174388 -1.5702 -0.00266299 0.785435 3.40688e-05 0.637587 0.0127433 0.0878637 -0.0095108 0.00715493 1.61815e-05 1.10472e-13 0.24 -0.151966 0.109511 0.0799284 0.251985 0.165538 -0.0899494 -1.21995e-12 -3.95378e-13 -1.68833e-12 -1.03971e-14 2.95431e-14 1.93637e-14 -0.558271 0.0255426 0.239483 0.0210223 0.999754 0.0071142 -0.000333495
-0.0304981 0.785048 -0.0174388 -1.5702 -0.00266299 0.785435 3.40688e-05 0.746575 0.0149217 0.102883 -0.0111366 0.00837799 1.89476e-05 1.22296e-13 0.25 -0.151966 0.109511 0.0299292 0.201985 0.185538 -0.0899494 -9.84291e-13 -3.04148e-13 -1.36202e-12 -7.1918e-15 2.38794e-14 1.56135e-14 -0.558298 0.024946 0.239483 0.0204881 0.999765 0.00711402 -0.000337296
-0.0297196 0.785048 -0.0174388 -1.5702 -0.00266299 0.785435 3.40688e-05 0.918431 0.0183565 0.126566 -0.0137001 0.0103065 2.33092e-05 1.43184e-13 0.35 -0.151966 0.109511 0.0299292 0.151985 0.165538 -0.0899494 -7.51926e-13 -2.37905e-13 -1.0413e-12 -5.99662e-15 1.81965e-14 1.19445e-14 -0.558317 0.0245113 0.239483 0.0200989 0.999773 0.00711389 -0.000340065
-0.0284208 0.785048 -0.0174388 -1.5702 -0.00266299 0.785435 3.40688e-05 0.967863 0.0193445 0.133378 -0.0144375 0.0108612 2.45637e-05 1.46531e-13 0.35 -0.151966 0.109511 0.0299292 0.191985 0.185538 -0.0899494 -5.18188e-13 -1.63305e-13 -7.17479e-13 -3.89868e-15 1.25667e-14 8.22843e-15 -0.558349 0.0237862 0.239483 0.0194497 0.999785 0.00711367 -0.000344685
-0.0264394 0.785048 -0.0174388 -1.5702 -0.00266299 0.785435 3.40688e-05 0.85377 0.0170642 0.117655 -0.0127356 0.00958092 2.16681e-05 1.2648e-13 0.45 -0.251965 0.159511 0.0299292 0.201985 0.165538 -0.0899494 -2.81611e-13 -9.05299e-14 -3.90434e-13 -2.12199e-15 6.82647e-15 4.47986e-15 -0.558395 0.0226798 0.239483 0.0184592 0.999804 0.00711332 -0.000351732
-0.0240835 0.785048 -0.0174388 -1.5702 -0.00266299 0.785435 3.40688e-05 0.679705 0.0135852 0.0936678 -0.0101391 0.00762758 1.72505e-05 9.75387e-14 0.14 -0.251965 0.0695107 0.0299292 0.241985 0.165538 -0.0899494 -2.54097e-14 -8.39024e-15 -3.57109e-14 1.77252e-16 6.36923e-16 4.11998e-16 -0.558447 0.0213642 0.239483 0.0172814 0.999825 0.00711291 -0.000360111
-0.0222836 0.785048 -0.0174388 -1.5702 -0.00266299 0.785435 3.40688e-05 0.61195 0.012231 0.0843308 -0.00912839 0.00686724 1.55309e-05 8.4088e-14 0.24 -0.151966 0.0695107 0.0299292 0.201985 0.165538 -0.0899494 2.12365e-13 6.73432e-14 2.93277e-13 2.33706e-15 -5.12844e-15 -3.35684e-15 -0.558484 0.020359 0.239483 0.0163816 0.99984 0.00711258 -0.000366512
-0.0212993 0.785048 -0.0174388 -1.5702 -0.00266299 0.785435 3.40688e-05 0.771596 0.0154218 0.106331 -0.0115098 0.00865877 1.95826e-05 1.02846e-13 0.24 -0.151966 0.0695107 0.0799284 0.201985 0.165538 -0.0899494 4.6804e-13 1.51085e-13 6.46851e-13 4.37245e-15 -1.13206e-14 -7.41153e-15 -0.558504 0.0198093 0.239483 0.0158896 0.999848 0.0071124 -0.000370013
-0.0207931 0.785049 -0.0174388 -1.5702 -0.00266299 0.785435 3.40688e-05 1.01541 0.0202947 0.139929 -0.0151467 0.0113948 2.57703e-05 1.34539e-13 0.56 -0.151951 0.209511 0.0299406 0.151985 0.165537 -0.0899494 5.18573e-13 -8.50643e-14 3.58901e-13 1.7641e-14 6.0113e-14 -1.05501e-14 -0.558514 0.0195266 0.239482 0.0156365 0.999852 0.0071123 -0.000371211
-0.0193205 0.785049 -0.0174388 -1.5702 -0.00266299 0.785435 3.40688e-05 1.03327 0.0206517 0.142391 -0.0154131 0.0115952 2.62236e-05 1.33466e-13 0.56 -0.151951 0.119511 0.0299406 0.251985 0.165537 -0.0899494 6.97992e-13 -9.55024e-14 4.80308e-13 2.39809e-14 8.06589e-14 -1.4175e-14 -0.558542 0.0187041 0.239482 0.0149003 0.999864 0.00711203 -0.000376448
-0.0170706 0.785049 -0.0174388 -1.5702 -0.00266299 0.785435 3.40688e-05 0.84086 0.0168061 0.115876 -0.012543 0.00943603 2.13405e-05 1.02545e-13 0.35 -0.151951 0.0695113 0.0799398 0.201985 0.165537 -0.0899494 8.65477e-13 -1.25946e-13 5.97794e-13 3.07005e-14 1.00263e-13 -1.76037e-14 -0.558583 0.0174474 0.239482 0.0137755 0.99988 0.0071116 -0.000384448
-0.0146316 0.785049 -0.0174388 -1.5702 -0.00266299 0.785435 3.40688e-05 0.595007 0.0118923 0.0819958 -0.00887564 0.0066771 1.51009e-05 6.40563e-14 0.14 -0.251949 0.0195113 0.0299406 0.201985 0.165537 -0.0899494 1.03066e-12 -1.76829e-13 7.13006e-13 3.50284e-14 1.19387e-13 -2.0963e-14 -0.558624 0.016085 0.239482 0.0125561 0.999896 0.00711112 -0.00039312
-0.013058 0.785049 -0.0174388 -1.5702 -0.00266299 0.785435 3.40688e-05 0.551914 0.011031 0.0760573 -0.00823283 0.00619352 1.40072e-05 5.46224e-14 0.14 -0.251949 0.0195113 0.0799398 0.201985 0.165537 -0.0899494 1.18777e-12 -2.00904e-13 8.2399e-13 4.14389e-14 1.38351e-13 -2.42395e-14 -0.558648 0.0152059 0.239482 0.0117694 0.999905 0.00711081 -0.000398715
-0.012594 0.785049 -0.0174388 -1.5702 -0.00266299 0.785435 3.40688e-05 0.795895 0.0159074 0.109679 -0.0118723 0.00893143 2.01993e-05 8.60534e-14 0.35 -0.151951 0.0695113 0.0299406 0.191985 0.165537 -0.0899494 1.36076e-12 -2.29062e-13 9.39971e-13 4.57341e-14 1.57548e-13 -2.76703e-14 -0.558655 0.0149466 0.239482 0.0115374 0.999908 0.00711072 -0.000400365
-0.012392 0.785049 -0.0174388 -1.5702 -0.00266299 0.785435 3.40688e-05 1.06562 0.0212984 0.14685 -0.0158958 0.0119583 2.70448e-05 1.21531e-13 0.66 -0.261951 0.159511 0.0799398 0.201985 0.165537 -0.0899494 1.51126e-12 -2.24501e-13 1.04564e-12 5.36704e-14 1.75001e-13 -3.07338e-14 -0.558658 0.0148338 0.239482 0.0114364 0.999909 0.00711068 -0.000401083
-0.0113374 0.785049 -0.0174388 -1.5702 -0.00266299 0.785435 3.40688e-05 1.11447 0.0222747 0.153581 -0.0166244 0.0125064 2.82845e-05 1.25568e-13 0.77 -0.251949 0.259511 0.0299406 0.201985 0.165537 -0.0899494 1.65434e-12 -2.82173e-13 1.14749e-12 5.72446e-14 1.91873e-13 -3.3676e-14 -0.558674 0.0142446 0.239482 0.0109092 0.999915 0.00711047 -0.000404833
-0.00912718 0.785049 -0.0174388 -1.5702 -0.00266299 0.785435 3.40688e-05 0.867254 0.0173337 0.119513 -0.0129367 0.00973222 2.20103e-05 8.74346e-14 0.46 -0.261951 0.109511 0.0799398 0.191985 0.185537 -0.0899494 1.7932e-12 -2.74405e-13 1.23991e-12 6.23017e-14 2.0781e-13 -3.64854e-14 -0.558704 0.0130098 0.239482 0.00980417 0.999927 0.00711001 -0.00041269
-0.00649512 0.785049 -0.0174388 -1.5702 -0.00266299 0.785435 3.40688e-05 0.52349 0.0104629 0.0721403 -0.00780884 0.00587455 1.32858e-05 3.54432e-14 0.03 -0.151951 -0.0304887 0.0299406 0.191985 0.165537 -0.0699494 1.92988e-12 -3.56546e-13 1.33981e-12 6.33461e-14 2.2451e-13 -3.93572e-14 -0.558736 0.0115392 0.239482 0.00848823 0.999939 0.00710947 -0.000422047
-0.00538171 0.785049 -0.0174388 -1.5702 -0.00266299 0.785435 3.40688e-05 0.511719 0.0102276 0.0705181 -0.00763324 0.00574245 1.29871e-05 3.12631e-14 0.14 -0.151951 0.0195113 0.0799398 0.151985 0.165537 -0.0899494 2.06046e-12 -3.31203e-13 1.4254e-12 7.04906e-14 2.38129e-13 -4.18553e-14 -0.558749 0.0109171 0.239482 0.00793155 0.999943 0.00710923 -0.000426005
-0.00528583 0.785049 -0.0174388 -1.5702 -0.00266299 0.785435 3.40688e-05 0.731272 0.0146158 0.100774 -0.0109083 0.00820624 1.85592e-05 6.03017e-14 0.25 -0.151951 0.0695113 0.0299406 0.241985 0.185537 -0.0899494 2.16903e-12 -3.13164e-13 1.49901e-12 7.66256e-14 2.51891e-13 -4.41882e-14 -0.55875 0.0108636 0.239482 0.00788362 0.999944 0.00710921 -0.000426345
-0.00523342 0.785049 -0.0174388 -1.5702 -0.00266299 0.785435 3.40688e-05 0.951862 0.0190247 0.131173 -0.0141988 0.0106817 2.41576e-05 8.95804e-14 0.45 -0.151951 0.109511 0.0299406 0.191985 0.165537 -0.0899494 2.28127e-12 -4.01504e-13 1.57775e-12 7.82825e-14 2.64486e-13 -4.64291e-14 -0.55875 0.0108343 0.239482 0.00785742 0.999944 0.0071092 -0.000426532
-0.00467736 0.785049 -0.0174388 -1.5702 -0.00266299 0.785435 3.40688e-05 1.02102 0.020407 0.140703 -0.0152304 0.0114578 2.59128e-05 9.74943e-14 0.56 -0.151951 0.159511 0.0299406 0.191985 0.165537 -0.0899494 2.3817e-12 -3.88058e-13 1.64529e-12 8.22466e-14 2.75405e-13 -4.83972e-14 -0.558756 0.0105236 0.239482 0.0075794 0.999946 0.00710908 -0.000428508
-0.00352942 0.785049 -0.0174388 -1.5702 -0.00266299 0.785435 3.40688e-05 0.925732 0.0185025 0.127572 -0.013809 0.0103885 2.34945e-05 8.21017e-14 0.56 -0.151951 0.159511 0.0799398 0.201985 0.165537 -0.0699494 2.46988e-12 -4.16387e-13 1.70567e-12 8.44392e-14 2.85461e-13 -5.01743e-14 -0.558768 0.00988215 0.239482 0.00700546 0.99995 0.00710883 -0.000432588
-0.00215012 0.785049 -0.0174388 -1.5702 -0.00266299 0.785435 3.40688e-05 0.753302 0.0150561 0.10381 -0.0112369 0.00845347 1.91183e-05 5.58845e-14 0.35 -0.151951 0.0195113 0.0299406 0.141985 0.165537 -0.0899494 2.54319e-12 -3.85713e-13 1.75819e-12 8.81238e-14 2.94784e-13 -5.17533e-14 -0.558781 0.00911143 0.239482 0.00631585 0.999955 0.00710853 -0.000437491
-0.00138696 0.785049 -0.0174388 -1.5702 -0.00266299 0.785435 3.40688e-05 0.710093 0.0141925 0.0978553 -0.0105924 0.00796857 1.80217e-05 4.83356e-14 0.35 -0.151951 0.0695113 0.0299406 0.201985 0.165537 -0.0699494 2.60542e-12 -4.65978e-13 1.80703e-12 8.71945e-14 3.03029e-13 -5.31281e-14 -0.558788 0.00868499 0.239482 0.00593428 0.999957 0.00710836 -0.000440203
-0.00122334 0.785049 -0.0174388 -1.5702 -0.00266299 0.785435 3.40688e-05 0.800228 0.015994 0.110276 -0.0119369 0.00898006 2.03092e-05 5.99656e-14 0.45 -0.151951 0.109511 0.0299406 0.201985 0.185537 -0.0899494 2.67207e-12 -4.15753e-13 1.84588e-12 9.3794e-14 3.0974e-13 -5.43773e-14 -0.558789 0.00859356 0.239482 0.00585247 0.999958 0.00710833 -0.000440785
-0.00119138 0.785049 -0.0174388 -1.5702 -0.00266299 0.785435 3.40688e-05 0.889654 0.0177814 0.1226 -0.0132709 0.00998359 2.25788e-05 7.181e-14 0.45 -0.261951 0.109511 0.0799398 0.251985 0.165537 -0.0899494 2.72563e-12 -3.84993e-13 1.88066e-12 9.59225e-14 3.14455e-13 -5.53108e-14 -0.558789 0.0085757 0.239482 0.0058365 0.999958 0.00710832 -0.000440899
-0.000947225 0.785049 -0.0174388 -1.5702 -0.00266299 0.785435 3.40688e-05 0.909487 0.0181778 0.125333 -0.0135667 0.0102062 2.30822e-05 7.38809e-14 0.45 -0.261951 0.109511 0.0799398 0.201985 0.145537 -0.0899494 2.7536e-12 -4.6553e-13 1.90871e-12 9.38088e-14 3.19541e-13 -5.60738e-14 -0.558791 0.00843927 0.239482 0.00571442 0.999958 0.00710827 -0.000441766
-0.000580339 0.785049 -0.0174388 -1.5702 -0.00266299 0.785435 3.40688e-05 0.869497 0.0173785 0.119822 -0.0129702 0.00975738 2.20672e-05 6.76903e-14 0.45 -0.151951 0.109511 0.0299406 0.141985 0.165537 -0.0699494 2.77521e-12 -3.9863e-13 1.91934e-12 9.78074e-14 3.22397e-13 -5.65502e-14 -0.558795 0.00823426 0.239482 0.00553099 0.999959 0.00710819 -0.00044307
-0.0001764 0.785049 -0.0174388 -1.5702 -0.00266299 0.785435 3.40688e-05 0.797782 0.0159451 0.109939 -0.0119004 0.00895261 2.02472e-05 5.71845e-14 0.35 -0.151951 0.0695113 0.0799398 0.251985 0.165537 -0.0699494 2.79418e-12 -4.47674e-13 1.93172e-12 9.61762e-14 3.23382e-13 -5.6809e-14 -0.558798 0.00800854 0.239482 0.00532903 0.99996 0.0071081 -0.000444506
-0.000126554 0.785049 -0.0174388 -1.5702 -0.00266299 0.785435 3.40688e-05 0.7877 0.0157436 0.10855 -0.01175 0.00883947 1.99913e-05 5.57238e-14 0.35 -0.261951 0.109511 0.0299406 0.241985 0.145537 -0.0899494 2.79217e-12 -4.30914e-13 1.93155e-12 9.77676e-14 3.2373e-13 -5.68291e-14 -0.558798 0.00798068 0.239482 0.0053041 0.999961 0.00710809 -0.000444683
-0.000126554 0.785049 -0.0174388 -1.5702 -0.00266299 0.785435 3.40688e-05 0.766435 0.0153186 0.10562 -0.0114328 0.00860084 1.94516e-05 5.28894e-14 0.45 -0.251949 0.159511 0.0299406 0.251985 0.165537 -0.0899494 2.77807e-12 -4.52986e-13 1.92467e-12 9.59442e-14 3.22884e-13 -5.66249e-14 -0.558798 0.00798068 0.239482 0.0053041 0.999961 0.00710809 -0.000444683
-0.000126554 0.785049 -0.0174388 -1.5702 -0.00266299 0.785435 3.40688e-05 0.717333 0.0143372 0.098853 -0.0107004 0.00804982 1.82054e-05 4.63448e-14 0.35 -0.151951 0.109511 0.0299406 0.241985 0.165537 -0.0899494 2.76323e-12 -4.51914e-13 1.90783e-12 9.46806e-14 3.1955e-13 -5.61534e-14 -0.558798 0.00798068 0.239482 0.0053041 0.999961 0.00710809 -0.000444683
-0.000126554 0.785049 -0.0174388 -1.5702 -0.00266299 0.785435 3.40688e-05 0.64131 0.0128178 0.0883767 -0.00956634 0.00719671 1.6276e-05 3.6212e-14 0.35 -0.151951 0.109511 0.0299406 0.201985 0.165537 -0.0699494 2.7202e-12 -4.79639e-13 1.88465e-12 9.13272e-14 3.15947e-13 -5.54235e-14 -0.558798 0.00798068 0.239482 0.0053041 0.999961 0.00710809 -0.000444683
-0.000126554 0.785049 -0.0174388 -1.5702 -0.00266299 0.785435 3.40688e-05 0.54722 0.0109372 0.0754104 -0.00816281 0.00614084 1.38881e-05 2.36711e-14 0.35 -0.151951 0.109511 0.0799398 0.201985 0.165537 -0.0899494 2.67379e-12 -4.20522e-13 1.85183e-12 9.27127e-14 3.10965e-13 -5.45201e-14 -0.558798 0.00798068 0.239482 0.0053041 0.999961 0.00710809 -0.000444683
-0.000127828 0.785049 -0.0174388 -1.5702 -0.00266299 0.785435 3.40688e-05 0.425913 0.00851265 0.0586935 -0.00635328 0.00477954 1.08094e-05 7.50547e-15 0.35 -0.151951 0.0695113 0.0299406 0.241985 0.185537 -0.0899494 2.61885e-12 -4.3699e-13 1.81274e-12 8.84571e-14 3.0412e-13 -5.33523e-14 -0.558798 0.0079814 0.239482 0.00530474 0.999961 0.00710809 -0.000444679
-0.000127828 0.785049 -0.0174388 -1.5702 -0.00266299 0.785435 3.40688e-05 0.286598 0.00572818 0.039495 -0.00427514 0.00321616 7.27365e-06 -1.10633e-14 0.35 -0.261951 0.109511 0.0799398 0.251985 0.165537 -0.0899494 2.54938e-12 -4.68098e-13 1.76846e-12 8.4989e-14 2.96794e-13 -5.20147e-14 -0.558798 0.0079814 0.239482 0.00530474 0.999961 0.00710809 -0.000444679
-0.000127828 0.785049 -0.0174388 -1.5702 -0.00266299 0.785435 3.40688e-05 0.125895 0.00251623 0.0173491 -0.00187795 0.00141277 3.19512e-06 -3.24829e-14 0.35 -0.151951 0.109511 0.0299406 0.201985 0.165537 -0.0899494 2.48401e-12 -3.52435e-13 1.71314e-12 8.93998e-14 2.87193e-13 -5.04717e-14 -0.558798 0.0079814 0.239482 0.00530474 0.999961 0.00710809 -0.000444679
-0.000127828 0.785049 -0.0174388 -1.5702 -0.00266299 0.785435 3.40688e-05 -0.0555338 -0.00110994 -0.00765291 0.00082839 -0.000623193 -1.40941e-06 -5.66648e-14 0.24 -0.151951 0.0695113 0.0299406 0.201985 0.165537 -0.0899494 2.39133e-12 -3.92212e-13 1.65524e-12 8.247e-14 2.77823e-13 -4.87297e-14 -0.558798 0.0079814 0.239482 0.00530474 0.999961 0.00710809 -0.000444679
-0.00013549 0.785049 -0.0174388 -1.5702 -0.00266299 0.785435 3.40688e-05 -0.272087 -0.00543816 -0.0374953 0.00405869 -0.00305333 -6.90539e-06 -8.55104e-14 0.24 -0.151951 0.0695113 0.0299406 0.201985 0.165537 -0.0899494 2.28863e-12 -3.35118e-13 1.58468e-12 8.20341e-14 2.6585e-13 -4.66325e-14 -0.558798 0.00798568 0.239482 0.00530857 0.999961 0.00710809 -0.000444651
-0.000264609 0.785049 -0.0174388 -1.5702 -0.00266299 0.785435 3.40688e-05 -0.462754 -0.009248 -0.0637704 0.0069024 -0.00519296 -1.17406e-05 1.43477e-12 0.14 -0.151951 0.109523 0.0299406 0.201985 0.165537 -0.0899494 -6.97796e-12 2.35908e-12 -3.12864e-12 1.42341e-13 5.61916e-13 -1.05838e-14 -0.558797 0.00805783 0.239482 0.00537313 0.99996 0.00710812 -0.000444192
-0.000740142 0.785049 -0.0174401 -1.5702 -0.00266299 0.785435 3.40688e-05 -0.607798 -0.0121489 -0.0837585 0.00906645 -0.00682064 -1.54255e-05 -1.05579e-13 -0.17 -0.261951 0.109523 0.0299406 0.191985 0.165537 -0.0899494 -6.76291e-12 2.22349e-12 -1.88217e-13 8.52225e-14 3.08694e-13 -1.8782e-14 -0.558793 0.00832412 0.239482 0.00561134 0.999959 0.00710867 -0.000442501
-0.00150458 0.785049 -0.0174401 -1.5702 -0.00266299 0.785435 3.40688e-05 -0.680254 -0.0135972 -0.0937433 0.0101473 -0.00763372 -1.72644e-05 -1.14814e-13 -0.27 -0.151951 0.0695232 0.0799398 0.191985 0.165537 -0.0899494 -6.36488e-12 2.04198e-12 -1.731e-13 7.69376e-14 2.90612e-13 -1.76691e-14 -0.558787 0.00875128 0.239482 0.00599354 0.999957 0.00710884 -0.000439784
-0.00232014 0.785049 -0.0174401 -1.5702 -0.00266299 0.785435 3.40688e-05 -0.767801 -0.0153471 -0.105808 0.0114532 -0.00861617 -1.94863e-05 -1.26085e-13 -0.27 -0.151951 0.109523 0.0299406 0.201985 0.165537 -0.0899494 -5.91901e-12 1.96117e-12 -1.6418e-13 7.42882e-14 2.70179e-13 -1.64379e-14 -0.558779 0.009207 0.239482 0.0064013 0.999954 0.00710902 -0.000436885
-0.00288772 0.785049 -0.0174401 -1.5702 -0.00266299 0.785435 3.40688e-05 -0.920306 -0.0183955 -0.126824 0.0137281 -0.0103276 -2.33567e-05 -1.46613e-13 -0.48 -0.151951 0.109523 0.0799398 0.201985 0.165537 -0.0899494 -5.47141e-12 1.78631e-12 -1.49394e-13 6.83e-14 2.4983e-13 -1.51878e-14 -0.558774 0.00952415 0.239482 0.00668508 0.999952 0.00710914 -0.000434868
-0.00393081 0.785049 -0.0174401 -1.5702 -0.00266299 0.785435 3.40688e-05 -0.970647 -0.0194017 -0.133761 0.014479 -0.0108925 -2.46344e-05 -1.52492e-13 -0.48 -0.261951 0.0695232 -0.0100603 0.251985 0.165537 -0.0899494 -4.9962e-12 1.65058e-12 -1.3752e-13 6.32067e-14 2.28029e-13 -1.38776e-14 -0.558764 0.010107 0.239482 0.0072066 0.999949 0.00710937 -0.00043116
-0.00567188 0.785049 -0.0174401 -1.5702 -0.00266299 0.785435 3.40688e-05 -0.889171 -0.0177731 -0.122533 0.0132636 -0.00997816 -2.25665e-05 -1.39381e-13 -0.59 -0.261951 0.0195232 0.0299406 0.201985 0.165537 -0.0899494 -4.4675e-12 1.46204e-12 -1.23893e-13 5.59525e-14 2.03985e-13 -1.24015e-14 -0.558745 0.0110798 0.239482 0.00807709 0.999942 0.00710974 -0.000424971
-0.00795751 0.785049 -0.0174401 -1.5702 -0.00266299 0.785435 3.40688e-05 -0.688003 -0.0137521 -0.0948112 0.0102628 -0.00772068 -1.7461e-05 -1.09119e-13 -0.48 -0.151951 0.0695232 0.0799398 0.201985 0.165537 -0.0899494 -3.91468e-12 1.2694e-12 -1.06592e-13 4.83783e-14 1.78729e-13 -1.08682e-14 -0.558719 0.0123569 0.239482 0.00921983 0.999932 0.00711022 -0.000416846
-0.00950939 0.785049 -0.0174401 -1.5702 -0.00266299 0.785435 3.40688e-05 -0.650025 -0.012993 -0.0895776 0.00969633 -0.0072945 -1.64972e-05 -1.02231e-13 -0.38 -0.251949 0.159523 0.0299406 0.191985 0.165537 -0.0699494 -3.38726e-12 1.09261e-12 -9.09096e-14 4.10704e-14 1.54652e-13 -9.40368e-15 -0.558699 0.0132239 0.239482 0.00999571 0.999925 0.00711054 -0.000411328
-0.0106266 0.785049 -0.0174401 -1.5702 -0.00266299 0.785435 3.40688e-05 -0.74098 -0.014811 -0.102112 0.0110531 -0.00831519 -1.88056e-05 -1.13658e-13 -0.27 -0.151951 0.159523 0.0299406 0.251985 0.165537 -0.0899494 -2.82367e-12 9.15085e-13 -7.82018e-14 3.40672e-14 1.28894e-13 -7.84137e-15 -0.558684 0.0138481 0.239482 0.0105543 0.999919 0.00711077 -0.000407356
-0.0116212 0.785049 -0.0174401 -1.5702 -0.00266299 0.785435 3.40688e-05 -0.855291 -0.0170959 -0.117865 0.0127583 -0.00959797 -2.17067e-05 -1.28448e-13 -0.48 -0.261951 0.0195232 0.0299406 0.201985 0.165537 -0.0899494 -2.27156e-12 7.3647e-13 -6.2331e-14 2.78166e-14 1.03698e-13 -6.30749e-15 -0.55867 0.0144038 0.239482 0.0110515 0.999914 0.00711097 -0.00040382
-0.0126502 0.785049 -0.0174401 -1.5702 -0.00266299 0.785435 3.40688e-05 -0.966964 -0.0193281 -0.133254 0.0144241 -0.0108511 -2.45409e-05 -1.42837e-13 -0.48 -0.151951 0.0695232 0.0299406 0.201985 0.165537 -0.0899494 -1.71014e-12 5.46196e-13 -4.60287e-14 2.04141e-14 7.80668e-14 -4.74874e-15 -0.558654 0.0149786 0.239482 0.011566 0.999908 0.00711118 -0.000400161
-0.0142992 0.785049 -0.0174401 -1.5702 -0.00266299 0.785435 3.40688e-05 -0.961109 -0.019211 -0.132447 0.0143367 -0.0107854 -2.43923e-05 -1.40297e-13 -0.59 -0.151951 0.0695232 0.0299406 0.201985 0.165537 -0.0899494 -1.09657e-12 3.45324e-13 -2.95142e-14 1.31596e-14 5.00643e-14 -3.04442e-15 -0.558629 0.0158999 0.239482 0.0123904 0.999898 0.00711151 -0.000394298
-0.016296 0.785049 -0.0174401 -1.5702 -0.00266299 0.785435 3.40688e-05 -0.843877 -0.0168678 -0.116292 0.012588 -0.00946988 -2.1417e-05 -1.21965e-13 -0.58 -0.151951 0.0695232 0.0799398 0.151985 0.165537 -0.0899494 -5.22772e-13 1.66859e-13 -1.40519e-14 6.41518e-15 2.38409e-14 -1.45367e-15 -0.558596 0.0170153 0.239482 0.0133887 0.999885 0.0071119 -0.000387198
-0.0181508 0.785049 -0.0174401 -1.5702 -0.00266299 0.785435 3.40688e-05 -0.762641 -0.015244 -0.105097 0.0113762 -0.00855827 -1.93553e-05 -1.08767e-13 -0.59 -0.151951 0.0695232 0.0799398 0.251985 0.185537 -0.0899494 5.18194e-14 -2.33554e-14 1.6979e-15 -8.18734e-16 -2.37802e-15 1.42809e-16 -0.558564 0.0180513 0.239482 0.014316 0.999872 0.00711225 -0.000380602
-0.0194994 0.785049 -0.0174414 -1.5702 -0.00266299 0.785435 3.40688e-05 -0.805333 -0.0160986 -0.11098 0.012013 -0.00903734 -2.04388e-05 -1.44474e-11 -0.38 -0.151951 0.159535 0.0299406 0.251985 0.165537 -0.0899494 -2.47649e-13 -7.8148e-14 1.97438e-13 -8.89075e-15 -7.06273e-14 -3.38152e-15 -0.558539 0.0188052 0.239482 0.0149907 0.999862 0.00711296 -0.000375801
-0.0204403 0.785049 -0.0174401 -1.5702 -0.00266299 0.785435 3.40688e-05 -0.974663 -0.019482 -0.134315 0.0145389 -0.0109375 -2.47363e-05 -1.35734e-13 -0.48 -0.261951 0.0695232 0.0299406 0.141985 0.165537 -0.0899494 1.24477e-12 -4.16996e-13 3.44286e-14 -1.59756e-14 -5.68465e-14 3.45436e-15 -0.558521 0.0193301 0.239482 0.0154606 0.999855 0.00711269 -0.00037246
-0.0216739 0.785049 -0.0174401 -1.5702 -0.00266299 0.785435 3.40688e-05 -1.05464 -0.0210806 -0.145337 0.015732 -0.0118351 -2.67661e-05 -1.45518e-13 -0.59 -0.151951 0.109523 0.0799398 0.251985 0.165537 -0.0899494 1.83408e-12 -5.96422e-13 5.01582e-14 -2.25608e-14 -8.37396e-14 5.09154e-15 -0.558497 0.0200191 0.239482 0.0160773 0.999845 0.00711291 -0.000368073
-0.0234507 0.785049 -0.0174401 -1.5702 -0.00266299 0.785435 3.40688e-05 -0.982514 -0.0196389 -0.135397 0.014656 -0.0110257 -2.49355e-05 -1.33664e-13 -0.59 -0.261951 0.0195232 0.0299406 0.191985 0.165537 -0.0899494 2.39291e-12 -7.97145e-13 6.51818e-14 -3.01576e-14 -1.09227e-13 6.64534e-15 -0.55846 0.0210114 0.239482 0.0169656 0.999831 0.00711324 -0.000361754
-0.0256865 0.785049 -0.0174401 -1.5702 -0.00266299 0.785435 3.40688e-05 -0.792186 -0.0158345 -0.109168 0.0118169 -0.00888981 -2.01051e-05 -1.04956e-13 -0.59 -0.251949 0.0695232 0.0299406 0.201985 0.145537 -0.0899494 2.94412e-12 -9.56443e-13 7.96046e-14 -3.6048e-14 -1.34424e-13 8.17291e-15 -0.558412 0.0222599 0.239482 0.0180832 0.999811 0.00711364 -0.000353801
-0.0276564 0.785049 -0.0174414 -1.5702 -0.00266299 0.785435 3.40688e-05 -0.659573 -0.0131862 -0.0908934 0.00983937 -0.00740166 -1.67448e-05 -2.23014e-12 -0.59 -0.151951 0.109523 0.0299406 0.191985 0.165537 -0.0899494 -4.04185e-13 -1.34191e-12 -5.30372e-15 -1.46402e-13 -1.06347e-13 2.08792e-14 -0.558367 0.0233605 0.239482 0.0190684 0.999793 0.00711443 -0.000346788
-0.0288184 0.785049 -0.0174414 -1.5702 -0.00266299 0.785435 3.40688e-05 -0.741803 -0.0148286 -0.102225 0.0110654 -0.00832442 -1.88264e-05 -1.33264e-11 -0.27 -0.151951 0.159535 0.0299406 0.191985 0.165537 -0.0699494 -1.59337e-12 -5.13441e-13 1.28002e-12 -5.51952e-14 -4.5655e-13 -2.18445e-14 -0.558339 0.0240093 0.239482 0.0196493 0.999782 0.00711463 -0.000342654
-0.029285 0.785049 -0.0174414 -1.5702 -0.00266299 0.785435 3.40688e-05 -0.956058 -0.0191116 -0.131751 0.0142614 -0.0107288 -2.42641e-05 -1.71719e-11 -0.38 -0.151951 0.0695352 0.0299406 0.191985 0.185537 -0.0899494 -1.78947e-12 -5.4453e-13 1.43905e-12 -6.10892e-14 -5.14075e-13 -2.45834e-14 -0.558328 0.0242698 0.239482 0.0198826 0.999777 0.00711471 -0.000340994
-0.0302156 0.785049 -0.0174401 -1.5702 -0.00266299 0.785435 3.40688e-05 -1.04514 -0.0208907 -0.144027 0.0155902 -0.0117285 -2.6525e-05 -1.35244e-13 -0.59 -0.261951 0.0695232 0.0799398 0.201985 0.165537 -0.0899494 5.04874e-12 -1.6194e-12 1.38694e-13 -6.06465e-14 -2.3059e-13 1.40091e-14 -0.558305 0.0247888 0.239482 0.0203473 0.999768 0.00711442 -0.000337691
-0.0321714 0.785049 -0.0174401 -1.5702 -0.00266299 0.785435 3.40688e-05 -0.894895 -0.0178875 -0.123322 0.013349 -0.0100424 -2.27118e-05 -1.12382e-13 -0.69 -0.151951 0.0695232 -0.0100603 0.201985 0.185537 -0.0699494 5.55041e-12 -1.82274e-12 1.52899e-13 -6.73296e-14 -2.53343e-13 1.54151e-14 -0.558256 0.0258807 0.239482 0.021325 0.999747 0.00711475 -0.000330734
-0.0339866 0.785049 -0.0174414 -1.5702 -0.00266299 0.785435 3.40688e-05 -0.740205 -0.0147967 -0.102005 0.0110415 -0.00830649 -1.87859e-05 -1.33083e-11 -0.48 -0.151951 0.209535 0.0299406 0.201985 0.145537 -0.0899494 -2.35987e-12 -7.5224e-13 1.89395e-12 -8.23671e-14 -6.76472e-13 -3.23647e-14 -0.558208 0.0268946 0.239482 0.0222328 0.999727 0.0071155 -0.000324268
-0.0352624 0.785049 -0.0174414 -1.5702 -0.00266299 0.785435 3.40688e-05 -0.712353 -0.0142399 -0.0981669 0.0106261 -0.00799394 -1.8079e-05 -1.28111e-11 -0.17 -0.151951 0.259535 0.0299406 0.141985 0.165537 -0.0899494 -2.5328e-12 -7.99582e-13 2.03484e-12 -8.6596e-14 -7.25938e-13 -3.47325e-14 -0.558173 0.0276067 0.239482 0.0228705 0.999713 0.0071157 -0.000319729
-0.0356203 0.785049 -0.0174414 -1.5702 -0.00266299 0.785435 3.40688e-05 -0.881026 -0.0176117 -0.121411 0.0131421 -0.00988676 -2.23598e-05 -1.58385e-11 -0.48 -0.151951 0.0695352 0.11994 0.251985 0.165537 -0.0699494 -2.68403e-12 -8.31835e-13 2.15708e-12 -9.13286e-14 -7.70957e-13 -3.68695e-14 -0.558163 0.0278065 0.239482 0.0230494 0.999709 0.00711576 -0.000318456
-0.0359181 0.785049 -0.0174414 -1.5702 -0.00266299 0.785435 3.40688e-05 -1.04694 -0.0209283 -0.144275 0.015617 -0.0117486 -2.65705e-05 -1.88304e-11 -0.59 -0.261932 0.0695358 0.0799522 0.241985 0.165537 -0.0899494 -4.66624e-12 -1.10305e-12 6.66903e-13 -1.76727e-13 2.74784e-13 -5.2984e-14 -0.558155 0.0279727 0.239482 0.0231983 0.999705 0.00711581 -0.000317396
-0.0367989 0.785049 -0.0174414 -1.5702 -0.00266299 0.785435 3.40688e-05 -1.0521 -0.0210315 -0.144986 0.015694 -0.0118065 -2.67015e-05 -1.89106e-11 -0.48 -0.151951 0.109535 0.0299406 0.201985 0.165537 -0.0899494 -2.97197e-12 -9.20076e-13 2.38258e-12 -1.01548e-13 -8.50325e-13 -4.06992e-14 -0.55813 0.0284643 0.239482 0.0236385 0.999695 0.00711594 -0.000314262
-0.038214 0.785049 -0.0174414 -1.5702 -0.00266299 0.785435 3.40688e-05 -0.922728 -0.0184452 -0.127158 0.0137641 -0.0103547 -2.3418e-05 -1.66075e-11 -0.48 -0.151932 0.0695358 0.029953 0.191985 0.165537 -0.0699494 -5.10143e-12 -1.21532e-12 7.27183e-13 -1.93071e-13 3.00368e-13 -5.79507e-14 -0.558089 0.0292541 0.239482 0.0243459 0.999678 0.00711617 -0.000309227
-0.0395844 0.785049 -0.0174414 -1.5702 -0.00266299 0.785435 3.40688e-05 -0.767382 -0.01534 -0.10575 0.0114469 -0.00861146 -1.94756e-05 -1.38074e-11 -0.38 -0.151951 0.209535 0.0299406 0.251985 0.165537 -0.0899494 -3.20872e-12 -1.02626e-12 2.58001e-12 -1.11181e-13 -9.19633e-13 -4.40005e-14 -0.558048 0.0300188 0.239482 0.0250308 0.999661 0.00711638 -0.000304351
-0.0401212 0.785049 -0.0174414 -1.5702 -0.00266299 0.785435 3.40688e-05 -0.806563 -0.0161231 -0.111149 0.0120313 -0.00905111 -2.04699e-05 -1.4528e-11 -0.48 -0.261932 0.109536 0.0799522 0.191985 0.165537 -0.0899494 -5.4522e-12 -1.31534e-12 7.78426e-13 -2.08152e-13 3.21031e-13 -6.1929e-14 -0.558032 0.0303184 0.239482 0.0252992 0.999655 0.00711646 -0.000302441
-0.0401238 0.78505 -0.0174414 -1.5702 -0.00266299 0.785435 3.40688e-05 -0.946122 -0.018913 -0.130382 0.0141132 -0.0106173 -2.40119e-05 -1.7026e-11 -0.48 -0.151932 0.109536 0.029953 0.241985 0.185537 -0.0899494 2.63435e-12 -8.65931e-13 2.8691e-12 1.21838e-13 -1.74487e-13 -5.68413e-14 -0.558032 0.0303199 0.239481 0.0253004 0.999655 0.00711645 -0.000301769
-0.040267 0.78505 -0.0174414 -1.5702 -0.00266299 0.785435 3.40688e-05 -1.02361 -0.0204621 -0.14106 0.0152692 -0.0114869 -2.59788e-05 -1.83997e-11 -0.48 -0.261951 0.109535 0.0799398 0.191985 0.165537 -0.0899494 -1.47629e-11 -2.33576e-12 -6.24314e-12 -8.30649e-14 1.14915e-12 -4.07521e-14 -0.558028 0.0303998 0.239481 0.025372 0.999653 0.00711647 -0.000301259
-0.0407962 0.785049 -0.0174414 -1.5702 -0.00266299 0.785435 3.40688e-05 -0.984485 -0.0196799 -0.135668 0.0146854 -0.0110478 -2.49855e-05 -1.77055e-11 -0.58 -0.151951 0.159535 0.0299406 0.191985 0.145537 -0.0899494 -3.5198e-12 -1.17017e-12 2.8309e-12 -1.26143e-13 -1.00921e-12 -4.8282e-14 -0.558012 0.0306951 0.239482 0.0256365 0.999646 0.00711656 -0.000300039
-0.0415082 0.78505 -0.0174414 -1.5702 -0.00266299 0.785435 3.40688e-05 -0.881951 -0.0176302 -0.121538 0.0131559 -0.00989714 -2.23833e-05 -1.58778e-11 -0.48 -0.25193 0.159536 0.029953 0.201985 0.165537 -0.0699494 2.7711e-12 -9.31556e-13 3.01151e-12 1.27252e-13 -1.83633e-13 -5.96305e-14 -0.55799 0.0310924 0.239481 0.0259924 0.999637 0.00711665 -0.000296843
-0.0417843 0.785049 -0.0174414 -1.5702 -0.00266503 0.785435 3.40688e-05 -0.856735 -0.017126 -0.118063 0.0127797 -0.00961414 -2.17432e-05 -3.01926e-13 -0.48 -0.151932 0.209536 0.029952 0.191985 0.165537 -0.0899494 2.3122e-12 -4.16922e-13 6.83223e-13 -1.98722e-13 5.7067e-13 3.99717e-14 -0.557981 0.0312466 0.239482 0.0261297 0.999633 0.00711743 -0.000296499
-0.0417907 0.78505 -0.0174414 -1.5702 -0.00266503 0.785435 3.40688e-05 -0.873932 -0.0174699 -0.120433 0.0130363 -0.00980715 -2.21798e-05 -3.12124e-13 -0.48 -0.151932 0.109536 0.029952 0.251985 0.165537 -0.0699494 6.46988e-14 1.51087e-12 1.5604e-12 -5.17022e-14 -5.00942e-14 3.66302e-14 -0.557981 0.0312501 0.239481 0.0261329 0.999633 0.00711742 -0.000295813
-0.0417933 0.78505 -0.0174414 -1.5702 -0.00266503 0.785435 3.40688e-05 -0.868859 -0.0173685 -0.119734 0.0129606 -0.00975022 -2.2051e-05 -3.10127e-13 -0.38 -0.151932 0.0695361 0.0799513 0.201985 0.165537 -0.0899494 7.83629e-14 1.39117e-12 1.57275e-12 -5.73922e-14 -5.11349e-14 3.66027e-14 -0.557981 0.0312516 0.239481 0.0261342 0.999633 0.00711742 -0.000295804
-0.0417984 0.78505 -0.0174414 -1.5702 -0.00266503 0.785435 3.40688e-05 -0.836588 -0.0167234 -0.115287 0.0124793 -0.00938808 -2.1232e-05 -2.97441e-13 -0.48 -0.151932 0.109536 0.029952 0.241985 0.165537 -0.0899494 5.96333e-14 1.39453e-12 1.55734e-12 -5.31122e-14 -4.94368e-14 3.64107e-14 -0.55798 0.0312544 0.239481 0.0261367 0.999633 0.00711742 -0.000295786
-0.0417946 0.78505 -0.0174414 -1.5702 -0.00266503 0.785435 3.40688e-05 -0.784644 -0.015685 -0.108129 0.0117044 -0.00880517 -1.99137e-05 -2.77039e-13 -0.38 -0.151932 0.109536 0.029952 0.251985 0.165537 -0.0899494 6.72979e-14 1.37949e-12 1.54655e-12 -5.59541e-14 -4.96314e-14 3.60834e-14 -0.557981 0.0312523 0.239481 0.0261348 0.999633 0.00711742 -0.0002958
-0.0417805 0.78505 -0.0174414 -1.5702 -0.00266503 0.785435 3.40688e-05 -0.708683 -0.0141666 -0.097661 0.0105713 -0.00795275 -1.79859e-05 -2.47217e-13 -0.38 -0.151932 0.159536 0.0799513 0.141985 0.165537 -0.0899494 6.25347e-14 1.39382e-12 1.5221e-12 -5.31529e-14 -4.86523e-14 3.55921e-14 -0.557981 0.0312444 0.239481 0.0261278 0.999633 0.00711742 -0.00029585
-0.0417767 0.78505 -0.0174414 -1.5702 -0.00266503 0.785435 3.40688e-05 -0.610121 -0.0121963 -0.0840785 0.00910108 -0.0068467 -1.54844e-05 -2.08501e-13 -0.27 -0.261932 0.109536 0.029952 0.191985 0.165537 -0.0899494 6.19001e-14 1.3363e-12 1.50168e-12 -5.35263e-14 -4.78499e-14 3.49763e-14 -0.557981 0.0312423 0.239481 0.0261259 0.999633 0.00711742 -0.000295863
-0.0417728 0.78505 -0.0174414 -1.5702 -0.00266503 0.785435 3.40688e-05 -0.489253 -0.00978016 -0.0674222 0.00729811 -0.00549034 -1.24169e-05 -1.61021e-13 -0.37 -0.151932 0.109536 0.029952 0.201985 0.165537 -0.0899494 6.67405e-14 1.36521e-12 1.4625e-12 -5.06668e-14 -4.72942e-14 3.42225e-14 -0.557981 0.0312401 0.239481 0.0261239 0.999633 0.00711742 -0.000295877
-0.0417677 0.78505 -0.0174401 -1.5702 -0.00266503 0.785435 3.40688e-05 -0.346734 -0.00692992 -0.0477821 0.00517184 -0.00389099 -8.79234e-06 -7.75724e-13 -0.27 -0.25193 0.109536 0.029953 0.191985 0.165537 -0.0899494 -3.93779e-13 4.3281e-13 -1.16259e-12 -1.3522e-14 2.25923e-13 4.60405e-14 -0.557981 0.0312367 0.239481 0.0261209 0.999633 0.00711696 -0.000295906
-0.0417601 0.78505 -0.0174401 -1.5702 -0.00266503 0.785435 3.40688e-05 -0.183711 -0.00367208 -0.0253165 0.00274039 -0.00206158 -4.66245e-06 -5.45375e-14 -0.38 -0.261932 0.159524 0.0799513 0.201985 0.145537 -0.0899494 -3.58519e-12 8.50951e-13 -1.22727e-12 -7.35351e-14 3.45005e-13 1.94195e-14 -0.557982 0.0312325 0.239481 0.0261171 0.999633 0.00711696 -0.000295933
-0.0417511 0.78505 -0.0174401 -1.5702 -0.00266503 0.785435 3.40688e-05 -0.000392369 -7.84283e-06 -5.40709e-05 5.85291e-06 -4.40312e-06 -9.95811e-09 1.85717e-14 -0.27 -0.151932 0.109524 0.0799513 0.151985 0.165537 -0.0899494 -3.46334e-12 8.55052e-13 -1.18379e-12 -6.79e-14 3.3317e-13 1.87296e-14 -0.557982 0.0312275 0.239481 0.0261126 0.999634 0.00711696 -0.000295965
-0.0417332 0.78505 -0.0174401 -1.5702 -0.00266503 0.785435 3.40688e-05 0.200618 0.00401002 0.0276464 -0.00299258 0.0022513 5.09153e-06 9.8729e-14 -0.27 -0.151932 0.159524 -0.0200481 0.201985 0.165537 -0.0899494 -3.32396e-12 7.67661e-13 -1.13614e-12 -6.80258e-14 3.19728e-13 1.79658e-14 -0.557983 0.0312175 0.239481 0.0261037 0.999634 0.00711696 -0.000296028
-0.041613 0.78505 -0.0174401 -1.5702 -0.00266503 0.785435 3.40688e-05 0.414465 0.00828449 0.0571159 -0.00618251 0.00465107 1.05188e-05 1.83914e-13 -0.17 -0.151932 0.109524 0.0799513 0.201985 0.165537 -0.0899494 -3.15919e-12 7.78109e-13 -1.08385e-12 -6.31885e-14 3.03826e-13 1.70614e-14 -0.557986 0.0311504 0.239481 0.0260436 0.999635 0.00711694 -0.000296456
-0.0410736 0.78505 -0.0174401 -1.5702 -0.00266503 0.785435 3.40688e-05 0.547028 0.0109342 0.0753838 -0.00815992 0.00613867 1.38832e-05 2.36297e-13 0.03 -0.151932 0.159524 0.029952 0.201985 0.165537 -0.0899494 -2.97845e-12 7.20497e-13 -1.02099e-12 -5.98214e-14 2.86413e-13 1.60785e-14 -0.558003 0.0308494 0.239481 0.025774 0.999642 0.00711686 -0.000298376
-0.0403245 0.78505 -0.0174401 -1.5702 -0.00266503 0.785435 3.40688e-05 0.626577 0.0125243 0.0863462 -0.00934654 0.00703136 1.59021e-05 2.67345e-13 0.24 -0.151932 0.109524 0.029952 0.191985 0.165537 -0.0899494 -2.78974e-12 6.96015e-13 -9.58195e-13 -5.62275e-14 2.68406e-13 1.51023e-14 -0.558026 0.0304314 0.239481 0.0253996 0.999652 0.00711675 -0.000301041
-0.0393351 0.78505 -0.0174401 -1.5702 -0.00266503 0.785435 3.40688e-05 0.663454 0.0132614 0.0914281 -0.00989663 0.00744519 1.6838e-05 2.81155e-13 0.24 -0.151932 0.109524 0.029952 0.151985 0.165537 -0.0899494 -2.60008e-12 6.57142e-13 -8.90977e-13 -5.21633e-14 2.50116e-13 1.40665e-14 -0.558056 0.0298793 0.239481 0.024905 0.999664 0.0071166 -0.000304562
-0.0385131 0.78505 -0.0174401 -1.5702 -0.00266503 0.785435 3.40688e-05 0.756168 0.0151146 0.104205 -0.0112796 0.00848562 1.9191e-05 3.17388e-13 0.35 -0.151932 0.109524 0.029952 0.201985 0.165537 -0.0899494 -2.39854e-12 5.83362e-13 -8.1883e-13 -4.81102e-14 2.30716e-13 1.29751e-14 -0.55808 0.0294206 0.239481 0.0244942 0.999675 0.00711647 -0.000307487
-0.0375442 0.78505 -0.0174401 -1.5702 -0.00266503 0.785435 3.40688e-05 0.839299 0.0167762 0.115661 -0.0125197 0.0094185 2.12894e-05 -1.02191e-11 0.45 -0.151932 0.109524 0.029953 0.191985 0.185537 -0.0899494 -6.22994e-13 -1.38544e-12 -1.84643e-12 -2.60552e-14 6.88706e-14 -1.9283e-14 -0.558108 0.0288798 0.239481 0.0240099 0.999686 0.00711632 -0.000310934
-0.0362876 0.78505 -0.0174401 -1.5702 -0.00266503 0.785435 3.40688e-05 0.852647 0.017043 0.1175 -0.0127188 0.00956829 2.16396e-05 3.53847e-13 0.45 -0.261932 0.109524 0.029952 0.241985 0.165537 -0.0699494 -1.96134e-12 4.63691e-13 -6.68298e-13 -3.97779e-14 1.88586e-13 1.05949e-14 -0.558144 0.0281785 0.239481 0.0233818 0.999701 0.00711613 -0.000315405
-0.0344404 0.78505 -0.0174401 -1.5702 -0.00266503 0.785435 3.40688e-05 0.733 0.0146515 0.101012 -0.010934 0.00822562 1.8603e-05 3.04448e-13 0.24 -0.261932 0.109524 0.0799513 0.241985 0.165537 -0.0899494 -1.73415e-12 4.17835e-13 -5.91704e-13 -3.4362e-14 1.66708e-13 9.36208e-15 -0.558195 0.0271474 0.239481 0.0224585 0.999722 0.00711583 -0.000321978
-0.032592 0.78505 -0.0174388 -1.5702 -0.00266503 0.785435 3.40688e-05 0.623306 0.0124579 0.0858955 -0.00929775 0.00699465 1.58191e-05 1.11915e-11 0.24 -0.151932 0.0695122 0.029952 0.191985 0.165537 -0.0699494 -1.70113e-12 3.24339e-13 -9.56435e-13 6.17289e-14 7.54831e-14 1.09583e-14 -0.558245 0.026115 0.239481 0.021534 0.999743 0.00711508 -0.000328562
-0.0313226 0.78505 -0.0174388 -1.5702 -0.00266503 0.785435 3.40688e-05 0.66332 0.0132576 0.0914097 -0.00989463 0.00744369 1.68346e-05 1.19075e-11 0.24 -0.151932 0.109512 0.0799513 0.201985 0.185537 -0.0899494 -1.42854e-12 2.76537e-13 -8.02922e-13 5.17675e-14 6.34287e-14 9.1953e-15 -0.558277 0.0254064 0.239481 0.0208995 0.999756 0.00711487 -0.000333078
-0.0303664 0.78505 -0.0174388 -1.5702 -0.00266503 0.785435 3.40688e-05 0.815884 0.0163069 0.112434 -0.0121704 0.00915574 2.07065e-05 1.46421e-11 0.35 -0.151932 0.109512 0.029952 0.201985 0.165537 -0.0899494 -1.12809e-12 1.98751e-13 -6.31868e-13 3.97357e-14 5.01476e-14 7.25069e-15 -0.558301 0.0248725 0.239481 0.0204215 0.999766 0.00711471 -0.00033648
-0.0294281 0.78505 -0.0174388 -1.5702 -0.00266503 0.785435 3.40688e-05 0.97945 0.0195761 0.134974 -0.0146103 0.0109913 2.48577e-05 1.75741e-11 0.56 -0.151932 0.199512 0.029952 0.241985 0.165537 -0.0899494 -8.18519e-13 1.5127e-13 -4.60012e-13 2.91937e-14 3.63334e-14 5.2727e-15 -0.558324 0.0243487 0.239481 0.0199525 0.999776 0.00711455 -0.000339817
-0.0278085 0.78505 -0.0174388 -1.5702 -0.00266503 0.785435 3.40688e-05 0.951848 0.0190244 0.131171 -0.0141986 0.0106815 2.41572e-05 1.70771e-11 0.35 -0.151932 0.159512 0.029952 0.201985 0.185537 -0.0899494 -5.31212e-13 1.01861e-13 -2.98354e-13 1.91548e-14 2.36026e-14 3.41937e-15 -0.558363 0.0234444 0.239481 0.0191429 0.999791 0.00711428 -0.000345579
-0.0255561 0.78505 -0.0174388 -1.5702 -0.00266503 0.785435 3.40688e-05 0.772376 0.0154373 0.106438 -0.0115214 0.00866751 1.96024e-05 1.3856e-11 0.24 -0.151932 0.0595122 0.0799513 0.251985 0.165537 -0.109949 -2.40696e-13 4.31478e-14 -1.35269e-13 8.57995e-15 1.06907e-14 1.55254e-15 -0.558415 0.0221867 0.239481 0.0180169 0.999812 0.00711388 -0.000353591
-0.0231772 0.78505 -0.0174388 -1.5702 -0.00266503 0.785435 3.40688e-05 0.578093 0.0115542 0.0796649 -0.00862332 0.00648729 1.46716e-05 1.03691e-11 0.24 -0.151932 0.0695122 0.029952 0.201985 0.165537 -0.0699494 6.23236e-14 -1.32769e-14 3.47138e-14 -2.23454e-15 -2.77185e-15 -3.95365e-16 -0.558466 0.0208582 0.239481 0.0168276 0.999833 0.00711346 -0.000362052
-0.0217263 0.78505 -0.0174388 -1.5702 -0.00266503 0.785435 3.40688e-05 0.595336 0.0118989 0.0820411 -0.00888053 0.00668078 1.51092e-05 1.06765e-11 0.24 -0.151932 0.0195121 0.029952 0.201985 0.165537 -0.0899494 3.53082e-13 -6.64457e-14 1.97773e-13 -1.26756e-14 -1.56768e-14 -2.26697e-15 -0.558495 0.0200479 0.239481 0.0161023 0.999845 0.00711319 -0.000367212
-0.0212507 0.78505 -0.0174388 -1.5702 -0.00266503 0.785435 3.40688e-05 0.848974 0.0169683 0.116994 -0.012664 0.00952708 2.15464e-05 1.52243e-11 0.45 -0.151932 0.109512 -0.0200481 0.251985 0.165537 -0.0899494 6.42233e-13 -1.15152e-13 3.60064e-13 -2.26478e-14 -2.85032e-14 -4.1294e-15 -0.558505 0.0197823 0.239481 0.0158646 0.999849 0.0071131 -0.000368904
-0.0207305 0.78505 -0.0174388 -1.5702 -0.00266503 0.785435 3.40688e-05 1.08848 0.0217552 0.149999 -0.0162367 0.0122148 2.76248e-05 1.95185e-11 0.66 -0.151932 0.209512 0.0799513 0.191985 0.145537 -0.0899494 9.29373e-13 -1.77636e-13 5.21037e-13 -3.37951e-14 -4.1259e-14 -5.97565e-15 -0.558515 0.0194917 0.239481 0.0156045 0.999853 0.00711301 -0.000370754
-0.0190124 0.78505 -0.0174388 -1.5702 -0.00266503 0.785435 3.40688e-05 1.03075 0.0206014 0.142044 -0.0153755 0.0115669 2.61597e-05 1.84812e-11 0.35 -0.261932 0.159512 0.029952 0.201985 0.165537 -0.0899494 1.2146e-12 -2.34182e-13 6.81514e-13 -4.33785e-14 -5.39889e-14 -7.79833e-15 -0.558548 0.0185321 0.239481 0.0147455 0.999866 0.00711269 -0.000376864
-0.0162615 0.78505 -0.0174388 -1.5702 -0.00266503 0.785435 3.40688e-05 0.742794 0.0148461 0.102362 -0.0110801 0.00833553 1.88516e-05 1.33141e-11 0.45 -0.151932 0.159512 0.029952 0.201985 0.165537 -0.0699494 1.51517e-12 -2.76509e-13 8.49597e-13 -5.39753e-14 -6.73341e-14 -9.73204e-15 -0.558597 0.0169955 0.239481 0.0133703 0.999885 0.00711216 -0.000386647
-0.0136805 0.78505 -0.0174388 -1.5702 -0.00266503 0.785435 3.40688e-05 0.487472 0.00974301 0.0671768 -0.00727155 0.00547035 1.23717e-05 8.73239e-12 0.24 -0.151932 0.0695122 0.029952 0.201985 0.145537 -0.0699494 1.808e-12 -3.36345e-13 1.01333e-12 -6.48822e-14 -8.03091e-14 -1.1621e-14 -0.558639 0.0155538 0.239481 0.0120799 0.999902 0.00711166 -0.000395825
-0.0126873 0.78505 -0.0174388 -1.5702 -0.00266503 0.785435 3.40688e-05 0.596019 0.0119125 0.0821352 -0.00889072 0.00668845 1.51266e-05 1.06777e-11 0.24 -0.261932 0.0195121 0.0799513 0.201985 0.165537 -0.0699494 2.08232e-12 -3.81923e-13 1.16763e-12 -7.45967e-14 -9.24697e-14 -1.33895e-14 -0.558654 0.0149989 0.239481 0.0115834 0.999908 0.00711146 -0.000399357
-0.0126413 0.78505 -0.0174388 -1.5702 -0.00266503 0.785435 3.40688e-05 0.911729 0.0182225 0.125642 -0.0136001 0.0102313 2.3139e-05 1.6339e-11 0.24 -0.151932 0.159512 0.029952 0.201985 0.165537 -0.0899494 2.3397e-12 -4.39955e-13 1.31276e-12 -8.42066e-14 -1.03946e-13 -1.50362e-14 -0.558654 0.0149732 0.239481 0.0115603 0.999908 0.00711145 -0.00039952
-0.0122041 0.78505 -0.0174388 -1.5702 -0.00266503 0.785435 3.40688e-05 1.12013 0.0223879 0.154361 -0.0167088 0.01257 2.84282e-05 2.00757e-11 0.56 -0.151932 0.209512 0.0799513 0.251985 0.165537 -0.0699494 2.58809e-12 -4.60352e-13 1.44931e-12 -9.26192e-14 -1.1503e-13 -1.66236e-14 -0.558661 0.014729 0.239481 0.0113418 0.99991 0.00711136 -0.000401075
-0.010596 0.78505 -0.0174388 -1.5702 -0.00266503 0.785435 3.40688e-05 1.02949 0.0205763 0.141871 -0.0153568 0.0115528 2.61278e-05 1.84483e-11 0.45 -0.151932 0.109512 0.0799513 0.141985 0.165537 -0.0899494 2.82338e-12 -5.19645e-13 1.58174e-12 -1.00686e-13 -1.25437e-13 -1.81453e-14 -0.558684 0.0138305 0.239481 0.0105378 0.999919 0.00711104 -0.000406792
-0.00811475 0.78505 -0.0174388 -1.5702 -0.00266503 0.785435 3.40688e-05 0.711421 0.014219 0.0980383 -0.0106122 0.00798347 1.80554e-05 1.27415e-11 0.24 -0.151932 -0.0304878 0.029952 0.241985 0.165537 -0.0699494 3.04926e-12 -5.85883e-13 1.7108e-12 -1.12093e-13 -1.35481e-13 -1.95955e-14 -0.558717 0.0124443 0.239481 0.00929727 0.999931 0.00711053 -0.000415614
-0.00588792 0.785051 -0.0174388 -1.5702 -0.00266503 0.785435 3.40688e-05 0.461032 0.00921455 0.0635331 -0.00687714 0.00517364 1.17007e-05 2.66447e-14 0.14 -0.151913 -0.0304873 0.0799637 0.201985 0.165537 -0.0899494 -5.78381e-12 1.20205e-12 -1.03922e-12 1.43264e-14 6.53375e-13 -4.00471e-14 -0.558743 0.0112001 0.23948 0.00818392 0.999941 0.00711006 -0.000422903
-0.00523086 0.785051 -0.0174388 -1.5702 -0.00266503 0.785435 3.40688e-05 0.555324 0.0110991 0.0765271 -0.00828366 0.00623176 1.40937e-05 3.78461e-14 0.24 -0.261913 0.0695127 0.0799637 0.191985 0.185537 -0.0899494 -6.14162e-12 1.24194e-12 -1.09791e-12 1.38338e-14 6.93601e-13 -4.24856e-14 -0.55875 0.010833 0.23948 0.0078554 0.999944 0.00710992 -0.000425238
-0.00521935 0.785051 -0.0174388 -1.5702 -0.00266503 0.785435 3.40688e-05 0.807966 0.0161487 0.111343 -0.0120523 0.00906688 2.05056e-05 7.19477e-14 0.45 -0.251911 0.109513 0.0299644 0.201985 0.165537 -0.0899494 -6.49647e-12 1.3528e-12 -1.16672e-12 1.49694e-14 7.33632e-13 -4.49306e-14 -0.55875 0.0108265 0.23948 0.00784965 0.999944 0.00710992 -0.000425279
-0.00505702 0.785051 -0.0174388 -1.5702 -0.00266503 0.785435 3.40688e-05 0.985606 0.0196991 0.135823 -0.0147021 0.0110603 2.50139e-05 9.55649e-14 0.45 -0.261913 0.109513 0.0299644 0.201985 0.165537 -0.0899494 -6.79875e-12 1.35432e-12 -1.21954e-12 1.42566e-14 7.67712e-13 -4.70103e-14 -0.558752 0.0107358 0.23948 0.00776849 0.999944 0.00710989 -0.000425856
-0.00410978 0.785051 -0.0174388 -1.5702 -0.00266503 0.785435 3.40688e-05 0.959655 0.0191804 0.132246 -0.014315 0.0107691 2.43553e-05 8.98449e-14 0.45 -0.151913 0.109513 -0.0200357 0.201985 0.185537 -0.0899494 -7.07281e-12 1.48419e-12 -1.27051e-12 2.00604e-14 7.99025e-13 -4.89763e-14 -0.558762 0.0102065 0.23948 0.0072949 0.999948 0.00710968 -0.000429224
-0.0027816 0.785051 -0.0174388 -1.5702 -0.00266503 0.785435 3.40688e-05 0.812177 0.0162328 0.111923 -0.0121151 0.00911413 2.06124e-05 6.68177e-14 0.35 -0.151913 0.109513 0.0299644 0.251985 0.165537 -0.0899494 -7.3283e-12 1.52328e-12 -1.31665e-12 1.84658e-14 8.27509e-13 -5.06696e-14 -0.558775 0.0094644 0.23948 0.00663084 0.999953 0.0071094 -0.000433945
-0.0016682 0.785051 -0.0174388 -1.5702 -0.00266503 0.785435 3.40688e-05 0.696264 0.0139161 0.0959494 -0.010386 0.00781337 1.76706e-05 4.85567e-14 0.24 -0.151913 0.0195127 0.0299644 0.191985 0.165537 -0.0899494 -7.54527e-12 1.50669e-12 -1.35165e-12 1.43303e-14 8.51971e-13 -5.2163e-14 -0.558785 0.00884226 0.23948 0.00607417 0.999956 0.00710915 -0.000437903
-0.00126297 0.785051 -0.0174388 -1.5702 -0.00266503 0.785435 3.40688e-05 0.731807 0.0146265 0.100848 -0.0109162 0.00821223 1.85727e-05 5.24108e-14 0.35 -0.151913 0.109513 0.0299644 0.191985 0.165537 -0.0899494 -7.72541e-12 1.60746e-12 -1.38991e-12 1.91932e-14 8.72528e-13 -5.34505e-14 -0.558789 0.00861582 0.23948 0.00587156 0.999957 0.00710907 -0.000439343
-0.00123229 0.785051 -0.0174388 -1.5702 -0.00266503 0.785435 3.40688e-05 0.844822 0.0168853 0.116422 -0.0126021 0.00948047 2.1441e-05 6.76059e-14 0.45 -0.261913 0.109513 0.0799637 0.251985 0.165537 -0.0699494 -7.89492e-12 1.57021e-12 -1.41416e-12 1.77129e-14 8.91576e-13 -5.46039e-14 -0.558789 0.00859868 0.23948 0.00585622 0.999958 0.00710906 -0.000439452
-0.00111851 0.785051 -0.0174388 -1.5702 -0.00266503 0.785435 3.40688e-05 0.905214 0.0180923 0.124744 -0.0135029 0.0101582 2.29736e-05 7.54979e-14 0.45 -0.151913 0.109513 0.0299644 0.241985 0.165537 -0.0899494 -8.01918e-12 1.61783e-12 -1.43433e-12 1.76706e-14 9.05532e-13 -5.54479e-14 -0.55879 0.0085351 0.23948 0.00579933 0.999958 0.00710903 -0.000439857
-0.00080149 0.785051 -0.0174388 -1.5702 -0.00266503 0.785435 3.40688e-05 0.893103 0.0178502 0.123075 -0.0133222 0.0100223 2.26663e-05 7.31208e-14 0.45 -0.151913 0.159513 0.0299644 0.241985 0.165537 -0.0899494 -8.10771e-12 1.60862e-12 -1.45422e-12 1.71675e-14 9.15594e-13 -5.60731e-14 -0.558793 0.00835795 0.23948 0.00564083 0.999959 0.00710896 -0.000440984
-0.000108647 0.785051 -0.0174388 -1.5702 -0.00266503 0.785435 3.40688e-05 0.76845 0.0153588 0.105897 -0.0114628 0.00862343 1.95027e-05 5.46623e-14 0.35 -0.261913 0.109513 0.0299644 0.151985 0.165537 -0.0899494 -8.17294e-12 1.62719e-12 -1.46611e-12 1.6306e-14 9.22837e-13 -5.64997e-14 -0.558798 0.00797079 0.23948 0.00529442 0.999961 0.00710881 -0.000443446
0.000143169 0.785051 -0.0174388 -1.5702 -0.00266503 0.785435 3.40688e-05 0.723989 0.0144702 0.0997702 -0.0107996 0.0081245 1.83743e-05 4.80676e-14 0.24 -0.151913 0.0695127 0.0799637 0.201985 0.165537 -0.0899494 -8.19467e-12 1.63169e-12 -1.4694e-12 1.99576e-14 9.25354e-13 -5.66628e-14 -0.5588 0.00783008 0.23948 0.00516852 0.999961 0.00710875 -0.000444341
0.000138056 0.785051 -0.0174388 -1.5702 -0.00266503 0.785435 3.40688e-05 0.718179 0.0143541 0.0989695 -0.0107129 0.0080593 1.82268e-05 4.72946e-14 0.35 -0.151913 0.109513 0.0799637 0.201985 0.165537 -0.0899494 -8.17967e-12 1.63986e-12 -1.46635e-12 1.84081e-14 9.23847e-13 -5.65953e-14 -0.5588 0.00783293 0.23948 0.00517107 0.999961 0.00710876 -0.000444323
0.000138056 0.785051 -0.0174388 -1.5702 -0.00266503 0.785435 3.40688e-05 0.687589 0.0137427 0.094754 -0.0102566 0.00771602 1.74505e-05 4.31623e-14 0.35 -0.151913 0.109513 0.0799637 0.251985 0.165537 -0.0899494 -8.14338e-12 1.67459e-12 -1.46455e-12 1.95503e-14 9.19535e-13 -5.63025e-14 -0.5588 0.00783293 0.23948 0.00517107 0.999961 0.00710876 -0.000444323
0.000136764 0.785051 -0.0174388 -1.5702 -0.00266503 0.785435 3.40688e-05 0.634099 0.0126736 0.0873828 -0.00945874 0.00711577 1.6093e-05 3.59396e-14 0.35 -0.251911 0.109513 0.0299644 0.241985 0.165537 -0.0899494 -8.06006e-12 1.64977e-12 -1.45099e-12 1.89435e-14 9.10437e-13 -5.57875e-14 -0.5588 0.00783365 0.23948 0.00517172 0.999961 0.00710876 -0.000444319
0.000136764 0.785051 -0.0174388 -1.5702 -0.00266503 0.785435 3.40688e-05 0.550162 0.010996 0.0758158 -0.00820667 0.00617384 1.39627e-05 2.46009e-14 0.24 -0.261913 0.109513 0.0299644 0.191985 0.185537 -0.0899494 -7.94894e-12 1.64796e-12 -1.42874e-12 1.83196e-14 8.97713e-13 -5.49841e-14 -0.5588 0.00783365 0.23948 0.00517172 0.999961 0.00710876 -0.000444319
0.000134216 0.785051 -0.0174388 -1.5702 -0.00266503 0.785435 3.40688e-05 0.449477 0.0089836 0.0619407 -0.00670477 0.00504396 1.14074e-05 1.10057e-14 0.35 -0.151913 0.159513 0.0799637 0.191985 0.165537 -0.0899494 -7.80118e-12 1.5956e-12 -1.3997e-12 1.97215e-14 8.81285e-13 -5.40145e-14 -0.5588 0.00783508 0.23948 0.00517299 0.999961 0.00710876 -0.00044431
0.00013165 0.785051 -0.0174388 -1.5702 -0.00266503 0.785435 3.40688e-05 0.31569 0.00630964 0.0435041 -0.0047091 0.00354263 8.01199e-06 -7.06101e-15 0.24 -0.151913 0.109513 0.0299644 0.201985 0.165537 -0.0899494 -7.62261e-12 1.55973e-12 -1.36885e-12 1.91586e-14 8.60861e-13 -5.2728e-14 -0.5588 0.00783651 0.23948 0.00517428 0.999961 0.00710876 -0.0004443
0.000127828 0.785051 -0.0174388 -1.5702 -0.00266503 0.785435 3.40688e-05 0.163215 0.00326214 0.022492 -0.00243464 0.00183157 4.14227e-06 -2.76494e-14 0.24 -0.151913 0.109513 0.0299644 0.201985 0.165537 -0.0899494 -7.41134e-12 1.5427e-12 -1.33137e-12 1.86064e-14 8.3696e-13 -5.12596e-14 -0.5588 0.00783865 0.23948 0.00517619 0.999961 0.00710876 -0.000444287
0.000122714 0.785051 -0.0174388 -1.5702 -0.00266503 0.785435 3.40688e-05 -0.00461139 -9.21669e-05 -0.000635478 6.87873e-05 -5.17484e-05 -1.17034e-07 -5.03085e-14 0.24 -0.151913 0.109513 0.0299644 0.191985 0.165537 -0.0899494 -7.17625e-12 1.50839e-12 -1.28656e-12 2.08958e-14 8.1045e-13 -4.96414e-14 -0.5588 0.00784151 0.23948 0.00517874 0.999961 0.00710876 -0.000444269
0.000112486 0.785051 -0.0174388 -1.5702 -0.00266503 0.785435 3.40688e-05 -0.207682 -0.00415089 -0.0286199 0.00309795 -0.00233058 -5.27081e-06 -7.77166e-14 0.24 -0.151913 0.159513 0.0799637 0.201985 0.165537 -0.0699494 -6.89058e-12 1.419e-12 -1.23483e-12 1.70291e-14 7.78229e-13 -4.76738e-14 -0.5588 0.00784722 0.23948 0.00518386 0.999961 0.00710876 -0.000444232
3.57792e-05 0.785051 -0.0174388 -1.5702 -0.00266503 0.785435 3.40688e-05 -0.417443 -0.00834333 -0.0575262 0.00622692 -0.00468448 -1.05944e-05 -1.05873e-13 0.03 -0.151913 0.109513 0.0299644 0.191985 0.165537 -0.0899494 -6.57329e-12 1.37013e-12 -1.1781e-12 1.8077e-14 7.42432e-13 -4.54868e-14 -0.558799 0.00789008 0.23948 0.00522221 0.999961 0.00710878 -0.00044396
-0.000300389 0.785051 -0.0174401 -1.5702 -0.00266503 0.785435 3.40688e-05 -0.567141 -0.0113362 -0.0781556 0.00845994 -0.00636437 -1.43936e-05 -1.01996e-11 -0.06 -0.151913 0.109525 0.0299644 0.241985 0.165537 -0.0899494 -9.2595e-12 1.78718e-12 -3.44746e-12 5.37844e-14 3.93023e-13 -2.66721e-14 -0.558797 0.0080785 0.23948 0.00539074 0.99996 0.0071093 -0.000442764
-0.000838561 0.785051 -0.0174401 -1.5702 -0.00266503 0.785435 3.40688e-05 -0.684626 -0.0136846 -0.0943457 0.0102124 -0.00768277 -1.73753e-05 -1.23055e-11 -0.17 -0.261913 0.109525 0.0299644 0.201985 0.165537 -0.0899494 -8.74192e-12 1.72583e-12 -3.25709e-12 5.28288e-14 3.70775e-13 -2.52036e-14 -0.558792 0.00837923 0.23948 0.00565981 0.999959 0.00710942 -0.000440851
-0.00171421 0.785051 -0.0174401 -1.5702 -0.00266503 0.785435 3.40688e-05 -0.747512 -0.0149415 -0.103012 0.0111505 -0.00838847 -1.89713e-05 -1.34319e-11 -0.27 -0.151913 0.109525 0.0299644 0.191985 0.165537 -0.0899494 -8.17401e-12 1.5858e-12 -3.04437e-12 4.69462e-14 3.4663e-13 -2.35709e-14 -0.558785 0.00886853 0.23948 0.00609762 0.999956 0.00710961 -0.000437738
-0.00261415 0.785051 -0.0174401 -1.5702 -0.00266503 0.785435 3.40688e-05 -0.809917 -0.0161889 -0.111612 0.0120814 -0.00908877 -2.05551e-05 -1.45496e-11 -0.38 -0.151913 0.109525 0.0299644 0.241985 0.165537 -0.0899494 -7.60078e-12 1.47321e-12 -2.82826e-12 4.49959e-14 3.22462e-13 -2.19061e-14 -0.558776 0.0093714 0.23948 0.00654757 0.999953 0.00710981 -0.000434539
-0.00346167 0.785051 -0.0174401 -1.5702 -0.00266503 0.785435 3.40688e-05 -0.899782 -0.0179852 -0.123996 0.0134219 -0.0100972 -2.28358e-05 -1.61598e-11 -0.59 -0.0419121 -0.0304753 0.0299644 0.191985 0.165537 -0.109949 -6.99462e-12 1.32487e-12 -2.60361e-12 3.97351e-14 2.96798e-13 -2.01548e-14 -0.558768 0.00984497 0.23948 0.00697131 0.99995 0.00710999 -0.000431526
-0.00433477 0.785051 -0.0174401 -1.5702 -0.00266503 0.785435 3.40688e-05 -0.996885 -0.0199261 -0.137377 0.0148704 -0.0111869 -2.53002e-05 -1.78997e-11 -0.59 -0.0519142 0.0595247 0.0299644 0.201985 0.165537 -0.0899494 -6.35932e-12 1.24492e-12 -2.36664e-12 3.81968e-14 2.69842e-13 -1.83239e-14 -0.55876 0.0103328 0.23948 0.00740784 0.999947 0.00711018 -0.000428422
-0.00538298 0.78505 -0.0174401 -1.5702 -0.00266503 0.785435 3.40688e-05 -1.08964 -0.0217801 -0.150159 0.016254 -0.0122278 -2.76543e-05 -4.48911e-13 -0.9 0.15807 -0.220476 0.319952 0.191985 0.185537 -0.0899494 1.89772e-12 -4.44934e-13 6.49057e-13 3.95138e-14 -1.82732e-13 -1.02522e-14 -0.558748 0.0109185 0.239481 0.00793192 0.999943 0.0071104 -0.000425324
-0.00506725 0.785031 -0.0165248 -1.57152 -0.00266503 0.785435 3.40688e-05 -1.10033 -0.0204579 -0.151722 0.0162987 -0.0123453 -2.69344e-05 3.14051e-08 -1.63 -0.373631 -0.957744 0.231475 0.0515271 0.185197 -0.0699623 5.53588e-13 3.36772e-13 -5.36945e-13 2.04668e-14 -1.73067e-13 8.03825e-15 -0.558292 0.0103312 0.239122 0.00745382 0.999949 0.00678055 0.000224094
-0.0032009 0.785063 -0.0135796 -1.57199 -0.00266299 0.785435 3.40688e-05 -0.628135 -0.00947537 -0.0865797 0.00935433 -0.00704936 -1.57917e-05 -7.60297e-12 -0.9 -0.167259 -0.546333 -0.342756 0.200921 0.185023 -0.0899745 1.7725e-13 -2.73864e-13 -8.01506e-13 -1.69471e-14 1.04008e-13 -8.67585e-16 -0.55816 0.00797741 0.23896 0.00548039 0.999968 0.00573767 0.00046588
-0.00205425 0.785055 -0.0132076 -1.57152 -0.00266503 0.785435 3.40688e-05 -1.16588 -0.0171298 -0.160661 0.0173958 -0.0130853 -2.95963e-05 -1.51211e-08 -0.27 0.456848 0.119815 -0.296876 0.190988 0.185143 -0.0699713 -2.16016e-12 -3.11881e-13 -5.50639e-13 -2.30489e-14 1.31041e-13 2.92045e-14 -0.558336 0.00717264 0.239091 0.00477389 0.999973 0.00560878 0.000225104
-0.00545457 0.784792 -0.0134006 -1.57145 -0.00266503 0.785435 3.40688e-05 -0.835024 -0.0126087 -0.115109 0.01252 -0.00937295 -2.17254e-05 9.64122e-10 -0.27 0.564873 0.540592 0.0399342 0.151097 0.165237 -0.089968 -3.3499e-12 1.44205e-13 -1.37382e-12 4.7368e-14 2.31863e-13 3.73901e-15 -0.558352 0.00915732 0.239259 0.00654289 0.999962 0.00567676 6.69425e-05
-0.012709 0.784153 -0.0152529 -1.57152 -0.00266503 0.785435 3.40688e-05 -0.209538 -0.00363323 -0.0289002 0.00313658 -0.00235328 -5.39425e-06 7.80655e-11 0.35 0.653706 0.708111 0.284245 0.191536 0.165407 -0.0899584 9.11803e-13 3.68568e-14 4.45321e-13 -2.65726e-14 -1.25913e-13 -1.93475e-15 -0.558271 0.014032 0.239605 0.0108273 0.999921 0.00633104 -0.000190908
-0.0218106 0.783004 -0.0190725 -1.57156 -0.00266503 0.785435 3.40688e-05 0.181892 0.00406519 0.0251108 -0.00274427 0.00204508 4.84991e-06 -1.87549e-11 0.35 0.425041 0.502047 -0.266318 0.202372 0.145724 -0.0699402 -2.22128e-13 2.10316e-13 1.04499e-13 3.38267e-14 2.64163e-15 4.15477e-15 -0.558129 0.0208129 0.240256 -0.0169397 -1.01215 -0.00777795 0.000690534
-0.0289858 0.783052 -0.0202831 -1.57155 -0.00266503 0.785435 3.40688e-05 1.10789 0.0260765 0.152945 -0.0165558 0.0124537 2.81655e-05 -4.08313e-10 1.08 -0.615158 0.755232 0.07374 0.242569 0.165726 -0.0899373 -1.91249e-13 -4.69527e-14 -1.58583e-13 -6.99696e-15 3.52912e-14 -4.9225e-16 -0.557943 0.0253554 0.24024 -0.0204259 -0.984174 -0.00798618 0.000657369
-0.0294921 0.783328 -0.0202818 -1.57155 -0.00266503 0.785435 3.40688e-05 0.861458 0.0202718 0.118901 -0.012871 0.00968183 2.18971e-05 -3.07028e-10 0.56 -0.511311 0.375348 0.0263519 0.192491 0.145649 -0.0899398 -3.13221e-13 6.01563e-14 -2.18657e-13 1.03516e-14 7.85716e-15 3.61992e-16 -0.557909 0.0256366 0.240085 -0.0210539 -1.00228 -0.00813251 0.000503309
-0.027797 0.783373 -0.0202805 -1.57156 -0.00266503 0.785435 3.40688e-05 0.107998 0.00254099 0.0149054 -0.00161345 0.00121369 2.74486e-06 -1.90632e-12 -0.17 -0.400501 -0.104636 -0.0230742 0.202474 0.165632 -0.0899404 5.27824e-13 -3.43357e-14 3.00453e-13 -1.88049e-15 -2.27949e-14 6.03263e-17 -0.557948 0.0246902 0.24006 0.0201524 0.999764 0.00811034 -0.000488393
-0.0278775 0.783372 -0.0202792 -1.57156 -0.00266503 0.785435 3.40688e-05 -0.223269 -0.0052528 -0.0308148 0.00333559 -0.00250913 -5.67464e-06 3.95121e-12 0.03 -0.400539 0.13535 -0.0230989 0.192474 0.165633 -0.0899404 -1.02274e-12 -1.4135e-14 2.6572e-13 -1.50694e-14 -8.22953e-14 1.00487e-14 -0.557946 0.0247346 0.24006 0.0201922 0.999763 0.00810992 -0.00048871
-0.0281971 0.78337 -0.0202792 -1.57156 -0.00266503 0.785435 3.40688e-05 -0.479518 -0.0112815 -0.0661815 0.0071639 -0.00538891 -1.21875e-05 8.47726e-12 0.03 -0.400558 0.0953498 -0.0731115 0.142475 0.165633 -0.0899404 -2.3657e-12 -3.2995e-13 -1.01319e-12 -1.54562e-14 1.0862e-13 1.27441e-14 -0.557939 0.0249129 0.240061 0.020352 0.99976 0.00811 -0.000488043
-0.028307 0.78337 -0.0202792 -1.57156 -0.00266503 0.785435 3.40688e-05 -0.808249 -0.0190155 -0.111552 0.0120751 -0.00908325 -2.05426e-05 1.42838e-11 -0.27 -0.510559 0.0453497 -0.0731115 0.242475 0.165633 -0.0899404 -3.05353e-12 -4.26907e-13 -1.30869e-12 -2.02521e-14 1.40113e-13 1.64587e-14 -0.557936 0.0249742 0.240061 0.0204069 0.999759 0.00811003 -0.000487597
-0.0292543 0.78337 -0.0202792 -1.57156 -0.00266503 0.785435 3.40688e-05 -0.92519 -0.0217667 -0.127692 0.0138222 -0.0103975 -2.35148e-05 -1.21187e-11 -0.48 -0.40057 -0.00465024 -0.0731001 0.202474 0.165633 -0.0899404 -1.31404e-12 7.59322e-13 6.98147e-13 1.3236e-13 1.29192e-13 -1.1425e-14 -0.557911 0.0255027 0.240061 0.0208804 0.999749 0.00811025 -0.000483154
-0.0311756 0.78337 -0.0202792 -1.57156 -0.00266503 0.785435 3.40688e-05 -0.782953 -0.0184204 -0.108061 0.0116972 -0.00879897 -1.98997e-05 -1.02593e-11 -0.38 -0.40057 0.0953498 -0.0731001 0.142474 0.165633 -0.0699404 -1.53878e-12 8.94248e-13 8.15155e-13 1.55578e-13 1.51263e-13 -1.33674e-14 -0.557861 0.0265746 0.240061 0.0218408 0.999728 0.00811071 -0.000475362
-0.0322021 0.78335 -0.0202741 -1.57155 -0.00266503 0.785435 3.40688e-05 -0.837928 -0.0197034 -0.11565 0.0125163 -0.00941687 -2.12769e-05 -6.16373e-12 -1.11 0.11916 -0.634672 -0.263321 0.102481 0.165639 -0.0899402 -3.26644e-12 5.56656e-13 -3.25163e-12 1.0247e-14 3.52584e-13 1.17672e-14 -0.557836 0.027145 0.240073 0.0223522 0.999717 0.00810928 -0.000482785
-0.0312306 0.78336 -0.0191377 -1.57156 -0.00266503 0.785435 3.40688e-05 -1.13337 -0.0249868 -0.156422 0.0169034 -0.0127363 -2.85586e-05 -9.43363e-12 -1.32 -0.510185 -0.835021 -0.113206 0.102321 0.165633 -0.0699427 1.59864e-12 -1.26325e-12 -7.69844e-13 9.43097e-15 -1.38572e-13 -3.47609e-14 -0.557884 0.0260978 0.24006 0.0214643 0.99974 0.00770785 -0.000487922
-0.0302641 0.783367 -0.0161426 -1.57156 -0.00266299 0.785435 3.40688e-05 -1.08819 -0.0194857 -0.150173 0.016032 -0.0122238 -2.57309e-05 -1.3014e-10 -1.63 -0.608879 -0.950768 -0.0731592 0.141931 0.185627 -0.0899486 6.15496e-12 -1.00281e-12 6.14378e-13 -6.14946e-14 -1.56314e-14 7.92217e-14 -0.557966 0.0242267 0.240039 -0.0200454 -1.00596 -0.00669105 0.000503309
-0.0297567 0.78344 -0.00963212 -1.57156 -0.00266299 0.785435 3.40688e-05 -0.358873 -0.00319215 -0.0495163 0.00514341 -0.00402782 -7.25593e-06 -1.04918e-11 -1.11 -0.505508 -0.766647 -0.0125484 0.10107 0.2056 -0.0899618 -5.14051e-12 9.2201e-14 -3.26601e-12 -4.40704e-14 3.77123e-13 -1.44767e-14 -0.558086 0.0210478 0.239971 -0.0175802 -1.01232 -0.0044058 0.000503309
-0.0261863 0.783437 -0.000227539 -1.57156 -0.00266299 0.785435 3.40688e-05 -0.056565 0.000102901 -0.00780488 0.000836191 -0.000635354 -1.36286e-06 -5.9938e-12 -0.9 -0.501987 -0.580513 -0.0724287 0.0996504 0.225593 -0.0899827 -3.11437e-12 1.46214e-12 4.25874e-13 2.60101e-14 -2.40285e-13 -5.11774e-14 -0.558283 0.014871 0.239957 -0.0121585 -0.992492 -0.00102231 0.000572561
-0.0168763 0.783443 0.0128931 -1.57156 -0.00266299 0.785435 3.40688e-05 -0.850114 0.0172524 -0.117293 0.011765 -0.00953283 -1.35902e-05 -6.31627e-10 -1.11 -0.499203 -1.02146 0.117585 0.0979766 0.205606 -0.0900067 2.13922e-12 -6.02766e-13 4.42804e-13 -1.13289e-13 -1.90664e-13 -9.16764e-15 -0.55847 0.00383322 0.239978 -0.00292348 -0.991144 0.00357304 0.000622439
-0.00658333 0.783443 0.0285179 -1.57156 -0.00266299 0.785434 3.40688e-05 -1.7771 0.0678518 -0.24529 0.0258708 -0.0199599 -3.93156e-05 -4.14158e-10 -1.95 -0.497498 -1.22705 0.0776243 0.145629 0.205655 -0.0900393 5.35254e-12 -1.79394e-12 1.53482e-12 -2.55221e-13 -8.90165e-13 -2.75609e-14 -0.558424 -0.00886901 0.240076 0.00776328 -1.00436 0.00916489 0.000622439
0.00084624 0.783468 0.0495041 -1.57157 -0.00266503 0.785434 3.40688e-05 -1.70388 0.110955 -0.235349 0.0242617 -0.0191402 -3.29025e-05 -7.31498e-10 -1.74 -0.388718 -1.03962 0.217783 0.182719 0.205762 -0.0900781 -2.41366e-12 -2.3495e-12 -1.24386e-13 -1.07372e-13 7.09792e-14 -4.66434e-15 -0.558075 -0.0223512 0.240316 0.018509 -0.98042 0.0162151 0.00059802
0.00211178 0.783459 0.0665172 -1.57158 -0.00266503 0.785434 3.40688e-05 -0.919917 0.0799669 -0.127179 0.0128916 -0.0103387 -1.58976e-05 -2.23105e-10 -1.11 -0.183079 -0.426047 0.167642 0.230364 0.205899 -0.0701079 -7.07984e-14 -2.15313e-13 1.51044e-12 -1.22266e-13 -2.12315e-13 4.6843e-14 -0.557717 -0.0306167 0.240626 0.0252673 -0.989344 0.0223115 0.000585429
0.00210155 0.783451 0.0752698 -1.57158 -0.00266503 0.785434 3.40688e-05 -0.973673 0.0934911 -0.134693 0.0144627 -0.0109653 -2.37948e-05 -7.9681e-11 -0.8 -0.18697 -0.288619 0.0274734 0.188972 0.185999 -0.0701248 -8.23061e-12 2.82899e-12 -3.88753e-13 3.99433e-13 4.3724e-13 -2.26952e-14 -0.557514 -0.0344968 0.240823 0.0291892 -1.01929 0.026141 0.000572561
0.000879471 0.783457 0.0754194 -1.57158 -0.00266503 0.785434 3.40688e-05 -1.55844 0.14951 -0.21559 0.0233367 -0.0175549 -3.96978e-05 -2.84624e-12 -0.8 -0.397049 0.098446 -0.0225191 0.138928 0.186002 -0.0901254 -6.82954e-12 9.60198e-13 -1.85459e-12 1.71488e-14 4.86737e-13 1.86454e-15 -0.557552 -0.0338818 0.240823 0.0280228 -0.997992 0.0256463 0.00059802
-0.00385795 0.783457 0.0754053 -1.57158 -0.00266503 0.785434 3.40688e-05 -1.19376 0.114501 -0.16514 0.0178758 -0.0134467 -3.0411e-05 2.96317e-13 -1.21 -0.29697 0.0885756 -0.0224705 0.228928 0.186001 -0.0701254 -1.33861e-11 1.92623e-12 -4.26214e-12 1.57172e-13 8.05253e-13 -2.19588e-14 -0.557707 -0.0312338 0.240823 0.0257125 -1.00039 0.0256997 0.000657369
-0.0102457 0.783456 0.0753708 -1.57158 -0.00266503 0.785434 3.40688e-05 -0.313913 0.0300953 -0.0434253 0.00470098 -0.003536 -7.9995e-06 -1.2821e-10 -0.38 -0.396988 0.528887 -0.0724688 0.238933 0.186 -0.0901253 -1.36875e-11 -2.5047e-12 -4.90418e-12 -5.49295e-14 8.67664e-14 5.33575e-15 -0.557896 -0.0276554 0.240823 0.0224237 -0.996833 0.0255933 0.000742525
-0.014863 0.783455 0.0753043 -1.57158 -0.00266503 0.785434 3.40688e-05 0.212888 -0.0203926 0.0294501 -0.00318786 0.002398 5.42327e-06 -8.57275e-11 0.24 -0.396965 0.679523 -0.0124941 0.178943 0.186 -0.0901252 1.09633e-11 5.8389e-13 3.86377e-12 9.37721e-14 -8.5505e-13 4.8449e-14 -0.558018 -0.0250496 0.240822 0.0201304 -0.9984 0.0256057 0.000800469
-0.0153718 0.783454 0.0752941 -1.57158 -0.00266503 0.785434 3.40688e-05 -0.0851066 0.00815148 -0.0117733 0.00127434 -0.000958653 -2.16739e-06 -1.09913e-13 -0.48 -0.396992 0.289631 -0.0724926 0.228945 0.186 -0.0901252 6.63924e-12 -1.60286e-12 -7.45117e-13 -1.62996e-13 -6.02844e-13 7.4391e-14 -0.558031 -0.0247612 0.240822 0.0200489 -1.00729 0.0258302 0.000800469
-0.0153181 0.783454 0.0752941 -1.57158 -0.00266503 0.785434 3.40688e-05 -0.396568 0.0379822 -0.0548594 0.00593837 -0.00446699 -1.01028e-05 -2.33651e-12 -0.27 -0.396973 0.339618 -0.0724812 0.238944 0.186 -0.0901252 1.51089e-11 -1.16637e-12 4.75897e-12 -8.25441e-14 -5.4158e-13 1.80054e-14 -0.55803 -0.0247911 0.240822 0.0200583 -1.00643 0.0258081 0.000800469
-0.0153219 0.783454 0.0752941 -1.57158 -0.00266503 0.785434 3.40688e-05 -0.579292 0.0554832 -0.0801371 0.00867452 -0.00652523 -1.47573e-05 2.34376e-10 -0.48 -0.39698 0.289619 -0.0225058 0.178945 0.186001 -0.0901252 1.08351e-11 -2.08112e-12 3.84336e-13 3.58723e-14 -3.1259e-13 7.22404e-14 -0.55803 -0.024789 0.240822 0.019829 -0.994986 0.0255143 0.000809723
-0.0153257 0.783454 0.0752941 -1.57158 -0.00266503 0.785434 3.40688e-05 -0.618321 0.0592213 -0.0855357 0.00925897 -0.00696487 -1.57517e-05 -1.16173e-13 -0.38 -0.39698 0.339619 -0.0225058 0.238945 0.186001 -0.0901252 3.36044e-12 -1.59393e-12 -4.44847e-13 -2.25873e-13 -5.76618e-13 -8.9018e-14 -0.55803 -0.0247869 0.240822 0.0200745 -1.00739 0.0258326 0.000800469
-0.0153283 0.783454 0.0752941 -1.57158 -0.00266503 0.785434 3.40688e-05 -0.529463 0.0507107 -0.073244 0.00792837 -0.00596395 -1.3488e-05 2.14221e-10 -0.38 -0.39698 0.339619 -0.0625057 0.238945 0.186001 -0.0901252 1.08343e-11 -2.05899e-12 3.96076e-13 3.58526e-14 -3.13347e-13 7.21296e-14 -0.55803 -0.0247854 0.240822 0.0200571 -1.00659 0.0258128 0.000800469
-0.0153283 0.783454 0.0752941 -1.57158 -0.00266503 0.785434 3.40688e-05 -0.317228 0.0303833 -0.0438842 0.00475029 -0.00357331 -8.08132e-06 1.28379e-10 -0.27 -0.39698 0.289619 -0.072506 0.188945 0.186001 -0.0901252 1.07689e-11 -2.11969e-12 4.07657e-13 3.1124e-14 -3.11836e-13 7.16422e-14 -0.55803 -0.0247854 0.240822 0.0200571 -1.00659 0.0258128 0.000800469
-0.015327 0.783454 0.0752941 -1.57158 -0.00266503 0.785434 3.40688e-05 0.0178567 -0.00171028 0.00247022 -0.000267394 0.000201141 4.54899e-07 -8.64364e-14 -0.38 -0.296982 0.289619 -0.0625057 0.178945 0.186001 -0.0901252 3.33862e-12 -1.52261e-12 -4.02907e-13 -2.21439e-13 -5.68556e-13 -8.72206e-14 -0.55803 -0.0247862 0.240822 0.0200745 -1.00741 0.0258337 0.000800469
-0.0151634 0.78345 0.0752967 -1.57158 -0.00266503 0.785434 3.40688e-05 0.434862 -0.0416516 0.060157 -0.00651181 0.00489838 1.10781e-05 2.89808e-13 -0.27 0.0229645 0.239597 -0.172543 0.238946 0.186002 -0.0701251 5.00021e-12 -2.02748e-12 3.28544e-12 -1.70377e-13 1.87398e-13 7.23701e-14 -0.558026 -0.0248786 0.240825 0.0199233 -0.995663 0.0255327 0.000809723
-0.011671 0.783227 0.075413 -1.57159 -0.00266503 0.785434 3.40688e-05 0.194622 -0.0186742 0.0269268 -0.002913 0.00219225 4.94668e-06 4.91819e-12 -0.48 0.540524 -0.421292 0.115919 0.12898 0.206048 -0.0901238 7.30943e-12 -4.81098e-13 3.1026e-12 -1.11244e-13 -8.00606e-13 -3.28558e-14 -0.557948 -0.0268787 0.240951 0.021795 -0.999733 0.0256773 0.000871756
-0.00140103 0.783539 0.0761186 -1.57165 -0.00266503 0.785434 3.40688e-05 -1.43077 0.13855 -0.197929 0.0214073 -0.0161166 -3.62906e-05 -5.86204e-12 -1.74 -0.506897 -1.09798 0.218839 0.188789 0.185969 -0.0701279 6.20935e-12 -1.01514e-13 2.79272e-12 -1.6819e-13 1.60524e-14 -2.65369e-14 -0.557582 -0.0329204 0.240775 0.0274851 -1.01107 0.0262312 0.000545915
0.00748582 0.785008 0.0789412 -1.57165 -0.00266503 0.785434 3.40688e-05 -2.25485 0.227703 -0.311671 0.033007 -0.0253703 -5.10464e-05 -2.81153e-10 -2.26 -0.16827 -1.1211 -0.00816727 0.138042 0.205614 -0.0701449 -1.89682e-12 1.00831e-12 -1.84807e-12 4.21095e-14 7.7761e-15 4.22706e-14 -0.557087 -0.0391254 0.240025 -0.032585 0.999106 -0.0269425 0.000299253
0.0100309 0.785473 0.0854619 -1.57166 -0.00266503 0.785434 3.40688e-05 -1.15366 0.125283 -0.159471 0.0171394 -0.0129826 -2.83116e-05 4.09588e-10 -1.63 -0.383183 -0.855284 0.337349 0.186904 0.205529 -0.0901618 -1.71058e-12 1.65342e-13 -8.85456e-13 1.4081e-13 6.11826e-13 -4.94307e-14 -0.556754 -0.0434336 0.239932 -0.0363576 1.00454 -0.0294153 0.000572561
0.010711 0.785471 0.0910456 -1.57169 -0.00266503 0.785434 3.40688e-05 0.457734 -0.052911 0.063301 -0.00680348 0.00515338 1.12389e-05 4.01774e-11 -0.48 0.143513 -0.287656 0.197546 0.236108 0.20559 -0.0901712 4.06308e-12 -1.33928e-12 -1.19026e-12 -2.02445e-13 8.16301e-13 -2.64083e-14 -0.556534 -0.0462859 0.24008 -0.0389383 1.01103 -0.0316016 0.00059802
0.0140998 0.785457 0.0913229 -1.57168 -0.00266503 0.785434 3.40688e-05 1.08276 -0.125279 0.149743 -0.0162092 0.012193 2.75755e-05 2.5087e-12 0.45 0.3531 0.328396 -0.432657 0.276054 0.185601 -0.0701717 3.90821e-12 9.01336e-14 -6.0432e-13 2.88464e-14 -1.71346e-13 -2.09843e-14 -0.556367 -0.0482945 0.240097 -0.0404604 1.00371 -0.0314749 0.000645935
0.0185011 0.785257 0.091291 -1.57147 -0.00266503 0.785434 3.40688e-05 1.54047 -0.17817 0.213063 -0.0230691 0.0173477 3.9302e-05 -1.18486e-09 1.19 0.452721 0.858752 -0.246247 0.316169 0.275706 -0.0901681 1.00788e-11 -6.95335e-13 4.23408e-12 -3.16487e-13 -9.36217e-13 2.36587e-14 -0.556237 -0.0507313 0.240264 -0.0422035 0.992968 -0.031128 0.0005179
0.0214348 0.784403 0.089307 -1.57148 -0.00266707 0.785434 3.40688e-05 2.04892 -0.231819 0.283524 -0.0307994 0.0230881 5.31531e-05 -4.19782e-11 1.82 0.341053 1.01721 -0.204529 0.316702 0.255926 -0.0901567 -4.43305e-13 -1.13502e-12 -1.95898e-12 -7.55587e-14 4.63646e-13 -5.44161e-15 -0.556219 -0.0514859 0.240682 -0.0432208 0.998597 -0.0305954 0.00013051
0.0222261 0.783983 0.0849262 -1.57153 -0.00267117 0.785432 3.40688e-05 2.72331 -0.292319 0.376856 -0.0413551 0.0306954 7.42445e-05 -8.52652e-09 2.03 0.0266762 0.966512 0.121779 0.277409 0.205984 -0.0701461 -5.46471e-12 -1.5742e-12 -5.48732e-12 -2.96915e-14 6.33387e-13 1.8091e-14 -0.556353 -0.0499863 0.240784 -0.0420767 0.998692 -0.0290427 -5.85205e-05
0.0247725 0.78399 0.0803077 -1.57161 -0.00267117 0.785432 3.40688e-05 2.94246 -0.297951 0.40703 -0.0450513 0.0331623 8.34798e-05 -4.76105e-10 2.03 -0.501858 0.958125 0.082757 0.238008 0.165905 -0.0701397 4.10562e-12 9.93561e-13 -8.68493e-13 1.42345e-14 -5.54149e-13 -5.52647e-14 -0.556366 -0.0493566 0.240639 -0.0417173 0.998753 -0.0274116 4.11669e-06
0.0306822 0.783998 0.076088 -1.5716 -0.00267117 0.785432 3.40688e-05 2.3707 -0.22902 0.327836 -0.0356212 0.0266971 6.15243e-05 -5.53518e-11 1.92 -0.289639 0.961231 -0.257109 0.228654 0.185852 -0.090132 3.83949e-12 -9.45799e-13 1.49342e-12 -9.85251e-14 -1.53006e-13 -1.312e-14 -0.556225 -0.0507752 0.240532 -0.0431773 0.998731 -0.0259225 6.81329e-05
0.0386525 0.783999 0.0748582 -1.5716 -0.00267117 0.785432 3.40688e-05 1.86421 -0.17745 0.257774 -0.0279067 0.0209897 4.75e-05 4.48864e-11 1.4 -0.599083 0.633451 -0.0670919 0.238838 0.185838 -0.0901298 -3.57505e-13 -1.32979e-12 9.70183e-13 7.2072e-14 3.051e-13 -1.86951e-14 -0.555853 -0.0546625 0.240502 -0.0467226 0.998583 -0.0254881 0.00016452
0.0499349 0.784008 0.0748646 -1.57161 -0.00267117 0.785434 3.40688e-05 0.994837 -0.0947077 0.13756 -0.0148904 0.011201 2.53322e-05 2.22393e-11 0.56 -0.388969 0.0534114 -0.116992 0.238834 0.165835 -0.0901299 1.55496e-12 -1.88858e-13 1.85449e-12 -3.76475e-14 -2.26034e-13 -1.60146e-14 -0.555199 -0.060933 0.240497 -0.0523572 0.998303 -0.0254889 0.000314387
0.0624394 0.784022 0.0748646 -1.57161 -0.00267117 0.785432 3.40688e-05 -0.108495 0.0103286 -0.015002 0.00162392 -0.00122156 -2.7626e-06 -2.56837e-12 -0.17 -0.498787 -0.286594 -0.0668697 0.17883 0.185831 -0.09013 3.39938e-12 2.41529e-13 -1.14691e-13 -4.1208e-14 -1.0437e-13 1.20515e-14 -0.554393 -0.0678705 0.240489 -0.0585976 0.997956 -0.0254865 0.00047992
0.0697437 0.784045 0.0748697 -1.57161 -0.00267117 0.785432 3.40688e-05 -0.0406019 0.00386542 -0.00561405 0.000607703 -0.000457133 -1.03384e-06 -2.66808e-13 0.03 -0.488438 -0.236652 -0.066638 0.228822 0.165824 -0.0901303 6.04466e-12 4.584e-14 2.50107e-12 -7.67029e-15 -4.10441e-13 1.70995e-14 -0.553881 -0.0719203 0.240476 -0.0621525 0.996276 -0.0254471 0.000585429
0.0731581 0.784049 0.0748684 -1.57161 -0.00267117 0.785432 3.40688e-05 1.08564 -0.103352 0.150112 -0.0162501 0.0122231 2.76524e-05 1.11902e-11 0.98 -0.498379 0.243346 -0.0666008 0.238821 0.185823 -0.0701303 2.07286e-13 -1.49986e-14 -6.07429e-14 -4.41575e-14 -1.2586e-13 -3.58061e-15 -0.553632 -0.0738104 0.240474 -0.0635133 0.990874 -0.0253131 0.000634296
0.0764139 0.784048 0.0748672 -1.57161 -0.00267117 0.785434 3.40688e-05 2.20766 -0.210173 0.305255 -0.0330407 0.0248557 5.61957e-05 4.20958e-11 1.08 -0.498398 0.293383 -0.0666142 0.188822 0.165824 -0.0901303 -4.44855e-13 5.05351e-13 -6.436e-14 5.75791e-14 2.6192e-14 1.49855e-15 -0.553389 -0.075612 0.240475 -0.064795 0.985748 -0.0251803 0.000679659
0.0842436 0.784048 0.074862 -1.57161 -0.00267117 0.785432 3.40688e-05 2.24163 -0.213388 0.309951 -0.0335512 0.0252382 5.70784e-05 5.27335e-11 1.71 -0.498398 0.533419 -0.116614 0.188823 0.185824 -0.0901303 8.59284e-13 -2.37635e-14 3.74604e-13 6.61309e-15 -6.4658e-14 -3.82664e-15 -0.55278 -0.0799403 0.240475 -0.0693329 0.99525 -0.0254291 0.00077204
0.0973937 0.784048 0.074862 -1.57161 -0.00267117 0.785432 3.40688e-05 1.00097 -0.0952851 0.138404 -0.0149818 0.0112698 2.54875e-05 2.3547e-11 0.77 -0.598396 0.243419 -0.116614 0.228823 0.185824 -0.0901303 4.70781e-13 -2.03271e-14 2.06417e-13 2.81357e-15 -3.5383e-14 -2.08124e-15 -0.551681 -0.0872022 0.240475 -0.07671 1.00571 -0.0257019 0.00092966
0.112162 0.784054 0.0748684 -1.57161 -0.00267117 0.785432 3.40688e-05 -0.464152 0.0441879 -0.0641783 0.00694707 -0.00522585 -1.18181e-05 -1.13851e-11 -0.8 -0.598343 -0.466643 -0.066577 0.22882 0.165823 -0.0901303 -3.93718e-15 3.12232e-14 7.39779e-15 1.32099e-15 -2.37375e-15 3.18605e-16 -0.550332 -0.0953426 0.240471 -0.0831954 0.993882 -0.0254082 0.00113203
0.121764 0.784085 0.074871 -1.57161 -0.00267117 0.785432 3.40688e-05 -0.673633 0.0641316 -0.0931412 0.0100822 -0.00758422 -1.7151e-05 -1.69083e-11 -0.27 -0.497917 -0.416679 -0.0662966 0.238811 0.165814 -0.0901306 1.03144e-13 -5.21359e-14 -2.48122e-13 -2.6127e-15 1.95912e-14 9.15584e-16 -0.549389 -0.100623 0.240454 -0.0884712 0.999177 -0.0255491 0.00126271
0.123267 0.7841 0.074871 -1.57161 -0.00267117 0.785434 3.40688e-05 0.918794 -0.0874697 0.127037 -0.0137513 0.0103441 2.33942e-05 2.17604e-11 0.35 -0.497643 0.00331306 -0.0661135 0.238806 0.165809 -0.0701308 1.32684e-12 -2.32321e-13 1.02775e-12 -2.21587e-14 -1.05719e-13 7.67375e-15 -0.549236 -0.101449 0.240446 -0.0891088 0.997842 -0.0255144 0.00129187
0.12438 0.784097 0.0748672 -1.57161 -0.00267117 0.785432 3.40688e-05 2.66631 -0.253822 0.368658 -0.0399061 0.0300186 6.78895e-05 6.54781e-11 1.4 -0.497696 0.483351 -0.0661497 0.178807 0.18581 -0.0901307 -1.61983e-12 1.38087e-13 -7.41247e-13 -7.13368e-16 5.91561e-14 1.2206e-15 -0.549124 -0.102058 0.240448 -0.0896506 0.997657 -0.0255097 0.00130335
0.131484 0.784093 0.074862 -1.57161 -0.00267117 0.785432 3.40688e-05 2.85617 -0.271878 0.39491 -0.0427479 0.0321561 7.27255e-05 -4.00397e-11 1.82 -0.497742 0.6834 -0.0561619 0.178808 0.18581 -0.0901307 -1.61169e-12 6.0247e-14 -7.41254e-13 -2.31583e-15 2.40461e-13 -9.95743e-15 -0.548385 -0.105954 0.240449 -0.0928604 0.993783 -0.0254128 0.00139716
0.146413 0.784093 0.0748569 -1.57161 -0.00267117 0.785432 3.40688e-05 1.11315 -0.105954 0.153911 -0.0166603 0.0125324 2.83431e-05 -1.64641e-11 0.56 -0.497757 0.243448 -0.0661745 0.188809 0.185811 -0.0901307 -4.60231e-13 -2.77064e-13 6.75459e-14 7.35599e-15 6.36863e-14 -1.52408e-15 -0.546742 -0.114127 0.240449 -0.100595 0.996244 -0.0254802 0.00158221
0.163185 0.784099 0.0748659 -1.57161 -0.00267117 0.785432 3.40688e-05 -1.10982 0.105649 -0.15345 0.0166103 -0.012495 -2.82561e-05 3.93357e-10 -0.27 -0.59771 -0.416637 -0.00616169 0.188808 0.16581 -0.0701307 -2.84172e-12 5.09468e-13 -6.05977e-13 1.96116e-14 4.00135e-13 1.4283e-14 -0.54475 -0.123284 0.240446 -0.108723 0.993299 -0.0254168 0.00180235
0.172538 0.784166 0.0748902 -1.57161 -0.00267117 0.785432 3.40688e-05 -1.5705 0.14956 -0.217136 0.023498 -0.017681 -3.99271e-05 -2.10593e-11 -1.42 -0.386868 -0.846841 -0.0655994 0.188787 0.165794 -0.0901313 1.2678e-12 -4.57507e-13 -1.12636e-12 -4.40129e-14 1.10292e-13 -3.63192e-14 -0.543567 -0.128384 0.24041 -0.113239 0.99159 -0.025385 0.00195694
0.172826 0.784214 0.0748863 -1.57161 -0.00267117 0.785432 3.40688e-05 0.106417 -0.0101318 0.0147125 -0.00159267 0.00119798 2.71019e-06 -3.88241e-11 0.45 -0.496002 0.20311 -0.0650253 0.228769 0.185777 -0.0901319 4.73447e-13 2.03767e-13 1.96757e-13 3.71947e-14 -3.6619e-14 -1.16842e-14 -0.543526 -0.128538 0.240382 -0.113492 0.992558 -0.0254068 0.00198341
0.173018 0.784209 0.0748825 -1.57161 -0.00267117 0.785432 3.40688e-05 1.74921 -0.166536 0.241834 -0.0261778 0.0196917 4.45346e-05 -1.82099e-11 0.77 -0.386086 0.29316 -0.0650635 0.188771 0.185778 -0.0901318 -4.66478e-13 -9.73038e-13 1.20025e-12 -8.55301e-14 1.47618e-13 -1.74665e-14 -0.543503 -0.12864 0.240385 -0.113571 0.992411 -0.025403 0.00198341
0.177087 0.784204 0.0748812 -1.57161 -0.00267117 0.785432 3.40688e-05 2.38477 -0.227043 0.329705 -0.0356896 0.0268466 6.07176e-05 1.70234e-11 1.09 -0.386139 0.393173 -0.0550995 0.178772 0.185779 -0.0901318 2.80115e-12 -1.12446e-12 -3.18195e-13 -5.94764e-14 -3.05289e-13 2.39595e-14 -0.542975 -0.13085 0.240388 -0.11564 0.992621 -0.0254085 0.00203165
0.187207 0.784203 0.0748761 -1.57161 -0.00267117 0.785432 3.40688e-05 1.59558 -0.151901 0.220596 -0.0238773 0.0179623 4.06105e-05 4.06148e-12 0.87 -0.386173 0.143234 -0.0151234 0.238774 0.16578 -0.0901318 3.53771e-12 -4.91432e-13 3.77597e-12 2.36814e-14 -9.6939e-14 -5.35561e-14 -0.541624 -0.136336 0.240388 -0.120654 0.991972 -0.0253948 0.00215964
0.201303 0.784203 0.0748774 -1.57161 -0.00267117 0.785432 3.40688e-05 -0.248885 0.0236941 -0.0344094 0.00372471 -0.00280184 -6.33659e-06 2.77839e-12 0.03 -0.496174 -0.13679 -0.0651236 0.188774 0.16578 -0.0901318 -1.95979e-12 -1.0765e-13 5.57171e-13 1.95985e-13 4.99381e-13 -3.36566e-15 -0.539648 -0.143958 0.240388 -0.127655 0.991194 -0.0253829 0.00233853
0.209998 0.784205 0.0748851 -1.57161 -0.00267117 0.785432 3.40688e-05 -0.930116 0.0885567 -0.128592 0.0139197 -0.0104708 -2.36807e-05 -7.14274e-12 -1.11 -0.386139 -0.516863 -0.0650997 0.178772 0.165779 -0.0901318 -2.55951e-12 -7.38173e-13 1.96361e-12 -3.95713e-14 -3.47513e-13 -6.83805e-15 -0.538375 -0.148648 0.240387 -0.132126 0.991828 -0.0254065 0.0024475
0.21133 0.784208 0.0748787 -1.57161 -0.00267117 0.785432 3.40688e-05 0.022395 -0.00213191 0.00309619 -0.000335216 0.000252113 5.70717e-07 -6.28871e-14 0.66 -0.386101 0.20316 -0.0650749 0.188771 0.185779 -0.0901318 1.81056e-12 -1.31807e-13 -4.83654e-12 -1.89205e-15 5.8166e-13 -6.42861e-14 -0.538177 -0.149362 0.240386 -0.132608 0.990423 -0.0253693 0.00246872
0.211532 0.784205 0.0748787 -1.57161 -0.00267117 0.785432 3.40688e-05 1.15741 -0.110189 0.160017 -0.0173214 0.0130297 2.94677e-05 7.62123e-12 0.66 -0.49614 0.103197 -0.0650997 0.228773 0.185779 -0.0901318 -5.25068e-12 5.85897e-13 9.60077e-13 -8.18034e-14 -1.14909e-13 -3.33594e-14 -0.538147 -0.149471 0.240387 -0.132939 0.992135 -0.0254124 0.0024657
0.212826 0.784203 0.0748787 -1.57161 -0.00267117 0.785432 3.40688e-05 1.92632 -0.183391 0.266323 -0.0288286 0.0216857 4.90442e-05 1.27073e-11 1.19 -0.386173 0.343199 -0.0651236 0.228773 0.18578 -0.0901318 -4.27842e-12 -9.34154e-13 -5.95232e-12 -5.72913e-14 7.68605e-13 -3.25265e-14 -0.537953 -0.150167 0.240388 -0.133423 0.990879 -0.0253806 0.00248376
0.217676 0.784203 0.0748774 -1.57161 -0.00267117 0.785432 3.40688e-05 1.72494 -0.164212 0.23848 -0.0258164 0.0194187 4.39306e-05 -1.24459e-11 1.4 -0.386173 0.443199 -0.0651236 0.238773 0.18578 -0.0901318 -1.09716e-11 -3.30525e-14 -3.04506e-12 2.90466e-14 7.13425e-13 1.61404e-14 -0.537219 -0.152774 0.240388 -0.135629 0.989127 -0.025337 0.0025489
0.225865 0.784203 0.0748787 -1.57161 -0.00267117 0.785432 3.40688e-05 0.669217 -0.0637111 0.0925221 -0.0100152 0.00753376 1.70382e-05 4.39103e-12 0.03 -0.496174 -0.0968015 -0.0651236 0.238773 0.16578 -0.0901318 -4.57741e-12 -1.00154e-12 -6.37835e-12 -6.48778e-14 8.23133e-13 -3.48613e-14 -0.53595 -0.157168 0.240388 -0.139874 0.989946 -0.0253618 0.00264924
0.233564 0.784203 0.0748825 -1.57161 -0.00267117 0.785432 3.40688e-05 -0.397223 0.0378186 -0.0549179 0.00594469 -0.00447177 -1.01133e-05 4.10902e-12 -0.38 -0.496178 -0.286837 -0.0651236 0.188773 0.16578 -0.0701318 -1.84455e-11 1.28446e-12 -6.75613e-12 2.12438e-13 1.15205e-12 -2.23311e-14 -0.534723 -0.161292 0.240389 -0.1436 0.988813 -0.0253393 0.00274862
0.23531 0.784204 0.0748825 -1.57161 -0.00267117 0.785432 3.40688e-05 -0.199149 0.0189604 -0.0275331 0.00298038 -0.00224193 -5.07032e-06 2.04083e-12 0.45 -0.386158 0.053162 -0.0651121 0.188773 0.16578 -0.0701318 3.06631e-12 9.92667e-14 1.02888e-12 5.28026e-14 1.30919e-13 -3.04233e-14 -0.534441 -0.162225 0.240388 -0.144522 0.989092 -0.0253461 0.00277022
0.235186 0.784204 0.0748761 -1.57161 -0.00267117 0.785432 3.40688e-05 0.331258 -0.0315355 0.0457978 -0.00495747 0.00372916 8.4338e-06 -3.83765e-12 0.45 -0.386158 0.103222 -0.0651121 0.238773 0.16578 -0.0701318 1.58619e-12 2.5511e-12 -2.93768e-12 1.68267e-13 7.36747e-13 -4.06135e-14 -0.534462 -0.162156 0.240388 -0.144504 0.989408 -0.0253519 0.00276753
0.235297 0.784204 0.0748761 -1.57161 -0.00267117 0.785432 3.40688e-05 0.701014 -0.066736 0.0969181 -0.0104911 0.00789171 1.78478e-05 -8.07651e-12 0.56 -0.386158 0.143222 -0.0651121 0.188773 0.16578 -0.0901318 1.59695e-12 2.57373e-12 -2.98256e-12 1.68584e-13 7.47107e-13 -4.11423e-14 -0.534443 -0.162216 0.240388 -0.144492 0.988942 -0.0253381 0.00277022
0.235379 0.784204 0.0748774 -1.57161 -0.00267117 0.785432 3.40688e-05 0.939171 -0.0894099 0.129844 -0.0140552 0.0105728 2.39112e-05 -1.0511e-11 0.56 -0.386158 0.0532098 -0.0651121 0.238773 0.18578 -0.0701318 -8.54614e-14 1.79053e-12 4.83496e-12 1.05562e-13 -6.36187e-13 -1.40352e-14 -0.53443 -0.16226 0.240388 -0.14459 0.989325 -0.0253488 0.00277022
0.235534 0.784204 0.0748774 -1.57161 -0.00267117 0.785432 3.40688e-05 1.04145 -0.0991473 0.143985 -0.0155859 0.0117242 2.65147e-05 -1.16441e-11 0.45 -0.386173 0.0532103 -0.0651236 0.178774 0.18578 -0.0701318 4.42392e-12 -1.03799e-12 3.01896e-12 -4.25221e-13 -1.24225e-13 -3.88994e-15 -0.534405 -0.162343 0.240388 -0.144488 0.988097 -0.0253185 0.00277559
0.235898 0.784203 0.0748774 -1.57161 -0.00267117 0.785432 3.40688e-05 0.954273 -0.0908477 0.131932 -0.0142813 0.0107428 2.42957e-05 -1.06707e-11 0.45 -0.386173 0.0532103 -0.0651236 0.138774 0.18578 -0.0701318 -2.82074e-12 -1.18116e-13 8.0742e-13 2.84597e-13 7.20235e-13 -4.86179e-15 -0.534346 -0.162537 0.240388 -0.144738 0.98855 -0.0253316 0.00277827
0.23612 0.784203 0.0748774 -1.57161 -0.00267117 0.785432 3.40688e-05 0.762892 -0.0726281 0.105473 -0.0114171 0.00858832 1.94232e-05 -8.53162e-12 0.45 -0.386173 0.0532103 -0.0651236 0.238774 0.18578 -0.0701318 -2.83821e-12 -2.14973e-13 7.85974e-13 2.78627e-13 7.19395e-13 -4.84041e-15 -0.53431 -0.162656 0.240388 -0.144855 0.988584 -0.025334 0.00278095
0.236085 0.784204 0.0748774 -1.57161 -0.00267117 0.785432 3.40688e-05 0.503725 -0.0479551 0.0696422 -0.00753855 0.00567072 1.28248e-05 -5.64399e-12 0.35 -0.386158 0.0532098 -0.0551119 0.238773 0.16578 -0.0901318 -6.85355e-14 1.77852e-12 4.8142e-12 1.05787e-13 -6.32064e-13 -1.39161e-14 -0.534315 -0.162637 0.240388 -0.144985 0.989589 -0.0253558 0.00277827
0.236059 0.784204 0.0748774 -1.57161 -0.00267117 0.785432 3.40688e-05 0.1283 -0.0122143 0.017738 -0.00192008 0.00144434 3.26651e-06 -1.44774e-12 0.24 -0.39616 0.00320977 -0.115112 0.178773 0.18578 -0.0901318 -1.21243e-13 1.65118e-12 4.71065e-12 1.01354e-13 -6.20076e-13 -1.37439e-14 -0.53432 -0.162623 0.240388 -0.144955 0.989476 -0.0253531 0.00277827
0.235996 0.784204 0.0748761 -1.57161 -0.00267117 0.785432 3.40688e-05 -0.359174 0.0341931 -0.0496572 0.00537524 -0.00404342 -9.14454e-06 4.07707e-12 0.24 -0.386158 0.0532219 -0.0651121 0.178773 0.18578 -0.0701318 1.59768e-12 2.59739e-12 -2.86534e-12 1.68445e-13 7.21923e-13 -3.99558e-14 -0.53433 -0.162589 0.240388 -0.14488 0.989179 -0.0253477 0.00277827
0.235494 0.784204 0.0748761 -1.57161 -0.00267117 0.785432 3.40688e-05 -0.857328 0.081617 -0.118529 0.0128304 -0.00965142 -2.18275e-05 9.78798e-12 -0.17 -0.386158 0.0032219 -0.0151119 0.238773 0.18578 -0.0701318 1.53604e-12 2.44148e-12 -2.82236e-12 1.59244e-13 7.09215e-13 -3.91291e-14 -0.534412 -0.162321 0.240388 -0.144579 0.988859 -0.0253377 0.0027729
0.233798 0.784204 0.0748761 -1.57161 -0.00267117 0.785432 3.40688e-05 -1.18125 0.112454 -0.163312 0.0176781 -0.013298 -3.00745e-05 1.35019e-11 -0.59 -0.386158 0.0032219 -0.0651121 0.228773 0.16578 -0.0901318 1.47984e-12 2.3575e-12 -2.76841e-12 1.5304e-13 6.92813e-13 -3.8148e-14 -0.534686 -0.161414 0.240388 -0.143745 0.989008 -0.0253414 0.00275133
0.230541 0.784205 0.0748761 -1.57161 -0.00267117 0.785432 3.40688e-05 -1.31158 0.124861 -0.181331 0.0196285 -0.0147652 -3.33928e-05 1.49888e-11 -0.59 -0.386135 0.0532213 -0.0650988 0.238773 0.185779 -0.0701318 -2.23927e-13 -1.41067e-13 -2.97857e-12 1.16252e-13 1.5188e-13 -4.51647e-14 -0.535209 -0.159672 0.240387 -0.142149 0.98935 -0.0253475 0.0027104
0.225574 0.784209 0.0748748 -1.57161 -0.00267117 0.785432 3.40688e-05 -1.15505 0.109958 -0.15969 0.0172859 -0.013003 -2.94074e-05 -6.98498e-12 -0.9 -0.386082 0.00323167 -0.0650635 0.238772 0.165778 -0.0901318 -7.74768e-12 9.56123e-13 -4.78907e-13 8.47395e-14 2.37606e-13 9.01336e-14 -0.535995 -0.157011 0.240385 -0.139693 0.989712 -0.0253533 0.00264924
0.22012 0.78421 0.0748684 -1.57161 -0.00267117 0.785432 3.40688e-05 -0.959709 0.0913478 -0.132683 0.0143652 -0.010804 -2.44573e-05 1.48403e-12 0.03 -0.496063 0.293255 -0.0150509 0.178772 0.165778 -0.0901318 -5.09517e-12 2.08649e-12 5.87247e-13 4.99024e-14 -3.88171e-13 8.49064e-15 -0.536844 -0.154082 0.240384 -0.136969 0.989929 -0.0253553 0.00258086
0.21489 0.78421 0.0748633 -1.57161 -0.00267117 0.785432 3.40688e-05 -0.877476 0.0835206 -0.121314 0.0131319 -0.00987818 -2.23404e-05 -3.8327e-12 -0.8 -0.386059 0.0533392 -0.0650511 0.228773 0.185778 -0.0701318 -4.76882e-12 -1.12548e-12 -4.16803e-12 -1.12455e-13 -1.32345e-13 -6.56056e-14 -0.537643 -0.151271 0.240384 -0.134576 0.991744 -0.025397 0.00251062
0.21019 0.78421 0.074862 -1.57161 -0.00267117 0.785432 3.40688e-05 -1.01772 0.0968679 -0.140703 0.0152307 -0.011457 -2.59109e-05 -4.17752e-12 -0.9 -0.28606 -0.0366489 -0.115051 0.178774 0.165778 -0.0901318 3.39794e-12 -8.44989e-13 2.23194e-12 -3.16424e-14 -2.00077e-13 -4.15856e-14 -0.538349 -0.148741 0.240384 -0.132106 0.991018 -0.025377 0.00245358
0.205639 0.784212 0.074862 -1.57161 -0.00267117 0.785432 3.40688e-05 -1.28462 0.122272 -0.177603 0.019225 -0.0144616 -3.27062e-05 1.7295e-11 -0.8 -0.49604 0.00335053 -0.0650377 0.178773 0.185777 -0.0701318 -1.16752e-11 1.59849e-14 -4.49484e-12 1.16392e-13 8.41764e-13 -4.03102e-14 -0.53902 -0.14629 0.240383 -0.129754 0.990579 -0.0253623 0.0023983
0.200239 0.784212 0.0748608 -1.57161 -0.00267117 0.785432 3.40688e-05 -1.43139 0.136233 -0.197894 0.0214241 -0.0161139 -3.64659e-05 8.79168e-12 -0.17 -0.49604 0.243339 -0.115038 0.138773 0.185777 -0.0901318 -2.68362e-12 2.94772e-13 -1.6066e-12 -6.6201e-14 2.83112e-13 -3.59594e-14 -0.539802 -0.143377 0.240383 -0.127119 0.991238 -0.0253754 0.00232895
0.192637 0.784214 0.0748608 -1.57161 -0.00267117 0.785432 3.40688e-05 -1.24848 0.118829 -0.172606 0.0186841 -0.0140547 -3.1786e-05 1.72215e-11 -0.48 -0.386002 -0.0366386 0.0349874 0.188773 0.185777 -0.0901319 -5.57719e-12 -1.19362e-12 -3.48611e-12 -1.52527e-13 3.55314e-13 1.4209e-14 -0.540876 -0.139269 0.240382 -0.12332 0.991475 -0.0253788 0.00223425
0.184397 0.784213 0.0748569 -1.57161 -0.00267117 0.785432 3.40688e-05 -0.865314 0.0823519 -0.119632 0.0129515 -0.00974124 -2.20453e-05 -9.30406e-12 -0.48 -0.386002 0.203373 -0.0650129 0.188773 0.185777 -0.0901319 2.22096e-13 -1.22433e-13 1.02357e-12 -2.42757e-14 -7.32831e-14 -1.91873e-14 -0.542006 -0.134806 0.240382 -0.11945 0.993777 -0.0254335 0.00212487
0.176607 0.784213 0.0748467 -1.57161 -0.00267117 0.785432 3.40688e-05 -0.661424 0.0629423 -0.0914438 0.00989851 -0.00744596 -1.68397e-05 -1.12608e-12 -0.38 -0.386017 0.243494 -0.115026 0.238775 0.185777 -0.0901318 3.99964e-12 6.25956e-13 2.61772e-12 1.02816e-13 -1.20362e-13 -1.3586e-14 -0.543041 -0.130575 0.240382 -0.115446 0.993128 -0.0254104 0.00202798
0.169569 0.784212 0.0748454 -1.57161 -0.00267117 0.785432 3.40688e-05 -0.837745 0.0797201 -0.115821 0.0125372 -0.00943089 -2.13288e-05 -1.26003e-12 0.14 -0.496033 0.243506 -0.0650377 0.188775 0.185777 -0.0701318 -3.27343e-13 1.26166e-13 -3.93679e-13 7.87461e-14 2.89599e-13 -4.08277e-14 -0.543946 -0.126749 0.240383 -0.112181 0.995578 -0.0254689 0.00193396
0.164161 0.784212 0.0748454 -1.57161 -0.00267117 0.785432 3.40688e-05 -1.32525 0.126114 -0.18322 0.0198317 -0.0149189 -3.37298e-05 -2.05502e-11 -1.32 -0.386032 -0.286482 -0.0150375 0.188776 0.185777 -0.0701318 -4.75277e-12 -7.16421e-14 -1.54411e-12 4.01576e-14 -3.07051e-15 -2.07727e-14 -0.544624 -0.123806 0.240383 -0.109376 0.994854 -0.0254482 0.00186732
0.15738 0.784214 0.0748442 -1.57161 -0.00267117 0.785432 3.40688e-05 -1.59976 0.152231 -0.221171 0.0239411 -0.0180092 -4.07294e-05 -2.38758e-12 -1.21 -0.285995 -0.136483 -0.0650129 0.238775 0.185776 -0.0901318 1.78604e-12 1.68065e-13 -4.23713e-13 -4.04467e-14 -5.27349e-15 -1.26611e-14 -0.545451 -0.120109 0.240381 -0.105809 0.993409 -0.025405 0.00178573
0.148396 0.784219 0.0748442 -1.57161 -0.00267117 0.785432 3.40688e-05 -1.30344 0.124033 -0.180203 0.0195065 -0.0146734 -3.31851e-05 -1.94868e-12 -1 -0.395924 -0.196485 -0.0649643 0.228773 0.185775 -0.0901319 5.54995e-13 -2.64594e-13 1.50595e-12 -3.2e-14 -1.16411e-13 -1.36272e-14 -0.546508 -0.115204 0.240378 -0.101358 0.994005 -0.0254178 0.00167374
0.137542 0.784218 0.0748403 -1.57161 -0.00267117 0.785432 3.40688e-05 -0.739178 0.0703353 -0.102193 0.0110621 -0.00832124 -1.88192e-05 1.24773e-11 -0.48 -0.495937 0.0535516 -0.114977 0.228774 0.165775 -0.0901319 1.59874e-13 1.19702e-13 -1.66918e-13 2.83717e-14 -5.56154e-14 2.43352e-15 -0.547726 -0.109264 0.240379 -0.0956911 0.991741 -0.025354 0.00153925
0.127841 0.784215 0.0748339 -1.57161 -0.00267117 0.785432 3.40688e-05 -0.326055 0.031022 -0.045078 0.00487986 -0.00367055 -8.3039e-06 4.66783e-12 -0.27 -0.385971 0.2436 -0.0650015 0.238776 0.165776 -0.0901318 5.02112e-13 1.03788e-13 3.18867e-13 2.85564e-14 2.33558e-14 -5.00508e-15 -0.548761 -0.103942 0.24038 -0.0912777 0.996566 -0.0254698 0.00140778
0.120437 0.784214 0.0748275 -1.57161 -0.00267117 0.785432 3.40688e-05 -0.642632 0.0611385 -0.0888455 0.00961726 -0.00723439 -1.63612e-05 7.20007e-13 -0.8 -0.385986 0.143673 -0.0650129 0.228777 0.165776 -0.0701318 1.26875e-13 -3.39546e-14 -1.1924e-13 -7.93727e-16 -6.165e-15 -2.324e-15 -0.549516 -0.0998738 0.240381 -0.087093 0.991287 -0.0253301 0.00132039
0.115568 0.784217 0.0748263 -1.57161 -0.00267117 0.785432 3.40688e-05 -1.42362 0.135438 -0.196819 0.021305 -0.0160264 -3.6244e-05 1.92703e-12 -0.38 -0.385967 0.0936843 -0.0650015 0.178777 0.165776 -0.0901318 9.87481e-14 -3.42137e-14 2.66324e-14 -5.76518e-15 1.3718e-15 5.96855e-16 -0.549996 -0.0971964 0.240379 -0.085255 0.998247 -0.0255054 0.00125085
0.109148 0.78423 0.0748301 -1.57161 -0.00267117 0.785432 3.40688e-05 -1.9028 0.181032 -0.263064 0.0284759 -0.0214204 -4.8444e-05 3.50585e-11 -1.84 -0.385765 -0.386357 -0.0548658 0.188772 0.185772 -0.0701319 -1.92245e-13 -3.57023e-14 -2.22977e-13 2.73555e-15 -9.21586e-15 3.67665e-15 -0.550607 -0.0936652 0.240372 -0.0819549 0.997335 -0.0254808 0.0011772
0.099756 0.78427 0.0748288 -1.57161 -0.00267117 0.785432 3.40688e-05 -1.57235 0.149593 -0.217373 0.0235269 -0.0176999 -4.00036e-05 -1.46997e-11 -1.32 -0.395195 -0.286338 -0.0244875 0.228761 0.165761 -0.0901323 -1.95219e-12 4.06043e-14 -4.63556e-13 2.92335e-14 1.13709e-13 9.02572e-15 -0.55146 -0.0884891 0.24035 -0.077273 0.997746 -0.0254838 0.0010781
0.0874369 0.784276 0.0748275 -1.57161 -0.00267117 0.785432 3.40688e-05 -0.514125 0.0489102 -0.0710759 0.00769376 -0.00578745 -1.30891e-05 4.50176e-13 -0.59 -0.385082 0.0536468 -0.064415 0.228758 0.185759 -0.0901324 6.30149e-13 -2.71961e-13 3.84248e-13 -1.25676e-14 -7.20739e-14 5.44438e-15 -0.552508 -0.0816884 0.240347 -0.0706922 0.992138 -0.0253332 0.00092966
0.0759729 0.784273 0.074816 -1.57161 -0.00267117 0.785432 3.40688e-05 0.206362 -0.0196289 0.0285288 -0.00308816 0.00232299 5.25379e-06 -5.63179e-13 -0.06 -0.385113 0.293756 -0.0644388 0.178761 0.185759 -0.0901323 -9.33994e-13 4.06382e-13 5.0411e-13 1.61053e-14 7.41951e-14 -6.0721e-15 -0.553409 -0.0753442 0.240348 -0.0649898 0.992361 -0.0253315 0.000781631
0.0692912 0.784272 0.0747892 -1.57161 -0.00267117 0.785432 3.40688e-05 -0.200505 0.0190647 -0.0277191 0.00300069 -0.00225707 -5.10616e-06 6.31483e-13 0.24 -0.385139 0.443996 -0.0644627 0.238765 0.18576 -0.0701323 8.90675e-13 -6.78272e-13 5.06452e-13 -9.24671e-14 -1.50456e-13 4.05985e-14 -0.553902 -0.071633 0.240348 -0.0611341 0.984013 -0.0251065 0.000701241
0.0669633 0.784272 0.0747879 -1.57161 -0.00267117 0.785432 3.40688e-05 -1.46622 0.139414 -0.2027 0.0219416 -0.0165051 -3.73278e-05 1.03857e-11 -0.69 -0.385139 -0.0359795 -0.0644627 0.278766 0.16576 -0.0901323 2.86001e-12 -6.07763e-13 1.22982e-12 -1.24074e-13 -3.66634e-13 3.30719e-15 -0.554067 -0.0703428 0.240348 -0.0602178 0.987874 -0.0252037 0.000668607
0.0635285 0.784283 0.0747879 -1.57161 -0.00267117 0.785432 3.40688e-05 -2.41373 0.229505 -0.333687 0.0361206 -0.027171 -6.14495e-05 1.70782e-11 -1.53 -0.284973 -0.285984 -0.0643539 0.228762 0.165756 -0.0901324 -4.95423e-12 5.09618e-14 -3.01994e-12 -9.92239e-15 2.24623e-13 -1.30551e-14 -0.554304 -0.0684392 0.240342 -0.0581438 0.981594 -0.0250429 0.000634296
0.054184 0.784341 0.0747905 -1.57161 -0.00267117 0.785432 3.40688e-05 -1.9335 0.183842 -0.267286 0.0289328 -0.0217642 -4.92204e-05 1.20938e-11 -1.53 -0.284161 -0.416032 -0.0138149 0.178745 0.165741 -0.0901329 -8.35675e-14 -1.07711e-12 2.29909e-12 -9.70836e-14 -9.04321e-16 1.2177e-14 -0.554916 -0.0632575 0.24031 -0.0546147 1.00128 -0.0255404 0.000532092
0.0410979 0.78435 0.0747879 -1.57161 -0.00267117 0.785432 3.40688e-05 -0.415995 0.039552 -0.0575064 0.00622489 -0.00468255 -1.059e-05 2.82017e-12 -0.38 -0.284012 0.203988 -0.0137177 0.178742 0.165738 -0.090133 -2.91052e-12 7.63667e-13 -3.6207e-12 -3.06197e-14 3.81089e-13 -1.7387e-14 -0.555695 -0.0559895 0.240304 -0.0479143 0.998527 -0.0254642 0.000371601
0.0288337 0.784347 0.07477 -1.57161 -0.00267117 0.785432 3.40688e-05 0.842499 -0.0800828 0.116466 -0.0126078 0.00948342 2.14543e-05 1.00897e-11 0.45 -0.384041 0.484145 -0.0637417 0.238745 0.165738 -0.090133 -7.12673e-12 -7.94386e-13 -2.17623e-12 -2.06311e-13 3.73375e-13 2.45186e-14 -0.556341 -0.0491624 0.240305 -0.0417841 0.998802 -0.0254596 0.000214103
0.0243775 0.784346 0.0747138 -1.57161 -0.00267117 0.785432 3.40688e-05 0.285889 -0.0271553 0.0395207 -0.00427799 0.00321803 7.27786e-06 -1.31705e-13 0.35 -0.384037 0.434685 -0.0637541 0.228754 0.185738 -0.0901329 -7.69502e-12 1.75701e-14 -2.40564e-12 1.99082e-14 4.88554e-13 4.29144e-14 -0.556557 -0.0466578 0.240305 -0.0395387 0.998894 -0.0254402 0.000156499
0.0243916 0.784346 0.0747125 -1.57161 -0.00267117 0.785432 3.40688e-05 -1.19659 0.113657 -0.165414 0.0179056 -0.0134691 -3.04616e-05 6.83801e-13 -0.59 -0.384037 -0.0453033 -0.0637541 0.178754 0.185738 -0.0701329 3.67235e-12 -7.87267e-13 1.63425e-12 -1.46903e-13 -3.81979e-13 -1.22015e-14 -0.556556 -0.046665 0.240305 -0.0395452 0.998894 -0.0254397 0.000156673
0.0230276 0.784347 0.0747125 -1.57161 -0.00267117 0.785432 3.40688e-05 -2.19754 0.208731 -0.303783 0.0328836 -0.024736 -5.59427e-05 1.26949e-12 -1.42 -0.284019 -0.235304 -0.113741 0.138754 0.185738 -0.0901329 1.12087e-11 1.57254e-12 3.3262e-12 -1.06134e-13 -5.45913e-13 -8.69718e-15 -0.556619 -0.0459059 0.240304 -0.038864 0.998921 -0.0254399 0.000139995
0.0169505 0.784355 0.0747125 -1.57161 -0.00267117 0.785432 3.40688e-05 -2.05438 0.195128 -0.283991 0.0307431 -0.0231245 -5.23145e-05 2.99956e-11 -1.21 -0.283909 -0.235319 -0.0636683 0.128751 0.185736 -0.0901329 -9.69756e-12 8.10318e-13 -2.69159e-12 8.50775e-14 9.87748e-13 2.06847e-14 -0.556887 -0.0425224 0.2403 -0.0358284 0.999034 -0.0254402 6.65147e-05
0.0057946 0.784354 0.0747074 -1.57161 -0.00267117 0.785432 3.40688e-05 -0.563965 0.0535626 -0.077961 0.00843956 -0.0063481 -1.43613e-05 8.71411e-12 -0.27 -0.383923 0.204729 -0.11368 0.238752 0.185736 -0.0901329 -1.22226e-11 -7.20281e-13 -6.58312e-12 7.95923e-15 6.5331e-13 1.69975e-14 -0.557327 -0.0363051 0.2403 -0.0302536 0.999218 -0.0254384 -7.60195e-05
-0.00341694 0.784352 0.0746652 -1.57161 -0.00267117 0.785432 3.40688e-05 0.647537 -0.0614493 0.0895136 -0.00969748 0.00728893 1.65523e-05 -7.84183e-12 0.66 -0.38393 0.484982 -0.113691 0.238756 0.165736 -0.0701329 6.93107e-12 8.37172e-13 3.05403e-12 5.00487e-14 -5.54615e-13 2.14259e-14 -0.557639 -0.031151 0.2403 -0.0256362 0.999348 -0.0254229 -0.000193765
-0.00649257 0.78435 0.0745962 -1.57161 -0.00267117 0.785432 3.40688e-05 0.472859 -0.044845 0.0653663 -0.0070757 0.00532255 1.20374e-05 -4.37095e-13 0.45 -0.283932 0.395786 -0.113715 0.178769 0.185736 -0.0701327 7.33484e-12 6.11905e-13 2.05769e-12 4.45168e-14 -5.54102e-13 -9.96309e-15 -0.557734 -0.0294051 0.2403 -0.024075 0.999387 -0.0253981 -0.000234026
-0.00608607 0.78435 0.0745974 -1.57161 -0.00267117 0.785432 3.40688e-05 -0.429766 0.0407589 -0.0594093 0.00643088 -0.0048375 -1.09404e-05 3.54112e-13 -0.27 -0.38393 0.00577372 -0.063715 0.178769 0.165736 -0.0701327 2.23488e-12 2.26017e-13 2.51259e-12 1.22646e-13 9.42665e-14 -2.13411e-14 -0.557722 -0.0296324 0.2403 -0.0242785 0.999382 -0.0253986 -0.000228866
-0.00647594 0.784351 0.0745962 -1.57161 -0.00267117 0.785432 3.40688e-05 -1.05035 0.0996135 -0.145197 0.0157171 -0.0118229 -2.67385e-05 9.42031e-13 -0.59 -0.283916 0.00578514 -0.0637035 0.238769 0.185735 -0.0901327 -4.15728e-12 2.64982e-13 1.02001e-14 -8.71988e-14 -5.04418e-13 -6.73793e-15 -0.557733 -0.0294144 0.240299 -0.0240832 0.999387 -0.0253981 -0.000233187
-0.00721098 0.784351 0.0745962 -1.57161 -0.00267117 0.785432 3.40688e-05 -1.44068 0.136631 -0.199154 0.0215578 -0.0162164 -3.66748e-05 1.29447e-12 -1.11 -0.283916 -0.134215 -0.0637035 0.228769 0.165735 -0.0901327 -4.20317e-12 2.92815e-13 3.82275e-14 -8.94308e-14 -5.16796e-13 -6.86771e-15 -0.557755 -0.0290044 0.240299 -0.0237159 0.999396 -0.0253981 -0.000242522
-0.00949662 0.784351 0.0745962 -1.57161 -0.00267117 0.785432 3.40688e-05 -1.33533 0.12664 -0.184591 0.0199814 -0.0150306 -3.3993e-05 1.19921e-12 -0.8 -0.383915 -0.0942149 -0.0637035 0.228769 0.165735 -0.0901327 -4.2761e-12 2.42934e-13 3.92893e-14 -9.24107e-14 -5.23733e-13 -6.97039e-15 -0.557819 -0.0277295 0.240299 -0.0225738 0.999422 -0.0253978 -0.000271547
-0.0131411 0.784351 0.0745923 -1.57161 -0.00267117 0.785432 3.40688e-05 -0.779372 0.0739104 -0.107737 0.0116623 -0.00877269 -1.98402e-05 1.31325e-12 -0.17 -0.383911 0.145821 -0.0637035 0.228769 0.165735 -0.0901327 1.88047e-11 -2.93624e-12 6.41124e-12 -1.89087e-13 -1.1967e-12 2.94788e-14 -0.557917 -0.0256947 0.240299 -0.0207512 0.999462 -0.0253959 -0.000317816
-0.016163 0.784351 0.0745834 -1.57161 -0.00267117 0.785432 3.40688e-05 -0.264432 0.0250739 -0.0365541 0.00395686 -0.00297647 -6.73153e-06 7.40233e-13 -0.27 -0.393909 0.195905 -0.0637026 0.188771 0.185735 -0.0901327 -9.22403e-12 1.23556e-13 -4.0736e-12 1.07636e-13 5.68957e-13 -4.36077e-14 -0.557992 -0.0240046 0.240299 -0.0192379 0.999492 -0.0253922 -0.000356156
-0.0164187 0.784351 0.0745821 -1.57161 -0.00267117 0.785432 3.40688e-05 -0.27744 0.026307 -0.0383522 0.00415151 -0.00312289 -7.06268e-06 9.14757e-13 -0.48 -0.283909 0.00591701 -0.0637026 0.188771 0.185735 -0.0701327 -1.03186e-11 1.64891e-13 -5.49987e-12 -3.88648e-14 1.17258e-12 1.24565e-14 -0.557998 -0.0238614 0.240299 -0.0191097 0.999495 -0.0253917 -0.000359398
-0.0163343 0.784351 0.0745821 -1.57161 -0.00267117 0.785432 3.40688e-05 -0.240732 0.0228264 -0.0332779 0.00360224 -0.00270971 -6.12824e-06 7.95354e-13 -0.48 -0.283909 0.00591701 -0.0637026 0.228771 0.185735 -0.0701327 -1.03134e-11 1.94769e-13 -5.49737e-12 -3.71152e-14 1.1715e-12 1.24336e-14 -0.557996 -0.0239085 0.240299 -0.0191518 0.999494 -0.0253917 -0.000358327
-0.0162921 0.784351 0.0745821 -1.57161 -0.00267117 0.785432 3.40688e-05 -0.0702543 0.00666154 -0.00971168 0.00105126 -0.000790789 -1.78844e-06 2.40845e-13 -0.27 -0.383907 0.055917 -0.0637026 0.228771 0.165735 -0.0901327 -1.02208e-11 2.58456e-13 -5.44923e-12 -3.25329e-14 1.16215e-12 1.23614e-14 -0.557995 -0.023932 0.240299 -0.0191729 0.999494 -0.0253917 -0.000357791
-0.0161937 0.78435 0.0745821 -1.57161 -0.00267117 0.785432 3.40688e-05 0.208538 -0.0197737 0.0288276 -0.00312049 0.00234733 5.30868e-06 -6.72198e-13 -0.06 -0.383926 0.0559176 -0.113715 0.228771 0.165736 -0.0901327 -5.08502e-12 3.25863e-13 2.15255e-12 8.46283e-14 5.88756e-13 6.02179e-15 -0.557993 -0.0239869 0.2403 -0.0192221 0.999493 -0.0253917 -0.000357169
-0.015584 0.78435 0.0745821 -1.57161 -0.00267117 0.785432 3.40688e-05 0.484131 -0.0459056 0.0669245 -0.00724437 0.00544943 1.23244e-05 -1.56858e-12 0.14 -0.283928 0.145918 -0.063715 0.228771 0.185736 -0.0701327 -5.0542e-12 3.01626e-13 2.08377e-12 8.28037e-14 5.83691e-13 5.93844e-15 -0.557978 -0.0243272 0.2403 -0.0195268 0.999487 -0.0253918 -0.000349428
-0.0147057 0.78435 0.0745834 -1.57161 -0.00267117 0.785432 3.40688e-05 0.813813 -0.0771675 0.112498 -0.0121776 0.00916037 2.07169e-05 -2.39146e-12 0.24 -0.383926 0.0059056 -0.063715 0.178771 0.185736 -0.0901327 2.00385e-12 -3.43041e-12 1.6182e-12 -3.82666e-13 -7.32432e-13 2.08944e-14 -0.557957 -0.0248177 0.2403 -0.0199662 0.999478 -0.0253924 -0.000338282
-0.0135604 0.784348 0.0745834 -1.57161 -0.00267117 0.785432 3.40688e-05 1.22428 -0.116089 0.16924 -0.0183197 0.0137806 3.11661e-05 -3.61363e-12 0.56 -0.393944 0.155906 -0.0137262 0.178771 0.165736 -0.0901327 1.3146e-12 7.0048e-13 -1.27319e-12 -9.07547e-14 7.00981e-13 1.54753e-14 -0.557928 -0.0254568 0.2403 -0.0205386 0.999466 -0.0253926 -0.000324342
-0.0108708 0.784347 0.0745834 -1.57161 -0.00267117 0.785432 3.40688e-05 1.34962 -0.127973 0.186566 -0.0201953 0.0151914 3.43576e-05 -3.98825e-12 0.45 -0.283943 0.0559061 -0.0637264 0.238771 0.185736 -0.0701327 8.96276e-13 -1.41874e-14 3.44262e-12 -2.01721e-13 -3.76711e-13 1.24102e-14 -0.557858 -0.0269573 0.240301 -0.0218826 0.999438 -0.025393 -0.000290856
-0.00607073 0.784347 0.0745834 -1.57161 -0.00267117 0.785432 3.40688e-05 1.07356 -0.101798 0.148406 -0.0160645 0.0120842 2.73294e-05 -3.17319e-12 0.24 -0.283962 0.0559067 -0.113739 0.278772 0.185736 -0.0901326 -8.8998e-12 1.18937e-13 -4.81608e-12 1.80426e-13 7.76285e-13 9.17763e-15 -0.557722 -0.0296347 0.240301 -0.0242813 0.999383 -0.0253936 -0.000229912
0.000166173 0.784347 0.0745847 -1.57161 -0.00267117 0.785432 3.40688e-05 0.640645 -0.0607485 0.0885605 -0.00958641 0.00721118 1.63087e-05 -1.7177e-12 0.14 -0.383965 0.00589454 -0.0637388 0.228772 0.185736 -0.0901327 1.33955e-13 -1.18214e-12 7.4312e-13 -2.16194e-13 4.03272e-14 3.61448e-14 -0.557526 -0.0331132 0.240301 -0.0273981 0.999302 -0.0253947 -0.000150723
0.00553767 0.784347 0.0745859 -1.57161 -0.00267117 0.785432 3.40688e-05 0.538918 -0.0511032 0.0744982 -0.0080642 0.00606613 1.37191e-05 -1.46336e-12 0.45 -0.383965 0.00588259 -0.0637388 0.188771 0.185736 -0.0901327 2.44199e-12 2.29872e-12 -3.20275e-12 2.67133e-13 3.02845e-14 -3.99661e-15 -0.55734 -0.036108 0.240301 -0.0300823 0.999225 -0.0253954 -8.25181e-05
0.00870916 0.784347 0.0745859 -1.57161 -0.00267117 0.785432 3.40688e-05 0.985392 -0.0934403 0.136217 -0.0147451 0.0110917 2.50848e-05 -2.6722e-12 0.24 -0.393967 -0.0341174 -0.0637388 0.188771 0.165736 -0.0901327 2.32549e-12 2.1648e-12 -3.04093e-12 2.51521e-13 2.8636e-14 -3.80238e-15 -0.557223 -0.0378754 0.240301 -0.0316668 0.999176 -0.0253955 -4.22473e-05
0.0121287 0.784347 0.0745859 -1.57161 -0.00267117 0.785432 3.40688e-05 1.51985 -0.144121 0.210099 -0.0227426 0.0171076 3.86904e-05 -4.11927e-12 0.98 -0.383965 0.155883 -0.0637388 0.228771 0.165736 -0.0901327 2.17177e-12 2.03262e-12 -2.88642e-12 2.37185e-13 2.85859e-14 -3.5845e-15 -0.55709 -0.0397806 0.240301 -0.0333751 0.99912 -0.0253956 1.17278e-06
0.0177136 0.784346 0.0745847 -1.57161 -0.00267117 0.785432 3.40688e-05 1.56563 -0.148459 0.216427 -0.0234276 0.0176229 3.98558e-05 -4.26109e-12 0.45 -0.383984 0.105895 -0.0637522 0.178772 0.165737 -0.0901326 6.33345e-13 8.33282e-13 -3.28227e-13 7.62073e-14 -8.96968e-14 2.50367e-14 -0.556859 -0.0428907 0.240302 -0.0361646 0.999023 -0.025395 7.14146e-05
0.0259882 0.784346 0.0745821 -1.57161 -0.00267117 0.785432 3.40688e-05 1.04071 -0.0986786 0.143864 -0.0155738 0.0117144 2.65014e-05 6.90045e-13 0.98 -0.383984 0.345907 -0.113752 0.178772 0.185737 -0.0701326 6.20891e-12 -1.00683e-12 4.01458e-12 -1.79995e-13 5.22724e-14 2.98456e-14 -0.556485 -0.0474958 0.240302 -0.0402966 0.998865 -0.0253936 0.00017647
0.0350323 0.784346 0.0745872 -1.57161 -0.00267117 0.785432 3.40688e-05 0.407348 -0.0386268 0.0563105 -0.00609581 0.00458517 1.0373e-05 6.38034e-13 0.45 -0.383984 0.105859 -0.0637522 0.178772 0.165737 -0.0901326 -1.85762e-12 1.49981e-12 -1.30843e-12 3.93007e-14 2.34258e-13 6.48975e-14 -0.556033 -0.052529 0.240302 -0.0448149 0.998672 -0.0253943 0.000291327
0.0425053 0.784346 0.0745885 -1.57161 -0.00267117 0.785432 3.40688e-05 0.226097 -0.0214405 0.0312551 -0.00338324 0.00254498 5.75567e-06 -8.03692e-11 -0.06 -0.383984 -0.144141 -0.0637522 0.188772 0.165737 -0.0701326 2.30908e-12 7.41598e-13 -2.04873e-13 5.81389e-14 3.7132e-14 4.02276e-15 -0.555624 -0.0566833 0.240302 -0.0485466 0.998498 -0.0253935 0.000386812
0.0471047 0.784346 0.0745885 -1.57161 -0.00267117 0.785432 3.40688e-05 0.807622 -0.0765859 0.111643 -0.012085 0.00909072 2.05594e-05 2.40697e-12 0.35 -0.383995 0.00585929 -0.0637407 0.228771 0.185736 -0.0701327 -3.21876e-12 2.59544e-13 -2.46399e-12 4.44553e-14 5.25867e-13 -2.2544e-14 -0.555358 -0.0592382 0.240302 -0.0508427 0.998384 -0.0253925 0.000445208
0.0510547 0.784346 0.0745872 -1.57161 -0.00267117 0.785432 3.40688e-05 1.74739 -0.1657 0.241553 -0.0261474 0.0196689 4.44828e-05 4.89768e-12 0.66 -0.393997 0.145871 -0.113741 0.228771 0.185736 -0.0901327 -8.47703e-13 5.07335e-13 -8.0161e-13 -9.92849e-15 1.44362e-13 4.16923e-14 -0.555119 -0.0614308 0.240302 -0.0528139 0.998281 -0.0253912 0.000495347
0.0585316 0.784345 0.0745808 -1.57161 -0.00267117 0.785432 3.40688e-05 1.88738 -0.178961 0.260906 -0.0282423 0.0212447 4.80467e-05 3.23471e-12 0.98 -0.284012 0.295932 -0.113752 0.178773 0.165737 -0.0701326 -2.95612e-12 1.64037e-13 -1.38654e-12 -6.53545e-14 2.1554e-13 -8.30821e-15 -0.554645 -0.0655768 0.240302 -0.0569473 1.00521 -0.025568 0.000585429
0.0697654 0.784345 0.0745821 -1.57161 -0.00267117 0.785432 3.40688e-05 1.09077 -0.103428 0.150785 -0.016322 0.0122779 2.77675e-05 2.1141e-12 0.66 -0.284012 0.19592 -0.013752 0.228772 0.185737 -0.0701326 -1.49917e-12 -1.85771e-13 -1.21148e-12 7.91737e-15 8.34476e-14 -1.0173e-14 -0.553873 -0.0718039 0.240302 -0.0621312 0.997459 -0.0253754 0.000732422
0.0819733 0.784345 0.0745847 -1.57161 -0.00267117 0.785432 3.40688e-05 0.0192839 -0.00182862 0.00266575 -0.000288541 0.000217063 4.9075e-07 -2.04497e-14 -0.17 -0.38401 -0.234092 -0.0637522 0.178772 0.185737 -0.0901326 2.29207e-13 -4.51719e-13 6.36012e-13 -3.9051e-14 -3.70169e-14 2.49566e-15 -0.552955 -0.0785611 0.240302 -0.0681228 0.99565 -0.0253359 0.000888685
0.0912041 0.784346 0.0745872 -1.57161 -0.00267117 0.785432 3.40688e-05 -0.146262 0.0138693 -0.0202188 0.00218876 -0.00164635 -3.72454e-06 -9.65935e-13 -0.06 -0.383995 -0.194141 -0.0637407 0.228771 0.185736 -0.0901327 2.5293e-13 4.81848e-14 -1.10914e-13 -1.32418e-14 -8.34856e-15 2.68544e-16 -0.552206 -0.083663 0.240302 -0.0727207 0.995351 -0.025332 0.00100662
0.0958137 0.784346 0.0745872 -1.57161 -0.00267117 0.785432 3.40688e-05 0.833024 -0.0789934 0.115155 -0.0124651 0.00937665 2.12061e-05 2.3241e-12 0.56 -0.383995 0.00587124 -0.113741 0.228771 0.165736 -0.0701327 -1.83143e-13 9.81876e-14 -1.73971e-13 -2.58872e-15 3.15049e-14 9.13275e-15 -0.551815 -0.0862076 0.240302 -0.0755852 1.00275 -0.0255234 0.00105716
0.0989673 0.784345 0.0745834 -1.57161 -0.00267117 0.785432 3.40688e-05 2.09935 -0.199066 0.290207 -0.0314141 0.0236306 5.34427e-05 4.57033e-12 1.19 -0.38401 0.295908 -0.0637522 0.188772 0.185737 -0.0901326 -1.35152e-13 -4.93916e-14 -1.95732e-13 -6.45462e-15 2.34899e-14 6.0761e-16 -0.551541 -0.0879457 0.240302 -0.0765275 0.994362 -0.0253095 0.00110539
0.106048 0.784345 0.074577 -1.57161 -0.00267117 0.785432 3.40688e-05 2.33522 -0.221412 0.322813 -0.0349435 0.0262855 5.9447e-05 2.74364e-12 1.08 -0.384007 0.485968 -0.0637522 0.178773 0.185737 -0.0901326 7.39101e-13 9.69963e-14 3.06834e-13 2.77537e-15 -3.25567e-14 2.2933e-15 -0.550904 -0.0918459 0.240302 -0.080416 0.998689 -0.0254209 0.00118979
0.118999 0.784343 0.0745744 -1.57161 -0.00267117 0.785432 3.40688e-05 1.141 -0.108182 0.157729 -0.0170726 0.0128433 2.9037e-05 1.67042e-11 0.77 -0.284027 0.196004 -0.113765 0.178774 0.185737 -0.0701326 -9.00163e-13 -2.28228e-14 -3.76475e-13 -1.62661e-14 9.19813e-14 -7.74538e-17 -0.549669 -0.0989714 0.240303 -0.0868223 0.99748 -0.0253952 0.00135383
0.134094 0.784346 0.0745821 -1.57161 -0.00267117 0.785432 3.40688e-05 -0.428437 0.0406249 -0.0592258 0.00641101 -0.00482257 -1.09064e-05 -8.29269e-13 -0.17 -0.494011 -0.33408 -0.0637522 0.228772 0.185737 -0.0901326 -1.93642e-13 -1.90938e-13 2.05512e-13 -2.24088e-14 5.52179e-14 5.11594e-15 -0.548112 -0.107261 0.240301 -0.094193 0.995123 -0.0253428 0.0015489
0.143632 0.784346 0.0745859 -1.57161 -0.00267117 0.785432 3.40688e-05 -0.824994 0.0782306 -0.114045 0.012345 -0.00928626 -2.10017e-05 -2.05904e-12 -0.17 -0.383995 -0.384117 -0.0637407 0.228772 0.165736 -0.0901327 1.78681e-12 -3.84851e-13 5.23838e-13 -2.52043e-14 -2.38908e-14 -3.9848e-15 -0.547063 -0.112485 0.240302 -0.0989727 0.995005 -0.025345 0.00166929
0.145879 0.784347 0.0745847 -1.57161 -0.00267117 0.785432 3.40688e-05 0.519789 -0.0492885 0.0718539 -0.00777797 0.00585082 1.32321e-05 1.31302e-12 0.03 -0.283978 -0.144105 -0.113729 0.188771 0.185736 -0.0901327 4.53359e-13 2.76942e-14 -6.27958e-13 -7.55206e-15 3.62366e-14 3.10384e-15 -0.546809 -0.113714 0.240301 -0.0999818 0.99381 -0.0253152 0.00170024
0.146316 0.784346 0.0745808 -1.57161 -0.00267117 0.785432 3.40688e-05 2.26761 -0.215013 0.313467 -0.0339319 0.0255246 5.7726e-05 3.90408e-12 1.29 -0.383991 0.345931 -0.113741 0.178772 0.165736 -0.0901326 -2.59557e-12 -7.53139e-14 -1.00052e-12 2.51069e-14 9.91759e-14 7.72051e-15 -0.54676 -0.113951 0.240301 -0.100479 0.996579 -0.0253853 0.00170024
0.151863 0.784343 0.0745719 -1.57161 -0.00267117 0.785432 3.40688e-05 2.87114 -0.272208 0.396898 -0.042963 0.032318 7.309e-05 1.31652e-12 1.4 -0.384026 0.536016 -0.103765 0.178774 0.165737 -0.0901326 -1.94498e-12 -1.56339e-13 -1.79272e-12 -3.19397e-14 4.10699e-13 -1.54443e-15 -0.546121 -0.116978 0.240303 -0.102989 0.993879 -0.025316 0.00177317
0.164868 0.784343 0.0745655 -1.57161 -0.00267117 0.785432 3.40688e-05 1.46531 -0.138911 0.202559 -0.0219264 0.0164937 3.73019e-05 -9.84404e-13 1.08 -0.384022 0.336076 -0.0637646 0.188775 0.185737 -0.0901326 3.89247e-12 -7.90714e-13 1.65803e-12 3.21525e-14 -7.65862e-14 -1.6715e-14 -0.544554 -0.124068 0.240302 -0.109443 0.993154 -0.0253011 0.00193781
0.181513 0.784343 0.0745744 -1.57161 -0.00267117 0.785432 3.40688e-05 -0.80863 0.0766674 -0.111782 0.0121001 -0.00910207 -2.05851e-05 -1.49469e-11 -0.06 -0.494026 -0.284008 -0.0637646 0.238774 0.165737 -0.0901326 -1.25688e-13 2.04202e-12 8.63025e-13 1.31371e-13 1.23219e-14 -1.20191e-14 -0.542412 -0.133118 0.240303 -0.117873 0.993597 -0.0253225 0.0021458
0.191206 0.784351 0.0745898 -1.57161 -0.00267117 0.785432 3.40688e-05 -1.52359 0.144479 -0.210615 0.0227999 -0.0171497 -3.87978e-05 -1.08336e-11 -0.9 -0.283924 -0.514167 -0.113692 0.178769 0.185735 -0.0701327 -4.44561e-12 1.44048e-12 6.3735e-13 1.33133e-13 2.86986e-13 1.44833e-14 -0.541094 -0.138376 0.240299 -0.12262 0.992437 -0.0253031 0.00227392
0.19196 0.784351 0.0745693 -1.57161 -0.00267117 0.785432 3.40688e-05 -0.155487 0.0147412 -0.0214939 0.00232651 -0.00175018 -3.95691e-06 -2.21095e-12 0.03 -0.393913 0.0960489 -0.0636911 0.138773 0.185735 -0.0901327 -3.77786e-12 6.6872e-14 4.73075e-13 -1.1376e-13 -1.91457e-13 -2.76533e-14 -0.540992 -0.138775 0.240298 -0.123112 0.993399 -0.0253203 0.00228046
0.191983 0.78435 0.0745668 -1.57161 -0.00267117 0.785432 3.40688e-05 1.32225 -0.125351 0.182783 -0.0197857 0.0148834 3.36601e-05 -4.92451e-13 0.45 -0.393932 0.156061 -0.0137033 0.238773 0.185735 -0.0701327 9.57765e-12 -4.05454e-13 3.94823e-12 3.99607e-14 -7.95908e-13 -1.06712e-16 -0.540989 -0.138786 0.240299 -0.122924 0.991795 -0.0252776 0.00228373
0.195145 0.784346 0.0745668 -1.57161 -0.00267117 0.785432 3.40688e-05 2.06365 -0.195638 0.285272 -0.0308799 0.0232288 5.25339e-05 -7.58846e-13 0.98 -0.383987 0.346063 -0.0137405 0.278774 0.165736 -0.0901326 -4.45652e-12 9.51764e-14 -2.95462e-12 2.42288e-14 7.80659e-13 9.63403e-15 -0.540548 -0.140496 0.240301 -0.124452 0.991275 -0.0252673 0.00232255
0.202361 0.784345 0.0745655 -1.57161 -0.00267117 0.785432 3.40688e-05 1.61472 -0.153076 0.223214 -0.0241623 0.0181756 4.11056e-05 -1.09591e-12 0.66 -0.284004 0.296075 -0.113752 0.188775 0.165736 -0.0901326 1.62087e-11 -6.57902e-13 4.47751e-12 -6.43655e-14 -6.68382e-13 -2.95628e-14 -0.53952 -0.144393 0.240302 -0.128159 0.991837 -0.0252845 0.0024107
0.212364 0.784345 0.0745719 -1.57161 -0.00267117 0.785432 3.40688e-05 0.398522 -0.0377831 0.0550903 -0.00596336 0.00448582 1.01451e-05 1.76664e-13 0.24 -0.394009 -0.0339845 -0.0637522 0.228774 0.165737 -0.0901326 8.53239e-12 -1.76873e-12 1.03201e-12 -3.62657e-14 2.47449e-13 -6.29055e-15 -0.538048 -0.149785 0.240302 -0.132969 0.990065 -0.0252457 0.00254012
0.220828 0.784346 0.0745757 -1.57161 -0.00267117 0.785432 3.40688e-05 -0.544102 0.051589 -0.0752148 0.00814127 -0.00612448 -1.38467e-05 -8.112e-12 -0.27 -0.383991 -0.324009 -0.0637407 0.188773 0.185736 -0.0901326 4.28444e-12 2.24363e-13 1.01924e-12 -1.51964e-14 1.23928e-13 -2.15004e-14 -0.536761 -0.154335 0.240301 -0.137378 0.991072 -0.0252749 0.0026436
0.223322 0.784346 0.0745757 -1.57161 -0.00267117 0.785432 3.40688e-05 -0.0653884 0.00619966 -0.00903907 0.000978452 -0.000736021 -1.66457e-06 -2.14495e-14 -0.17 -0.393993 -0.184021 -0.0637407 0.178773 0.165736 -0.0901326 3.6533e-12 6.40545e-14 -6.63802e-13 -1.48871e-13 -2.75611e-13 4.03219e-14 -0.536374 -0.155673 0.240301 -0.138503 0.990106 -0.0252498 0.00267721
0.223001 0.784346 0.074568 -1.57161 -0.00267117 0.785432 3.40688e-05 0.900544 -0.0853745 0.124488 -0.0134755 0.0101366 2.29249e-05 -1.39943e-13 0.14 -0.383987 0.0960511 -0.0637407 0.228774 0.185736 -0.0901326 5.90891e-12 1.27366e-12 4.30703e-12 2.51023e-13 -3.1283e-13 -1.10333e-14 -0.536425 -0.155498 0.240301 -0.138261 0.98955 -0.0252371 0.00267443
0.22406 0.784346 0.074568 -1.57161 -0.00267117 0.785432 3.40688e-05 1.45341 -0.137788 0.200914 -0.0217483 0.0163597 3.69989e-05 -2.194e-13 0.87 -0.283989 0.146051 -0.0637407 0.228774 0.185736 -0.0901326 6.07961e-12 1.27134e-12 4.42961e-12 2.57219e-13 -3.2189e-13 -1.13503e-14 -0.53626 -0.156066 0.240301 -0.138757 0.989283 -0.0252286 0.00268832
0.227144 0.784346 0.074568 -1.57161 -0.00267117 0.785432 3.40688e-05 1.36605 -0.129506 0.188838 -0.0204411 0.0153764 3.47751e-05 -2.07154e-13 0.56 -0.383987 0.106051 -0.0637407 0.188774 0.185736 -0.0701326 6.21192e-12 1.37112e-12 4.52334e-12 2.67486e-13 -3.28725e-13 -1.16094e-14 -0.535776 -0.157719 0.240301 -0.140305 0.989227 -0.0252274 0.00272684
0.231985 0.784345 0.0745693 -1.57161 -0.00267117 0.785432 3.40688e-05 0.735683 -0.0697462 0.101698 -0.0110086 0.00828093 1.87285e-05 1.30579e-11 0.45 -0.283989 0.056039 -0.0137405 0.178774 0.185736 -0.0701326 7.95849e-12 -9.81576e-13 2.84145e-12 2.79711e-13 1.99674e-13 -3.76118e-15 -0.535006 -0.160311 0.240302 -0.142757 0.989283 -0.0252345 0.00278631
0.23615 0.784346 0.0745719 -1.57161 -0.00267117 0.785432 3.40688e-05 0.151057 -0.0143214 0.0208816 -0.00226037 0.00170031 3.84541e-06 5.62061e-14 0.14 -0.39399 -0.143985 -0.0137405 0.238774 0.185736 -0.0901326 -4.70714e-12 8.40887e-13 1.68254e-12 5.21272e-14 -7.41687e-14 -1.31428e-14 -0.534334 -0.162539 0.240301 -0.144832 0.989078 -0.0252308 0.00283928
0.237225 0.784346 0.0745706 -1.57161 -0.00267117 0.785432 3.40688e-05 0.213245 -0.0202171 0.0294783 -0.00319094 0.00240032 5.42853e-06 3.8363e-14 0.56 -0.39399 0.106027 -0.0137405 0.188774 0.185736 -0.0701326 3.69676e-12 6.24546e-13 1.4601e-12 2.11229e-14 -7.71557e-14 1.87662e-15 -0.534159 -0.163113 0.240301 -0.145385 0.989146 -0.0252325 0.00285237
0.237226 0.784346 0.0745706 -1.57161 -0.00267117 0.785432 3.40688e-05 0.386183 -0.0366126 0.0533846 -0.00577872 0.00434693 9.83096e-06 6.79631e-14 0.24 -0.39399 0.00602701 -0.0137405 0.228774 0.165736 -0.0901326 3.74942e-12 7.03617e-13 1.48295e-12 2.30886e-14 -8.00799e-14 1.88714e-15 -0.534158 -0.163114 0.240301 -0.145386 0.989152 -0.0252299 0.00285237
0.237226 0.784346 0.0745693 -1.57161 -0.00267117 0.785432 3.40688e-05 0.434543 -0.0411968 0.0600696 -0.00650236 0.00489127 1.1062e-05 7.69868e-12 0.35 -0.283989 0.00603896 -0.0637407 0.238774 0.185736 -0.0901326 2.41319e-13 -6.9595e-13 2.98483e-12 9.05497e-14 -1.79823e-13 -1.64231e-14 -0.534159 -0.163113 0.240301 -0.145383 0.989133 -0.0252299 0.00285237
0.237227 0.784346 0.0745693 -1.57161 -0.00267117 0.785432 3.40688e-05 0.351743 -0.033347 0.0486237 -0.00526338 0.00395927 8.95422e-06 6.22865e-12 0.45 -0.39399 0.056039 -0.0637407 0.188774 0.165736 -0.0901326 2.00822e-13 -7.25748e-13 2.93864e-12 8.83484e-14 -1.76236e-13 -1.63796e-14 -0.534158 -0.163114 0.240301 -0.145384 0.989139 -0.0252299 0.00285237
0.237227 0.784346 0.0745693 -1.57161 -0.00267117 0.785432 3.40688e-05 0.135785 -0.0128731 0.0187704 -0.00203185 0.00152842 3.45664e-06 2.39453e-12 0.35 -0.39399 0.056039 -0.0637407 0.188774 0.185736 -0.0701326 1.74207e-13 -7.80029e-13 2.90396e-12 8.62693e-14 -1.73051e-13 -1.62658e-14 -0.534158 -0.163114 0.240301 -0.145384 0.989139 -0.0252299 0.00285237
0.237221 0.784346 0.0745693 -1.57161 -0.00267117 0.785432 3.40688e-05 -0.194636 0.0184524 -0.0269058 0.00291247 -0.00219085 -4.95479e-06 -3.47176e-12 0.35 -0.283989 0.096039 -0.0637407 0.238774 0.185736 -0.0701326 2.22977e-13 -6.92629e-13 2.90901e-12 8.83085e-14 -1.75135e-13 -1.60909e-14 -0.534159 -0.16311 0.240301 -0.145377 0.989112 -0.0252299 0.00285237
0.237056 0.784346 0.074568 -1.57161 -0.00267117 0.785432 3.40688e-05 -0.607894 0.0576303 -0.0840332 0.00909634 -0.00684254 -1.5475e-05 7.52382e-14 0.03 -0.383987 0.00605106 -0.113741 0.228774 0.165736 -0.0901326 6.31372e-12 1.37301e-12 4.5969e-12 2.67658e-13 -3.34377e-13 -1.17795e-14 -0.534186 -0.163022 0.240301 -0.145186 0.988384 -0.0252116 0.00285237
0.236011 0.784347 0.074568 -1.57161 -0.00267117 0.785432 3.40688e-05 -0.92524 0.0877156 -0.127902 0.013845 -0.0104146 -2.35535e-05 1.49766e-13 -0.27 -0.39397 0.0060505 -0.0637274 0.178774 0.185736 -0.0701326 -4.5892e-12 7.59063e-13 -2.98176e-12 9.55658e-14 2.60845e-13 1.73317e-14 -0.534357 -0.162463 0.2403 -0.144698 0.988655 -0.0252177 0.00283928
0.234075 0.784347 0.0745668 -1.57161 -0.00267117 0.785432 3.40688e-05 -1.14343 0.108399 -0.158063 0.0171099 -0.0128705 -2.91079e-05 4.34727e-13 -0.9 -0.28397 -0.0439375 -0.0637274 0.228774 0.185736 -0.0901326 8.75716e-12 -4.98929e-13 3.57397e-12 -2.33888e-13 -1.63556e-13 8.9426e-15 -0.53467 -0.161428 0.2403 -0.143837 0.989456 -0.0252368 0.00281292
0.230932 0.784348 0.0745655 -1.57161 -0.00267117 0.785432 3.40688e-05 -1.21658 0.115331 -0.168175 0.0182045 -0.0136939 -3.097e-05 7.55762e-13 -0.69 -0.283947 -0.0439261 -0.063715 0.188774 0.185735 -0.0901326 -6.23436e-12 1.07869e-12 -4.77509e-12 -6.48012e-14 9.25851e-14 -4.76075e-14 -0.535175 -0.159746 0.2403 -0.142331 0.990028 -0.025249 0.0027729
0.226779 0.784348 0.0745642 -1.57161 -0.00267117 0.785432 3.40688e-05 -1.12448 0.106597 -0.155444 0.0168275 -0.0126573 -2.86346e-05 -3.309e-12 -0.38 -0.393948 0.0560738 -0.063715 0.178774 0.185735 -0.0701326 1.19259e-12 -3.76113e-13 4.7613e-12 -2.15207e-13 -7.56698e-13 -1.16111e-15 -0.535834 -0.157521 0.2403 -0.140228 0.989992 -0.0252453 0.00272137
0.221433 0.784348 0.0745629 -1.57161 -0.00267117 0.785432 3.40688e-05 -0.979123 0.0928176 -0.13535 0.0146513 -0.0110211 -2.49252e-05 8.93633e-13 -0.9 -0.393948 -0.0439022 -0.063715 0.238774 0.185735 -0.0701326 7.53803e-13 1.38477e-12 8.13614e-13 -3.38e-14 -3.20469e-13 -6.43002e-15 -0.536669 -0.154654 0.2403 -0.137384 0.988947 -0.0252169 0.00265766
0.216162 0.784348 0.074554 -1.57161 -0.00267117 0.785432 3.40688e-05 -0.889259 0.0842869 -0.122928 0.0133074 -0.0100096 -2.26447e-05 -1.31783e-12 -0.38 -0.283943 0.0961697 -0.113715 0.228775 0.185735 -0.0701326 -7.00411e-12 -3.79564e-13 -4.37594e-12 -7.4163e-15 4.50183e-13 -2.38196e-14 -0.537477 -0.15182 0.240299 -0.134986 0.990864 -0.0252585 0.00258662
0.211592 0.784348 0.0745527 -1.57161 -0.00267117 0.785432 3.40688e-05 -1.01923 0.0966064 -0.140894 0.0152514 -0.0114725 -2.59461e-05 -1.53654e-11 -0.27 -0.383942 0.146194 -0.063715 0.178775 0.165735 -0.0701326 1.24641e-12 -1.51635e-13 2.1101e-14 1.05386e-13 -1.19639e-14 1.60642e-14 -0.538166 -0.149361 0.240299 -0.132749 0.991378 -0.0252718 0.00252836
0.207045 0.784348 0.0745514 -1.57161 -0.00267117 0.785432 3.40688e-05 -1.24742 0.118233 -0.172438 0.0186659 -0.014041 -3.1755e-05 3.326e-12 -0.48 -0.383942 0.0562056 -0.063715 0.178776 0.185735 -0.0701326 -1.07574e-11 -1.13564e-12 -4.14647e-12 -1.93859e-13 7.45419e-13 3.66652e-14 -0.538839 -0.146912 0.240299 -0.130451 0.991349 -0.025269 0.00247174
0.201426 0.78435 0.0745514 -1.57161 -0.00267117 0.785432 3.40688e-05 -1.41909 0.134508 -0.196169 0.0212334 -0.0159734 -3.6113e-05 9.24528e-12 -1.21 -0.383942 -0.133782 -0.063715 0.228776 0.165735 -0.0901326 1.05159e-12 -2.59144e-13 1.61474e-12 -8.99458e-14 3.93153e-13 -2.03454e-14 -0.539656 -0.143882 0.240299 -0.127498 0.990413 -0.0252411 0.00240451
0.194396 0.78435 0.0745437 -1.57161 -0.00267117 0.785432 3.40688e-05 -1.16119 0.110049 -0.160518 0.0173756 -0.0130704 -2.95599e-05 4.60919e-12 -0.9 -0.283924 -0.0337229 -0.0637035 0.178776 0.165735 -0.0901326 2.76422e-12 4.51805e-13 4.69122e-12 3.73022e-14 -2.84994e-13 -1.58628e-14 -0.540655 -0.140081 0.240298 -0.124143 0.991892 -0.0252728 0.0023129
0.185667 0.78435 0.0745348 -1.57161 -0.00267117 0.785432 3.40688e-05 -0.819281 0.0776379 -0.113254 0.0122586 -0.00922187 -2.08495e-05 7.47893e-12 -0.69 -0.283916 -0.083627 -0.113703 0.178778 0.185735 -0.0901326 -3.58123e-12 -1.93976e-13 -1.96689e-12 -1.77679e-14 1.38319e-14 -6.70195e-15 -0.541858 -0.135353 0.240298 -0.119714 0.991628 -0.0252602 0.00220404
0.17838 0.78435 0.0745054 -1.57161 -0.00267117 0.785432 3.40688e-05 -0.720848 0.068282 -0.0996469 0.0107865 -0.0081139 -1.83503e-05 -5.688e-12 -0.48 -0.283905 0.146637 -0.0637026 0.238782 0.185734 -0.0701325 1.56421e-12 1.15462e-12 -8.84836e-13 8.99804e-14 -2.8377e-13 6.55488e-15 -0.542833 -0.131388 0.240298 -0.116292 0.993787 -0.0253013 0.00210726
0.171825 0.78435 0.0744939 -1.57161 -0.00267117 0.785432 3.40688e-05 -0.922784 0.0873951 -0.127561 0.013809 -0.0103869 -2.34983e-05 -9.17003e-12 -0.06 -0.283901 0.206732 -0.0637026 0.178783 0.165734 -0.0701325 7.10404e-13 3.0453e-14 7.71591e-13 1.05655e-13 -2.16758e-13 2.81207e-14 -0.543684 -0.127822 0.240297 -0.112815 0.992273 -0.0252561 0.00202798
0.165851 0.78435 0.0744849 -1.57161 -0.00267117 0.785432 3.40688e-05 -1.32411 0.125389 -0.183039 0.0198147 -0.0149043 -3.37179e-05 1.21199e-11 -0.69 -0.283897 -0.0931836 -0.113703 0.178784 0.185734 -0.0901325 1.97593e-12 -3.45259e-14 2.16431e-12 3.33167e-14 -2.1821e-13 -9.12463e-15 -0.544439 -0.124568 0.240297 -0.109792 0.9921 -0.0252476 0.00195312
0.15907 0.78435 0.0744773 -1.57161 -0.00267117 0.785432 3.40688e-05 -1.50591 0.142593 -0.20817 0.0225337 -0.0169505 -3.83352e-05 -5.20979e-12 -1.42 -0.283894 -0.1931 -0.0637026 0.178786 0.185734 -0.0701325 4.37196e-12 -7.65114e-13 4.37398e-13 -9.30459e-14 -3.79918e-13 1.03223e-15 -0.545272 -0.12087 0.240297 -0.106637 0.994446 -0.0253008 0.00186332
0.149136 0.78435 0.0744683 -1.57161 -0.00267117 0.785432 3.40688e-05 -1.18884 0.112555 -0.16434 0.0177904 -0.0133817 -3.02733e-05 -7.27515e-12 -0.38 -0.383892 0.106972 -0.0637026 0.178787 0.165734 -0.0901325 4.83625e-13 6.86609e-13 7.66562e-13 2.03032e-14 -6.67014e-14 -1.55774e-14 -0.546446 -0.115443 0.240297 -0.101593 0.993986 -0.025281 0.00173923
0.138761 0.78435 0.0744556 -1.57161 -0.00267117 0.785432 3.40688e-05 -0.6528 0.0617954 -0.0902398 0.00976819 -0.00734793 -1.6618e-05 -9.94434e-14 -0.38 -0.283886 0.147104 -0.0637016 0.178789 0.185734 -0.0701325 -2.19211e-12 -3.11779e-13 -1.65741e-12 -2.31357e-14 1.96383e-13 -1.13385e-14 -0.547616 -0.109762 0.240296 -0.0965537 0.995765 -0.0253181 0.00160558
0.12986 0.78435 0.0744338 -1.57161 -0.00267117 0.785432 3.40688e-05 -0.426899 0.040396 -0.0590123 0.00638951 -0.00480521 -1.08811e-05 2.39861e-12 0.24 -0.283878 0.38726 -0.0637016 0.228791 0.185734 -0.0701324 3.61434e-13 1.58747e-14 -1.94321e-13 -1.21884e-14 6.312e-14 -6.28265e-15 -0.548573 -0.104874 0.240296 -0.0919611 0.99454 -0.0252738 0.00149505
0.123398 0.78435 0.0744249 -1.57161 -0.00267117 0.785432 3.40688e-05 -0.805104 0.0761802 -0.111293 0.0120479 -0.00906226 -2.05015e-05 5.14852e-13 -0.17 -0.393875 0.19738 -0.0637016 0.178793 0.165734 -0.0701324 -1.69382e-13 -4.99145e-14 -5.48238e-13 2.92774e-15 5.65883e-14 -6.34589e-15 -0.54924 -0.101323 0.240296 -0.0887431 0.994817 -0.025277 0.00141307
0.117688 0.78435 0.0744146 -1.57161 -0.00267117 0.785432 3.40688e-05 -1.45356 0.137523 -0.200932 0.0217503 -0.0163612 -3.70024e-05 8.79568e-12 -0.38 -0.393871 0.0974875 -0.0637016 0.138795 0.165733 -0.0701324 -9.12711e-14 2.00036e-14 -5.02133e-14 2.67861e-15 1.86361e-15 1.74368e-17 -0.54981 -0.0981811 0.240295 -0.0857565 0.993424 -0.0252353 0.00134277
0.110802 0.78435 0.0744146 -1.57161 -0.00267117 0.785432 3.40688e-05 -1.73552 0.1642 -0.23991 0.0259695 -0.019535 -4.41801e-05 1.05018e-11 -1.32 -0.283871 -0.282513 -0.0637016 0.178795 0.185733 -0.0901324 5.01866e-13 -1.77433e-14 2.86523e-13 -5.64587e-15 -9.8428e-15 -8.24067e-17 -0.550473 -0.0943926 0.240295 -0.0822464 0.992638 -0.0252129 0.00125679
0.101328 0.78435 0.0744108 -1.57161 -0.00267117 0.785432 3.40688e-05 -1.38336 0.130872 -0.191229 0.0207012 -0.0155711 -3.52265e-05 -2.05727e-11 -0.48 -0.383865 0.0575115 -0.0637016 0.238795 0.185733 -0.0901324 -5.78288e-13 1.6807e-13 -1.8462e-13 -3.29551e-15 3.64921e-15 8.36362e-15 -0.551343 -0.0891718 0.240295 -0.0778421 0.996858 -0.0253128 0.00113203
0.0897455 0.78435 0.0744082 -1.57161 -0.00267117 0.785432 3.40688e-05 -0.503935 0.0476737 -0.0696612 0.00754062 -0.00567228 -1.28284e-05 3.55567e-12 -0.38 -0.383865 0.0575475 -0.0137014 0.238795 0.185733 -0.0701324 -2.4681e-12 -1.75437e-13 -7.36975e-13 -1.0299e-14 6.34867e-14 2.19904e-15 -0.552339 -0.0827787 0.240295 -0.0716112 0.990989 -0.025157 0.000991704
0.0798002 0.78435 0.0743814 -1.57161 -0.00267117 0.785432 3.40688e-05 -0.00717557 0.000678574 -0.000991911 0.000107378 -8.07681e-05 -1.82722e-07 6.33198e-14 -0.06 -0.283855 0.337787 -0.113701 0.228799 0.185733 -0.0701323 -2.1652e-12 2.47567e-13 -1.13814e-12 2.99546e-14 3.26679e-14 9.38988e-15 -0.553136 -0.0772697 0.240295 -0.0667908 0.993071 -0.0251959 0.000863167
0.0733946 0.78435 0.0743635 -1.57161 -0.00267117 0.785432 3.40688e-05 -0.337948 0.031952 -0.046716 0.00505687 -0.00380393 -8.60291e-06 -1.27788e-12 0.24 -0.393848 0.397967 -0.0637007 0.228802 0.185733 -0.0901323 1.24044e-12 -6.5667e-13 2.62198e-13 -1.4734e-13 -2.92289e-13 -3.86758e-15 -0.553621 -0.0737171 0.240294 -0.0635945 0.993148 -0.0251885 0.000781631
0.0695519 0.78435 0.0743571 -1.57161 -0.00267322 0.785432 3.40688e-05 -1.46935 0.13891 -0.203114 0.0219864 -0.0165389 -3.74041e-05 -3.65429e-12 -0.59 -0.393845 0.0580271 -0.113702 0.238803 0.185733 -0.0901323 5.01519e-13 -2.60722e-13 4.58771e-13 -5.30371e-14 -1.09357e-13 -1.61776e-15 -0.5539 -0.0715863 0.240294 -0.061704 0.993582 -0.0251973 0.000732422
0.0647339 0.784357 0.0743597 -1.57161 -0.00267117 0.785432 3.40688e-05 -2.1643 0.204614 -0.29918 0.0323872 -0.0243615 -5.51382e-05 1.33594e-11 -1.01 -0.383789 -0.23201 -0.0136642 0.178801 0.185732 -0.0901323 2.18173e-12 4.5552e-13 1.38841e-12 1.24284e-13 -1.21477e-13 4.17127e-14 -0.554238 -0.068918 0.24029 -0.0598904 1.00343 -0.0254461 0.000668607
0.0549753 0.784364 0.0743597 -1.57161 -0.00267322 0.785432 3.40688e-05 -1.60165 0.151415 -0.221401 0.0239689 -0.018028 -4.07756e-05 1.85505e-11 -0.8 -0.393642 -0.132027 -0.113566 0.188798 0.165729 -0.0901324 -1.81391e-12 6.38822e-13 9.6349e-13 9.62081e-14 1.66724e-13 2.50774e-15 -0.554884 -0.063506 0.240286 -0.0539668 0.984968 -0.0249731 0.000559396
0.0427955 0.784362 0.074352 -1.57161 -0.00267322 0.785432 3.40688e-05 -0.322775 0.0305124 -0.0446181 0.00482976 -0.0036331 -8.21215e-06 9.11984e-13 0.14 -0.283657 0.298069 -0.0635786 0.2288 0.185729 -0.0901324 1.33055e-12 3.12922e-13 2.82426e-13 -2.13019e-14 2.26082e-13 1.04136e-14 -0.555617 -0.0567397 0.240287 -0.0486084 0.998497 -0.0253093 0.000397136
0.0323427 0.784361 0.0743405 -1.57161 -0.00267322 0.785432 3.40688e-05 0.602216 -0.0569186 0.083246 -0.00901168 0.00677845 1.53348e-05 2.43643e-12 0.24 -0.383671 0.438166 -0.063592 0.238802 0.165729 -0.0901324 1.96838e-12 1.91474e-12 -7.36486e-13 1.4083e-13 -4.39862e-14 3.62535e-14 -0.55618 -0.0509239 0.240287 -0.0433852 0.998738 -0.025307 0.000264133
0.0278724 0.78436 0.0743085 -1.57161 -0.00267322 0.785432 3.40688e-05 -0.0372583 0.00352007 -0.00515031 0.000557505 -0.000419372 -9.48447e-07 1.57249e-13 0.35 -0.393677 0.438478 -0.0636024 0.178807 0.185729 -0.0901323 -4.59153e-12 7.80144e-13 -8.49194e-13 -9.65946e-14 5.3628e-13 -2.87015e-14 -0.556403 -0.0484229 0.240287 -0.0411415 0.998833 -0.0252962 0.000206865
0.0279581 0.78436 0.0743111 -1.57161 -0.00267322 0.785432 3.40688e-05 -1.56597 0.147954 -0.216468 0.023432 -0.0176263 -3.98419e-05 -1.34496e-11 -0.59 -0.393677 -0.0915459 -0.0636015 0.228806 0.185729 -0.0901323 -4.83121e-12 -4.52417e-13 3.19255e-13 1.01933e-13 1.64804e-13 -2.47873e-15 -0.556399 -0.0484717 0.240287 -0.0411852 0.998831 -0.0252971 0.000207959
0.025606 0.784362 0.0743137 -1.57161 -0.00267322 0.785432 3.40688e-05 -2.40971 0.227679 -0.333101 0.0360571 -0.0271233 -6.13416e-05 1.03429e-11 -1.42 -0.283642 -0.281571 -0.0635786 0.178805 0.165729 -0.0901323 9.29715e-13 1.5825e-12 -4.72776e-12 4.67418e-13 3.83077e-13 3.94622e-14 -0.556511 -0.047164 0.240286 -0.0400113 0.998879 -0.0252982 0.000179448
0.0177417 0.784366 0.0743175 -1.57161 -0.00267322 0.785432 3.40688e-05 -1.7667 0.166936 -0.244215 0.0264339 -0.0198856 -4.49587e-05 -1.82003e-11 -1.32 -0.383587 -0.371596 -0.0135422 0.178804 0.165728 -0.0701324 8.30346e-12 7.50943e-13 2.90424e-12 -2.18063e-13 -3.48432e-13 3.27641e-14 -0.556865 -0.0427878 0.240284 -0.0360847 0.999028 -0.0253001 8.18824e-05
0.00638775 0.784365 0.0743124 -1.57161 -0.00267322 0.785432 3.40688e-05 -0.181354 0.0171347 -0.025069 0.00271364 -0.00204128 -4.61654e-06 -2.43998e-12 -0.06 -0.393604 0.24844 -0.0635529 0.188805 0.185728 -0.0901324 -7.57442e-12 9.12185e-13 -6.74541e-12 1.07118e-13 9.243e-13 -2.62366e-14 -0.557315 -0.0364602 0.240284 -0.0304108 0.999217 -0.0252984 -6.23163e-05
-0.00250038 0.784362 0.0742842 -1.57161 -0.00267322 0.785432 3.40688e-05 0.902527 -0.0852367 0.124758 -0.0135064 0.0101586 2.29897e-05 1.51702e-11 0.77 -0.38361 0.678681 -0.113565 0.178809 0.185728 -0.0701323 -7.99978e-12 1.10077e-12 -1.9876e-12 2.52546e-13 1.01661e-12 5.10657e-14 -0.557617 -0.0314929 0.240285 -0.0259601 0.999343 -0.0252879 -0.000176046
-0.00436927 0.784362 0.0742651 -1.57161 -0.00267322 0.785432 3.40688e-05 0.386839 -0.0365282 0.0534736 -0.00578761 0.00435417 9.84088e-06 -6.45301e-13 -0.38 -0.38364 0.00890929 -0.063591 0.178813 0.165729 -0.0901322 4.10527e-12 -1.21913e-12 3.78115e-12 -5.49422e-15 -1.57164e-13 3.94017e-14 -0.557676 -0.0304422 0.240285 -0.0250194 0.999367 -0.0252809 -0.000199649
-0.0038784 0.784362 0.0742663 -1.57161 -0.00267322 0.785432 3.40688e-05 -0.591643 0.0558658 -0.0817841 0.00885286 -0.00665942 -1.50605e-05 6.77951e-12 -0.48 -0.283642 -0.0911266 -0.063591 0.228812 0.165729 -0.0901323 -4.47257e-12 -1.09183e-12 -3.1615e-12 -7.18417e-14 -1.79604e-14 -2.00574e-15 -0.557661 -0.0307165 0.240285 -0.0252652 0.999361 -0.0252814 -0.000193446
-0.00444214 0.784362 0.0742651 -1.57161 -0.00267322 0.785432 3.40688e-05 -1.20216 0.113511 -0.166177 0.0179881 -0.0135312 -3.06019e-05 -7.24479e-12 -0.59 -0.393623 0.00888485 -0.113578 0.178812 0.185728 -0.0701323 -2.58161e-12 -1.58663e-12 -3.27419e-12 -1.13877e-13 2.51754e-13 4.39256e-14 -0.557678 -0.0304016 0.240285 -0.024983 0.999368 -0.0252809 -0.00020057
-0.00622028 0.784362 0.0742651 -1.57161 -0.00267322 0.785432 3.40688e-05 -1.4707 0.138867 -0.203297 0.0220063 -0.0165538 -3.74378e-05 -8.87189e-12 -0.8 -0.393623 -0.0911151 -0.0635777 0.178812 0.165728 -0.0701323 -2.66667e-12 -1.60695e-12 -3.37675e-12 -1.14103e-13 2.596e-13 4.49837e-14 -0.557731 -0.0294099 0.240285 -0.0240945 0.99939 -0.0252807 -0.000223046
-0.00994658 0.784362 0.0742651 -1.57161 -0.00267322 0.785432 3.40688e-05 -1.08381 0.102336 -0.149817 0.0162172 -0.0121991 -2.75892e-05 -6.52539e-12 -0.8 -0.393623 -0.0411151 -0.0635777 0.178812 0.165728 -0.0901323 -2.67908e-12 -1.61138e-12 -3.40321e-12 -1.1282e-13 2.61471e-13 4.5767e-14 -0.557837 -0.0273314 0.240285 -0.0222324 0.999433 -0.0252803 -0.000270148
-0.0139055 0.784362 0.0742625 -1.57161 -0.00267322 0.785432 3.40688e-05 -0.498659 0.0470832 -0.0689306 0.00746153 -0.00561279 -1.26938e-05 -2.72368e-12 -0.06 -0.283619 0.248909 -0.113578 0.228813 0.185728 -0.0701322 -6.97934e-12 -2.00686e-13 -1.49099e-12 -1.45026e-13 5.44677e-13 4.17927e-14 -0.557941 -0.0251216 0.240285 -0.0202531 0.999475 -0.0252788 -0.000320181
-0.0160454 0.784362 0.07426 -1.57161 -0.00267322 0.785432 3.40688e-05 -0.242202 0.0228679 -0.0334801 0.00362412 -0.00272617 -6.16547e-06 -1.33303e-12 -0.06 -0.383617 0.248933 -0.0635777 0.238813 0.185728 -0.0901323 6.17368e-13 -6.89021e-13 -1.26915e-13 -1.28305e-13 1.78804e-13 -5.19104e-14 -0.557993 -0.0239265 0.240285 -0.0191828 0.999496 -0.0252775 -0.000347219
-0.0156606 0.784362 0.0742625 -1.57161 -0.00267322 0.785432 3.40688e-05 -0.464206 0.0438301 -0.0641681 0.006946 -0.00522499 -1.18168e-05 -2.53207e-12 -0.48 -0.283619 -0.0910912 -0.0635777 0.178813 0.185728 -0.0901323 -7.0555e-12 -1.263e-13 -1.50164e-12 -1.42522e-13 5.50624e-13 4.23267e-14 -0.557984 -0.0241423 0.240285 -0.019376 0.999493 -0.0252785 -0.000342365
-0.0155916 0.784362 0.0742638 -1.57161 -0.00267322 0.785432 3.40688e-05 -0.479491 0.0452741 -0.0662809 0.00717471 -0.00539703 -1.22059e-05 -2.7585e-12 -0.38 -0.283623 -0.0311032 -0.0635777 0.238812 0.185728 -0.0901323 5.0956e-12 3.23542e-13 4.80271e-12 -1.45865e-13 -7.57421e-13 1.06426e-14 -0.557982 -0.0241814 0.240285 -0.019411 0.999492 -0.025279 -0.000341496
-0.0155916 0.784362 0.0742625 -1.57161 -0.00267322 0.785432 3.40688e-05 -0.348266 0.0328824 -0.0481415 0.00521149 -0.00392 -8.86821e-06 -3.31662e-12 -0.17 -0.283623 0.0588968 -0.0635777 0.238812 0.165728 -0.0901323 6.25811e-12 1.48413e-12 2.6582e-12 1.65395e-13 -4.42338e-13 -3.12392e-14 -0.557982 -0.0241808 0.240285 -0.0194105 0.999492 -0.0252785 -0.000341492
-0.0155852 0.784362 0.0742638 -1.57161 -0.00267322 0.785432 3.40688e-05 -0.0963671 0.0090991 -0.013321 0.00144196 -0.00108469 -2.45311e-06 -5.46026e-13 -0.17 -0.383621 0.0588968 -0.0635777 0.238812 0.165728 -0.0901323 5.01833e-12 2.42844e-13 4.73416e-12 -1.46571e-13 -7.46935e-13 1.05109e-14 -0.557982 -0.024185 0.240285 -0.0194142 0.999492 -0.025279 -0.000341416
-0.0155635 0.784362 0.0742638 -1.57161 -0.00267322 0.785432 3.40688e-05 0.272864 -0.0257642 0.0377185 -0.00408292 0.00307129 6.94601e-06 1.58622e-12 -0.17 -0.383621 0.0588968 -0.0635777 0.228812 0.165728 -0.0701323 4.94515e-12 2.67327e-13 4.65563e-12 -1.42918e-13 -7.36886e-13 1.03827e-14 -0.557982 -0.0241971 0.240285 -0.019425 0.999492 -0.025279 -0.000341141
-0.01535 0.784361 0.0742638 -1.57161 -0.00267322 0.785432 3.40688e-05 0.737227 -0.0696097 0.101908 -0.0110313 0.00829802 1.87672e-05 4.25972e-12 0.14 -0.283623 0.0588968 -0.113578 0.228812 0.185728 -0.0901323 9.17166e-12 -9.6532e-13 2.92917e-12 -1.94574e-13 -4.48311e-13 2.11955e-15 -0.557977 -0.0243162 0.240286 -0.0195317 0.99949 -0.025279 -0.000339105
-0.0142328 0.784361 0.0742651 -1.57161 -0.00267322 0.785432 3.40688e-05 1.10934 -0.104747 0.153346 -0.0165993 0.0124865 2.82392e-05 6.76781e-12 0.56 -0.38364 0.148885 -0.063591 0.188813 0.185729 -0.0701322 -1.12931e-11 2.30739e-13 -5.91225e-12 -1.39101e-13 1.02531e-12 4.18443e-14 -0.557949 -0.0249402 0.240286 -0.0200905 0.999478 -0.0252796 -0.000324988
-0.0117349 0.784361 0.0742651 -1.57161 -0.00267322 0.785432 3.40688e-05 1.2385 -0.116942 0.1712 -0.0185319 0.0139402 3.1527e-05 7.54983e-12 0.77 -0.283642 0.208885 -0.063591 0.128813 0.165729 -0.0701322 -1.10091e-11 2.23421e-13 -5.76865e-12 -1.3651e-13 9.99514e-13 4.07876e-14 -0.557885 -0.0263337 0.240286 -0.0213388 0.999453 -0.02528 -0.000293416
-0.00760086 0.78436 0.0742663 -1.57161 -0.00267322 0.785432 3.40688e-05 1.08211 -0.102178 0.149583 -0.0161919 0.01218 2.75463e-05 -1.24112e-11 0.66 -0.393658 0.108874 -0.0636015 0.228813 0.185729 -0.0701322 -1.23711e-12 7.01774e-13 -2.16973e-12 8.16535e-15 1.71434e-13 -7.7472e-15 -0.557771 -0.0286404 0.240286 -0.0234051 0.999406 -0.025281 -0.000241729
-0.00233803 0.78436 0.0742663 -1.57161 -0.00267322 0.785432 3.40688e-05 0.760248 -0.0717862 0.105091 -0.0113758 0.00855719 1.93529e-05 -8.72161e-12 0.24 -0.393658 0.0588739 -0.113602 0.178813 0.185729 -0.0701322 -1.19104e-12 7.04958e-13 -2.09211e-12 9.66563e-15 1.65246e-13 -7.47835e-15 -0.557613 -0.0315755 0.240286 -0.0260349 0.999341 -0.0252815 -0.000175204
0.00257708 0.78436 0.0742715 -1.57161 -0.00267322 0.785432 3.40688e-05 0.628504 -0.0593502 0.0868795 -0.00940444 0.00707431 1.59992e-05 -6.72628e-12 0.35 -0.393661 -0.0411742 -0.113602 0.228812 0.165729 -0.0701322 7.22385e-13 7.00486e-13 2.21403e-13 1.13927e-13 -5.13496e-13 2.99417e-14 -0.557451 -0.0343181 0.240286 -0.0284925 0.999274 -0.0252837 -0.000113074
0.00637752 0.78436 0.0742715 -1.57161 -0.00267322 0.785432 3.40688e-05 0.867978 -0.0819641 0.119983 -0.0129878 0.00976978 2.20952e-05 -9.30192e-12 0.45 -0.393661 0.00882581 -0.0636015 0.188812 0.185729 -0.0901322 7.12521e-13 6.91051e-13 2.31949e-13 1.07521e-13 -4.9191e-13 2.8579e-14 -0.557316 -0.0364364 0.240286 -0.0303913 0.999218 -0.0252839 -6.50288e-05
0.00971393 0.78436 0.0742715 -1.57161 -0.00267322 0.785432 3.40688e-05 1.31652 -0.124321 0.181987 -0.0196994 0.0148185 3.35132e-05 -5.79011e-10 0.66 -0.393661 0.0988258 -0.0636015 0.178812 0.185729 -0.0701322 6.2869e-12 9.40394e-13 2.91422e-12 -1.43252e-14 -6.31274e-13 1.66358e-14 -0.557191 -0.0382956 0.240286 -0.0320582 0.999166 -0.0252839 -2.21177e-05
0.0145217 0.784359 0.0742702 -1.57161 -0.00267322 0.785432 3.40688e-05 1.49837 -0.14149 0.207123 -0.0224204 0.0168653 3.81424e-05 1.02547e-11 1.08 -0.383678 0.298838 -0.0636139 0.178813 0.185729 -0.0901322 -1.59183e-12 -3.79279e-13 -1.98773e-12 -1.06838e-13 5.73798e-14 1.22199e-14 -0.557001 -0.0409734 0.240287 -0.0344595 0.999086 -0.0252835 3.72639e-05
0.0224779 0.784359 0.0742702 -1.57161 -0.00267322 0.785432 3.40688e-05 1.17922 -0.111353 0.163006 -0.0176449 0.013273 3.00181e-05 1.55212e-11 0.77 -0.283691 0.158838 -0.113601 0.178812 0.165729 -0.0901322 6.30203e-12 2.60437e-13 3.2185e-12 3.18146e-14 -6.11938e-14 1.46915e-14 -0.556657 -0.0454037 0.240287 -0.0384337 0.998941 -0.0252831 0.000138576
0.0307704 0.784359 0.0742702 -1.57161 -0.00267322 0.785432 3.40688e-05 0.689968 -0.0651519 0.0953761 -0.0103248 0.00776616 1.75694e-05 -5.94333e-13 0.56 -0.393692 0.0588264 -0.0636005 0.228812 0.185729 -0.0901322 1.01699e-12 -1.07066e-12 2.12502e-12 -1.87676e-13 -1.60972e-13 6.22547e-14 -0.556262 -0.0500181 0.240287 -0.0425752 0.998773 -0.0252823 0.000243404
0.0387982 0.784359 0.074274 -1.57161 -0.00267322 0.785432 3.40688e-05 0.404788 -0.0382233 0.0559549 -0.00605809 0.00455624 1.03141e-05 3.03582e-12 0.56 -0.493694 0.0987665 -0.0636005 0.178811 0.165729 -0.0701323 -2.78994e-12 8.76704e-13 -2.34645e-12 2.97638e-14 4.61084e-13 3.19522e-14 -0.555842 -0.0544837 0.240287 -0.0465852 0.998594 -0.0252825 0.000344907
0.0444982 0.784359 0.0742791 -1.57161 -0.00267322 0.785432 3.40688e-05 0.75822 -0.0716069 0.104811 -0.0113454 0.00853438 1.93012e-05 1.09873e-11 0.45 -0.283695 -0.0412455 -0.0636005 0.188811 0.185729 -0.0901323 5.94004e-12 2.48251e-13 3.20896e-12 5.43336e-15 -4.74727e-13 6.26481e-14 -0.555522 -0.0576534 0.240287 -0.0494328 0.998457 -0.0252832 0.000416997
0.048801 0.784359 0.0742766 -1.57161 -0.00267322 0.785432 3.40688e-05 1.44415 -0.136382 0.199628 -0.0216091 0.016255 3.67621e-05 -5.2033e-12 0.56 -0.283695 0.0587786 -0.113601 0.228811 0.165729 -0.0901323 3.42698e-12 -1.56715e-13 9.56928e-13 6.92145e-14 5.65785e-14 -1.68593e-15 -0.555269 -0.060042 0.240287 -0.0515799 0.998349 -0.0252813 0.00047137
0.0549548 0.784359 0.0742702 -1.57161 -0.00267322 0.785432 3.40688e-05 1.73253 -0.163595 0.239492 -0.0259275 0.0195011 4.41313e-05 5.10324e-12 0.98 -0.393696 0.338814 -0.113601 0.178812 0.165729 -0.110132 -1.20759e-12 7.45072e-13 -7.11131e-13 1.32564e-15 3.53841e-14 1.86869e-14 -0.554889 -0.0634551 0.240287 -0.0536438 0.97981 -0.0248099 0.000559396
0.0654166 0.784357 0.0742715 -1.57161 -0.00267322 0.785432 3.40688e-05 1.24444 -0.117514 0.172023 -0.018621 0.0140072 3.16786e-05 -5.52307e-12 1.08 -0.383713 0.298827 -0.0636129 0.178812 0.165729 -0.0901322 9.8426e-13 -3.82224e-13 5.96831e-13 -3.51697e-15 -2.71462e-14 -3.11842e-15 -0.554195 -0.0692572 0.240287 -0.0590137 0.983612 -0.0249132 0.000690534
0.076575 0.784357 0.074274 -1.57161 -0.00267322 0.785432 3.40688e-05 0.408183 -0.0385465 0.0564243 -0.00610775 0.00459443 1.03907e-05 5.57933e-12 0.35 -0.393715 0.00880304 -0.113613 0.178812 0.185729 -0.0901322 1.58911e-12 3.54821e-13 6.56903e-13 6.05663e-15 -1.79057e-13 -1.00219e-14 -0.553388 -0.0754378 0.240287 -0.0649446 0.99003 -0.0250806 0.000827921
0.0860077 0.784359 0.0742766 -1.57161 -0.00267322 0.785432 3.40688e-05 0.0221952 -0.00209611 0.0030681 -0.000332091 0.000249825 5.64822e-07 2.41491e-13 -0.06 -0.283695 -0.231209 -0.113601 0.178811 0.185729 -0.0901323 2.70315e-12 -1.9442e-13 5.33333e-13 -6.66683e-14 -1.21079e-13 1.36179e-14 -0.552651 -0.0806555 0.240287 -0.0698478 0.993026 -0.0251596 0.000945553
0.0916822 0.784359 0.0742779 -1.57161 -0.00267322 0.785432 3.40688e-05 0.572528 -0.0540703 0.0791419 -0.00856633 0.00644425 1.45696e-05 6.00523e-12 -0.17 -0.283695 -0.191221 -0.0636005 0.178811 0.185729 -0.0901323 2.29299e-13 2.00796e-13 4.05283e-13 2.73772e-14 -4.22955e-14 1.1124e-14 -0.552185 -0.0837907 0.240287 -0.0734553 1.00362 -0.0254319 0.00100662
0.0957447 0.784359 0.0742766 -1.57161 -0.00267322 0.785432 3.40688e-05 1.60733 -0.151792 0.222185 -0.0240508 0.0180918 4.0916e-05 -5.78962e-12 0.98 -0.393696 0.248779 -0.0636005 0.238811 0.185729 -0.0701323 4.92036e-13 -9.15709e-15 1.37766e-13 9.45398e-15 7.73395e-15 -2.50065e-16 -0.55184 -0.0860327 0.240287 -0.0745362 0.990742 -0.0251097 0.00107116
0.101647 0.784357 0.074274 -1.57161 -0.00267322 0.785432 3.40688e-05 2.12469 -0.200644 0.293702 -0.0317923 0.0239151 5.40861e-05 2.90939e-11 1.08 -0.393715 0.338803 -0.113613 0.228812 0.165729 -0.0901322 -5.20417e-15 2.56902e-14 -3.57221e-15 8.35852e-16 7.00723e-16 9.23607e-18 -0.551323 -0.089287 0.240287 -0.0779251 0.99648 -0.025252 0.0011386
0.112569 0.784357 0.0742715 -1.57161 -0.00267322 0.785432 3.40688e-05 1.49985 -0.141633 0.207329 -0.0224427 0.0168821 3.81803e-05 -6.65219e-12 0.66 -0.383713 0.158827 -0.113613 0.178812 0.185729 -0.0901322 -2.10379e-13 1.20496e-13 -1.28674e-13 3.0006e-15 5.79902e-15 6.6119e-16 -0.550315 -0.095302 0.240287 -0.0834978 0.997634 -0.0252903 0.00127445
0.125947 0.784357 0.0742728 -1.57161 -0.00267322 0.785432 3.40688e-05 0.19304 -0.0182293 0.0266844 -0.00288851 0.00217282 4.91403e-06 2.58865e-12 0.03 -0.283714 -0.141185 -0.0636129 0.178812 0.165729 -0.0701322 -1.24184e-13 -3.91087e-14 -1.48827e-13 -2.43271e-14 6.5833e-14 8.75453e-16 -0.54899 -0.102656 0.240287 -0.090093 0.996204 -0.0252582 0.00144436
0.137011 0.784359 0.0742791 -1.57161 -0.00267322 0.785432 3.40688e-05 -0.564791 0.0533393 -0.0780726 0.0084511 -0.00635718 -1.43773e-05 -8.16202e-12 -0.06 -0.393696 -0.191245 -0.0636005 0.178811 0.165729 -0.0901323 -2.30704e-12 -1.12763e-13 -1.24222e-12 -2.16272e-15 1.8421e-13 -2.43591e-14 -0.547821 -0.108727 0.240287 -0.0957562 0.997264 -0.0252918 0.00158221
0.142231 0.784359 0.074283 -1.57161 -0.00267322 0.785432 3.40688e-05 0.0734984 -0.00694176 0.0101599 -0.00109971 0.000827283 1.87038e-06 8.19841e-13 -0.17 -0.283699 -0.381269 -0.0636005 0.178811 0.185729 -0.0901323 4.43047e-12 4.68264e-13 2.01873e-12 2.72128e-14 -2.92855e-13 -2.28127e-15 -0.547245 -0.111586 0.240287 -0.098162 0.995007 -0.025237 0.00165134
0.143352 0.784357 0.0742804 -1.57161 -0.00267322 0.785432 3.40688e-05 1.67435 -0.158129 0.23145 -0.0250537 0.0188461 4.26232e-05 2.46027e-11 0.66 -0.283695 0.148743 -0.113601 0.228811 0.185729 -0.0701323 8.98749e-13 2.0276e-13 1.14252e-12 -1.36556e-14 6.67713e-14 -3.7197e-15 -0.54712 -0.112198 0.240288 -0.0987148 0.994908 -0.0252341 0.00166482
0.147035 0.784356 0.0742753 -1.57161 -0.00267322 0.785432 3.40688e-05 2.83045 -0.267296 0.391261 -0.0423528 0.031859 7.20534e-05 3.94109e-11 1.29 -0.383713 0.438791 -0.0636129 0.238812 0.165729 -0.0901322 -1.37718e-12 2.83097e-13 -1.14247e-12 4.9391e-14 9.90671e-14 3.75057e-15 -0.546704 -0.11421 0.240288 -0.100637 0.995637 -0.0252533 0.00170898
0.158422 0.784355 0.0742689 -1.57161 -0.00267322 0.785432 3.40688e-05 1.9148 -0.180811 0.264688 -0.0286517 0.0215526 4.87444e-05 2.46372e-11 1.29 -0.39373 0.338851 -0.0636244 0.178813 0.16573 -0.0901322 -3.88886e-12 1.33718e-14 -2.33174e-12 -2.37601e-14 2.93359e-13 9.06364e-15 -0.545368 -0.120426 0.240289 -0.106089 0.993058 -0.0251912 0.00185531
0.17375 0.784356 0.0742753 -1.57161 -0.00267322 0.785432 3.40688e-05 -0.0788381 0.00744533 -0.010898 0.0011796 -0.000887387 -2.00627e-06 -7.89861e-13 -0.06 -0.383728 -0.141196 -0.0136242 0.188812 0.18573 -0.0901322 2.73516e-12 4.05509e-13 1.53438e-12 2.61329e-14 -1.84776e-13 1.44939e-15 -0.543458 -0.128773 0.240288 -0.113882 0.993807 -0.0252179 0.00204627
0.185915 0.784359 0.0742868 -1.57161 -0.00267322 0.785432 3.40688e-05 -1.36136 0.128584 -0.188184 0.020369 -0.0153232 -3.46429e-05 -1.6117e-11 -1.22 -0.383717 -0.701305 -0.023613 0.17881 0.18573 -0.0701323 7.00497e-12 -9.62582e-13 2.03401e-12 4.00683e-14 -5.25408e-13 -3.14026e-14 -0.54185 -0.13538 0.240287 -0.119766 0.991751 -0.0251757 0.00220404
0.189344 0.78436 0.0742919 -1.57161 -0.00267322 0.785432 3.40688e-05 -0.591071 0.0558293 -0.0817053 0.0088449 -0.00665299 -1.50511e-05 -1.42994e-12 0.03 -0.283684 -0.0413779 -0.113588 0.228808 0.185729 -0.0701323 4.43077e-12 -1.01704e-12 2.00256e-12 -1.78064e-13 -4.92142e-13 3.22534e-15 -0.541382 -0.137239 0.240286 -0.121497 0.991784 -0.0251789 0.00224755
0.189098 0.78436 0.0742855 -1.57161 -0.00267322 0.785432 3.40688e-05 1.05288 -0.0994434 0.145543 -0.0157545 0.011851 2.68022e-05 1.62553e-11 0.35 -0.28368 0.148694 -0.113588 0.22881 0.165729 -0.0901323 -1.33297e-11 -4.72086e-13 -6.02145e-12 -5.51471e-14 8.88533e-13 -3.24749e-14 -0.541416 -0.137103 0.240286 -0.121373 0.991799 -0.0251763 0.00224424
0.190777 0.784359 0.0742855 -1.57161 -0.00267322 0.785432 3.40688e-05 2.08979 -0.197378 0.288877 -0.03127 0.0235223 5.31976e-05 3.22932e-11 1.4 -0.383698 0.388695 -0.0636005 0.27881 0.185729 -0.0701323 2.40489e-12 1.15249e-12 6.36715e-13 1.28052e-13 2.75411e-13 -3.52528e-14 -0.541185 -0.138012 0.240287 -0.122242 0.991991 -0.0251828 0.00226407
0.196692 0.784356 0.0742791 -1.57161 -0.00267322 0.785432 3.40688e-05 2.00847 -0.189681 0.277636 -0.0300532 0.0226069 5.11276e-05 2.8842e-11 1.4 -0.393734 0.438756 -0.0136242 0.178812 0.18573 -0.0701322 -1.3525e-12 7.29015e-13 -4.67511e-13 1.25559e-13 1.17152e-13 -9.6562e-14 -0.54036 -0.141208 0.240288 -0.125266 0.992363 -0.0251911 0.00233534
0.207857 0.784356 0.0742791 -1.57161 -0.00267322 0.785432 3.40688e-05 0.709642 -0.0670192 0.0980958 -0.0106186 0.0079876 1.80647e-05 1.01222e-11 0.35 -0.393734 0.00875556 -0.0636244 0.228812 0.18573 -0.0701322 -1.40877e-12 8.26667e-13 -4.68732e-13 1.36705e-13 1.22262e-13 -1.02501e-13 -0.53875 -0.147232 0.240288 -0.1307 0.990859 -0.0251595 0.00247776
0.218037 0.784357 0.0742881 -1.57161 -0.00267322 0.785432 3.40688e-05 -0.598385 0.0565187 -0.0827165 0.0089538 -0.00673532 -1.52325e-05 -9.43768e-12 -0.27 -0.283718 -0.231329 -0.023613 0.23881 0.18573 -0.0901323 1.68248e-12 -8.8237e-13 3.0154e-12 -1.7142e-13 -4.79628e-13 -2.58867e-14 -0.537222 -0.152713 0.240288 -0.135749 0.990207 -0.0251496 0.00260671
0.2224 0.784357 0.0742919 -1.57161 -0.00267322 0.785432 3.40688e-05 -0.596151 0.0563105 -0.0824077 0.00892037 -0.00671017 -1.51756e-05 7.38241e-13 -0.48 -0.38372 -0.381365 -0.0136137 0.238809 0.16573 -0.0901323 1.92325e-12 2.91357e-13 2.28189e-12 2.51922e-14 8.04728e-14 -2.60245e-14 -0.53655 -0.155057 0.240288 -0.137976 0.990383 -0.0251596 0.00266046
0.222145 0.784359 0.074283 -1.57161 -0.00267322 0.785432 3.40688e-05 0.451663 -0.0426576 0.0624346 -0.00675835 0.00508384 1.14975e-05 6.77271e-12 0.45 -0.3937 0.198719 -0.0236006 0.23881 0.185729 -0.0901323 2.5644e-12 2.94387e-12 -4.49423e-14 3.46281e-13 4.67924e-14 1.92143e-14 -0.536591 -0.154916 0.240287 -0.137987 0.991415 -0.0251818 0.00265485
0.222588 0.784357 0.074283 -1.57161 -0.00267322 0.785432 3.40688e-05 1.21716 -0.114956 0.168252 -0.0182128 0.0137002 3.09842e-05 1.82149e-11 0.66 -0.393719 0.0987191 -0.023613 0.278811 0.18573 -0.0901323 -3.14582e-12 -9.90013e-13 -3.64166e-12 -5.07046e-14 -3.33496e-13 1.52221e-14 -0.536522 -0.155154 0.240288 -0.138025 0.99008 -0.0251471 0.00266326
0.224044 0.784357 0.074283 -1.57161 -0.00267322 0.785432 3.40688e-05 1.58816 -0.149995 0.219536 -0.0237641 0.0178761 4.04283e-05 2.37627e-11 0.98 -0.283718 0.248719 -0.0636129 0.178811 0.18573 -0.0901323 -3.16668e-12 -9.48548e-13 -3.69188e-12 -4.9041e-14 -3.46586e-13 1.56092e-14 -0.536296 -0.155935 0.240288 -0.138827 0.990561 -0.0251597 0.00267999
0.228481 0.784357 0.074283 -1.57161 -0.00267322 0.785432 3.40688e-05 1.18457 -0.111878 0.163747 -0.0177251 0.0133333 3.01545e-05 1.77283e-11 0.98 -0.383717 0.248719 -0.0636129 0.178811 0.18573 -0.0701322 -3.29884e-12 -1.03375e-12 -3.8246e-12 -5.27819e-14 -3.49991e-13 1.59695e-14 -0.535599 -0.158313 0.240288 -0.140921 0.989523 -0.0251351 0.00273775
0.234028 0.784357 0.0742881 -1.57161 -0.00267322 0.785432 3.40688e-05 0.333774 -0.0315257 0.0461386 -0.00499435 0.0037569 8.49656e-06 5.21905e-12 -0.38 -0.283718 -0.281329 -0.0136127 0.23881 0.16573 -0.0701323 1.97896e-12 -1.02781e-12 3.56923e-12 -2.01266e-13 -5.68396e-13 -3.07624e-14 -0.534712 -0.161284 0.240288 -0.143669 0.98915 -0.0251279 0.00280762
0.237046 0.784357 0.0742868 -1.57161 -0.00267322 0.785432 3.40688e-05 -0.047687 0.00450406 -0.00659192 0.000713554 -0.000536757 -1.21392e-06 1.21333e-13 -0.17 -0.283718 -0.181317 -0.0136127 0.22881 0.16573 -0.0901323 1.31306e-11 1.58329e-13 3.96208e-12 1.86147e-13 -2.94429e-13 2.05585e-14 -0.534223 -0.162896 0.240288 -0.145077 0.988359 -0.0251114 0.00284714
0.237148 0.784357 0.074283 -1.57161 -0.00267322 0.785432 3.40688e-05 0.163163 -0.01541 0.0225545 -0.00244145 0.00183653 4.15348e-06 2.45625e-12 0.45 -0.383717 0.0587191 -0.0636129 0.178811 0.16573 -0.0901323 -3.44418e-12 -1.1504e-12 -3.97517e-12 -5.60205e-14 -3.60708e-13 1.65488e-14 -0.534206 -0.162949 0.240288 -0.145318 0.989654 -0.0251424 0.00284453
0.237156 0.784357 0.074283 -1.57161 -0.00267322 0.785432 3.40688e-05 0.265539 -0.025079 0.0367062 -0.00397333 0.00298886 6.75957e-06 3.98708e-12 0.24 -0.383717 0.0587191 -0.0636129 0.228811 0.18573 -0.0701322 -3.43256e-12 -1.06065e-12 -3.97693e-12 -5.22242e-14 -3.63727e-13 1.66045e-14 -0.534205 -0.162953 0.240288 -0.145327 0.989687 -0.0251424 0.00284453
0.237157 0.784357 0.074283 -1.57161 -0.00267322 0.785432 3.40688e-05 0.246751 -0.0233046 0.0341092 -0.00369221 0.00277739 6.28132e-06 3.70615e-12 0.45 -0.283718 0.108719 -0.0636129 0.178811 0.16573 -0.0701322 -3.38856e-12 -1.06507e-12 -3.93889e-12 -5.43739e-14 -3.66783e-13 1.65946e-14 -0.534205 -0.162954 0.240288 -0.145328 0.989692 -0.0251424 0.00284453
0.237157 0.784357 0.074283 -1.57161 -0.00267322 0.785432 3.40688e-05 0.105649 -0.00997809 0.0146042 -0.00158086 0.00118917 2.68941e-06 1.59624e-12 0.24 -0.393719 0.0587191 -0.0636129 0.228811 0.16573 -0.0901323 -3.38793e-12 -1.10682e-12 -3.93097e-12 -5.55857e-14 -3.63967e-13 1.65193e-14 -0.534205 -0.162954 0.240288 -0.145328 0.989692 -0.0251424 0.00284453
0.237156 0.784357 0.074283 -1.57161 -0.00267322 0.785432 3.40688e-05 -0.196949 0.018601 -0.0272249 0.00294701 -0.00221683 -5.01355e-06 -2.92853e-12 0.35 -0.283718 0.0587191 -0.0636129 0.228811 0.16573 -0.0901323 -3.36949e-12 -1.07906e-12 -3.89834e-12 -5.28924e-14 -3.59257e-13 1.63575e-14 -0.534205 -0.162953 0.240288 -0.145327 0.989687 -0.0251424 0.00284453
0.237017 0.784359 0.074283 -1.57161 -0.00267322 0.785432 3.40688e-05 -0.561915 0.0530704 -0.0776751 0.00840808 -0.00632481 -1.43041e-05 -8.38102e-12 -0.06 -0.383698 0.0587185 -0.0636005 0.22881 0.185729 -0.0701323 2.75788e-12 3.15143e-12 -9.06116e-14 3.79417e-13 5.49324e-14 2.10211e-14 -0.534228 -0.162879 0.240287 -0.145202 0.989321 -0.0251319 0.00284453
0.236129 0.784359 0.0742817 -1.57161 -0.00267322 0.785432 3.40688e-05 -0.865016 0.0816955 -0.119573 0.0129435 -0.00973645 -2.20198e-05 2.47251e-12 -0.38 -0.3937 0.00873065 -0.0636005 0.178811 0.185729 -0.0701323 1.55326e-12 7.71156e-13 1.35524e-12 8.52442e-15 -2.2275e-13 -2.46252e-14 -0.534372 -0.162404 0.240287 -0.144593 0.988225 -0.0251044 0.00283666
0.234396 0.784359 0.0742804 -1.57161 -0.00267322 0.785432 3.40688e-05 -1.10755 0.104599 -0.153099 0.0165725 -0.0124663 -2.81937e-05 -1.63004e-11 -0.69 -0.283695 0.00874257 -0.113601 0.238811 0.185729 -0.0901323 -1.68572e-12 2.43855e-13 -3.3176e-12 7.34967e-14 5.76592e-13 -2.37861e-14 -0.534653 -0.161477 0.240287 -0.143833 0.989012 -0.0251229 0.00281292
0.231608 0.78436 0.0742804 -1.57161 -0.00267322 0.785432 3.40688e-05 -1.21714 0.11495 -0.168249 0.0182124 -0.0136999 -3.09836e-05 -1.79059e-11 -0.59 -0.283676 -0.0412579 -0.0635881 0.18881 0.165729 -0.0901323 7.48795e-12 7.57658e-13 3.89262e-12 8.69961e-14 -1.55551e-13 -1.86172e-14 -0.535101 -0.159986 0.240286 -0.142467 0.989306 -0.0251305 0.00277827
0.227767 0.78436 0.0742791 -1.57161 -0.00267322 0.785432 3.40688e-05 -1.1548 0.10906 -0.159631 0.0172795 -0.0129982 -2.93965e-05 -1.6749e-11 -0.9 -0.283676 -0.091246 -0.0635881 0.22881 0.165729 -0.0701323 -2.58124e-12 1.22578e-12 4.68706e-12 1.5553e-13 -4.25257e-13 -1.10331e-13 -0.535712 -0.157929 0.240286 -0.140585 0.989708 -0.0251367 0.00272958
0.223128 0.78436 0.0742779 -1.57161 -0.00267322 0.785432 3.40688e-05 -1.00676 0.0950775 -0.139167 0.0150644 -0.0113319 -2.56281e-05 -1.42291e-11 -0.59 -0.283676 0.00876594 -0.113588 0.228811 0.185729 -0.0701323 -9.30362e-12 -2.28284e-12 -1.05473e-12 -2.06942e-13 5.8984e-13 4.562e-14 -0.536439 -0.155441 0.240286 -0.138266 0.989871 -0.0251407 0.00267164
0.218213 0.78436 0.074274 -1.57161 -0.00267322 0.785432 3.40688e-05 -0.897276 0.0847336 -0.124033 0.0134261 -0.0100996 -2.2841e-05 -1.22527e-11 -0.17 -0.393677 0.148802 -0.0235882 0.178811 0.165729 -0.0701323 -1.02225e-11 7.15427e-13 -2.14196e-12 1.94937e-13 9.29562e-13 3.38697e-14 -0.537197 -0.152801 0.240286 -0.135838 0.990252 -0.0251478 0.00260957
0.21317 0.78436 0.0742728 -1.57161 -0.00267322 0.785432 3.40688e-05 -1.00353 0.0947661 -0.138721 0.0150161 -0.0112955 -2.55458e-05 -1.34469e-11 -0.59 -0.393677 0.0988139 -0.0635872 0.178811 0.185729 -0.0901323 -3.3253e-12 1.48044e-12 1.10075e-12 2.33622e-13 3.43645e-13 5.73204e-15 -0.537961 -0.150089 0.240286 -0.133499 0.991773 -0.0251815 0.00254305
0.208574 0.78436 0.0742728 -1.57161 -0.00267322 0.785432 3.40688e-05 -1.22927 0.116084 -0.169926 0.0183939 -0.0138365 -3.12924e-05 -1.64734e-11 -0.8 -0.283676 0.00881389 -0.113587 0.228811 0.165729 -0.0701323 -3.16163e-12 1.36004e-12 1.02622e-12 2.18995e-13 3.26166e-13 5.41167e-15 -0.538645 -0.147616 0.240286 -0.131143 0.991495 -0.0251732 0.00248676
0.203559 0.784361 0.074274 -1.57161 -0.00267322 0.785432 3.40688e-05 -1.39214 0.131469 -0.192439 0.0208296 -0.0156696 -3.54271e-05 -1.36412e-11 -1.11 -0.283657 -0.141187 -0.0635767 0.178811 0.185728 -0.0901323 -1.6422e-12 4.86998e-13 -2.25303e-12 6.91268e-14 1.59188e-13 -6.91256e-14 -0.539378 -0.144913 0.240285 -0.128561 0.991085 -0.0251608 0.0024261
0.197053 0.784361 0.0742715 -1.57161 -0.00267322 0.785432 3.40688e-05 -1.27833 0.120714 -0.176707 0.019128 -0.0143886 -3.25411e-05 5.66417e-12 -0.59 -0.283657 0.0588254 -0.0235767 0.188811 0.185728 -0.0901323 2.70793e-13 3.71108e-13 1.79172e-12 -1.97023e-13 -1.25482e-13 -6.00753e-15 -0.54031 -0.141399 0.240285 -0.125293 0.991161 -0.02516 0.00234489
0.18922 0.784361 0.0742715 -1.57161 -0.00267322 0.785432 3.40688e-05 -0.919153 0.0867946 -0.127057 0.0137544 -0.0103458 -2.34053e-05 5.152e-13 -0.38 -0.283657 0.248813 -0.113577 0.178811 0.185728 -0.0701323 3.12722e-13 -4.85504e-13 3.11858e-13 -1.75428e-14 1.05312e-13 1.00999e-14 -0.541401 -0.137163 0.240285 -0.121518 0.992523 -0.0251896 0.00224424
0.181308 0.784361 0.0742663 -1.57161 -0.00267322 0.785432 3.40688e-05 -0.681095 0.064312 -0.0941492 0.0101914 -0.00766625 -1.73379e-05 3.54533e-12 -0.69 -0.283657 0.0588735 -0.0635767 0.238812 0.185728 -0.0901323 -5.56343e-13 -7.73905e-13 2.41107e-12 -2.73168e-14 -2.02836e-13 -8.81658e-16 -0.54247 -0.132873 0.240285 -0.117514 0.992369 -0.0251802 0.0021458
0.174734 0.784361 0.0742651 -1.57161 -0.00267322 0.785432 3.40688e-05 -0.768774 0.0725915 -0.106269 0.0115026 -0.00865313 -1.95636e-05 -6.53116e-12 -0.8 -0.283653 0.00889736 -0.113577 0.238812 0.165728 -0.0901323 2.44275e-13 6.48968e-13 1.3292e-12 1.62942e-13 -1.01381e-13 -5.00594e-14 -0.543331 -0.129304 0.240285 -0.114371 0.993782 -0.0252139 0.00206078
0.169116 0.784361 0.0742638 -1.57161 -0.00267322 0.785432 3.40688e-05 -1.14713 0.108309 -0.15857 0.0171669 -0.0129119 -2.92198e-05 -2.44706e-12 -0.38 -0.283657 0.248874 -0.0635767 0.228812 0.165728 -0.0901323 -1.00506e-12 2.46939e-13 -9.89017e-13 -3.04466e-14 1.93058e-13 -2.69505e-14 -0.544049 -0.126249 0.240285 -0.111527 0.993649 -0.0252082 0.00199091
0.163177 0.784361 0.0742676 -1.57161 -0.00267322 0.785432 3.40688e-05 -1.49714 0.141366 -0.206953 0.0224034 -0.0168515 -3.81231e-05 -2.47279e-11 -0.38 -0.493656 0.00884941 -0.0635767 0.188812 0.165728 -0.0701323 4.6432e-12 -4.9573e-13 2.83323e-12 -2.05806e-14 -4.79917e-13 3.92172e-15 -0.544789 -0.123017 0.240285 -0.108668 0.994797 -0.0252361 0.0019146
0.154269 0.784362 0.0742676 -1.57161 -0.00267322 0.785432 3.40688e-05 -1.39553 0.131774 -0.192907 0.0208815 -0.0157077 -3.55244e-05 -1.76324e-11 -0.8 -0.283638 0.0088608 -0.0635643 0.178811 0.185728 -0.0901323 1.05989e-12 -2.83716e-13 -9.27296e-14 -2.82327e-14 -4.77108e-15 -3.25013e-15 -0.545863 -0.118159 0.240284 -0.104277 0.995668 -0.0252535 0.00180235
0.144457 0.784362 0.0742651 -1.57161 -0.00267322 0.785432 3.40688e-05 -0.893699 0.0843856 -0.123538 0.0133726 -0.0100593 -2.27499e-05 -1.10579e-11 -0.69 -0.283634 0.0588849 -0.113564 0.178812 0.185728 -0.0701323 2.51312e-12 -6.15806e-13 1.30101e-12 -1.06326e-13 -6.84807e-14 2.67644e-15 -0.546997 -0.112797 0.240284 -0.0991602 0.993863 -0.0252017 0.00168262
0.13441 0.784362 0.0742625 -1.57161 -0.00267322 0.785432 3.40688e-05 -0.440737 0.0416142 -0.060924 0.00659483 -0.00496083 -1.12193e-05 -5.23643e-12 0.03 -0.383633 0.348909 -0.113564 0.228812 0.165728 -0.0701323 1.10869e-12 2.87501e-13 7.83612e-13 1.97124e-14 -9.83417e-14 -9.72686e-15 -0.548103 -0.107294 0.240284 -0.0942867 0.99563 -0.0252429 0.0015537
0.126527 0.784362 0.0742587 -1.57161 -0.00267322 0.785432 3.40688e-05 -0.536923 0.0506935 -0.07422 0.00803408 -0.00604348 -1.36679e-05 -6.08119e-12 -0.38 -0.393635 0.198945 -0.0635643 0.228813 0.185728 -0.0901323 -8.41016e-13 1.04876e-13 -3.57169e-13 -9.55746e-17 4.73209e-14 -5.55288e-15 -0.548932 -0.102968 0.240284 -0.0903321 0.995686 -0.0252384 0.00145464
0.121112 0.784362 0.0742561 -1.57161 -0.00267322 0.785432 3.40688e-05 -1.16908 0.110378 -0.161605 0.0174921 -0.0131589 -2.97506e-05 -2.8908e-11 -0.8 -0.28363 0.00898075 -0.0635643 0.228813 0.185728 -0.0401323 2.84532e-13 4.71376e-14 -3.82862e-14 -1.51262e-15 -2.17036e-14 -3.31672e-15 -0.549481 -0.099993 0.240284 -0.0876226 0.995785 -0.025241 0.00138645
0.115311 0.784362 0.07426 -1.57161 -0.00267322 0.785432 3.40688e-05 -1.71072 0.16152 -0.236476 0.0255978 -0.0192554 -4.35478e-05 -1.97499e-11 -0.69 -0.393635 -0.0410672 -0.0635643 0.228812 0.185728 -0.0901323 1.4824e-14 -1.04369e-14 -3.2011e-14 -9.4171e-16 2.08295e-16 3.17485e-16 -0.550052 -0.0968055 0.240284 -0.0846433 0.994952 -0.0252152 0.00131474
0.105998 0.784362 0.0742638 -1.57161 -0.00267322 0.785432 3.40688e-05 -1.63089 0.153987 -0.225441 0.0244048 -0.0183569 -4.15289e-05 -2.61508e-11 -0.8 -0.283634 0.00888488 -0.0635643 0.228812 0.185728 -0.0901323 3.21068e-13 1.6334e-14 -4.14512e-14 -5.71984e-15 -2.19962e-14 -5.55774e-16 -0.550929 -0.0916806 0.240284 -0.0805029 1.00145 -0.0253771 0.00118979
0.0948064 0.784362 0.0742612 -1.57161 -0.00267322 0.785432 3.40688e-05 -0.851608 0.0804071 -0.117719 0.0127428 -0.0095855 -2.16784e-05 5.09902e-12 -0.48 -0.393635 0.0589207 -0.0635643 0.178812 0.165728 -0.0701323 -1.55965e-12 4.2925e-13 -5.96403e-13 4.69968e-14 1.02976e-14 4.08569e-15 -0.551921 -0.0855081 0.240284 -0.0743272 0.994277 -0.0251921 0.00105716
0.0833232 0.784362 0.07426 -1.57161 -0.00267322 0.785432 3.40688e-05 -0.0590908 0.00557914 -0.00816825 0.000884186 -0.000665112 -1.50421e-06 -6.77931e-13 -0.06 -0.283634 0.248933 -0.0635643 0.228812 0.185728 -0.0701323 1.57792e-13 -1.77578e-13 -5.01679e-13 -2.25819e-14 7.29275e-15 4.27219e-15 -0.552867 -0.0791643 0.240284 -0.0684843 0.992759 -0.0251455 0.000913491
0.0757032 0.784362 0.0742459 -1.57161 -0.00267322 0.785432 3.40688e-05 -0.105576 0.00996627 -0.014594 0.00157975 -0.00118834 -2.68753e-06 -9.59481e-13 0.45 -0.393627 0.399065 -0.0635633 0.228814 0.185728 -0.0701322 8.86089e-13 1.18759e-13 6.65768e-13 1.25706e-14 -9.7205e-14 1.75932e-14 -0.553455 -0.0749429 0.240284 -0.0652471 1.00146 -0.025359 0.000809723
0.0715998 0.784362 0.0742485 -1.57161 -0.00267322 0.785432 3.40688e-05 -1.04209 0.0983758 -0.144051 0.015593 -0.0117296 -2.65274e-05 -1.01816e-11 -0.38 -0.28363 0.149041 -0.0635643 0.128814 0.185728 -0.0901322 -1.90608e-12 -5.63759e-13 -1.36032e-12 -2.43109e-14 1.38286e-13 -1.87997e-15 -0.553757 -0.0726724 0.240284 -0.0628433 0.996064 -0.0252253 0.000762329
0.0681023 0.784362 0.0742523 -1.57161 -0.00267322 0.785432 3.40688e-05 -2.00929 0.189695 -0.277748 0.0300634 -0.022616 -5.11319e-05 -1.2788e-11 -1.53 -0.393631 -0.320983 -0.0635643 0.188814 0.165728 -0.0901323 1.95599e-12 2.0866e-13 2.08367e-12 -6.60237e-15 -2.75355e-13 1.80169e-16 -0.554008 -0.0707369 0.240284 -0.0607596 0.990573 -0.0250854 0.000722178
0.0600528 0.784364 0.0742523 -1.57161 -0.00267322 0.785432 3.40688e-05 -2.03147 0.191784 -0.280814 0.0303972 -0.0228657 -5.17128e-05 -2.09901e-11 -1.63 -0.283611 -0.280996 -0.113551 0.228813 0.185727 -0.0901323 -7.28906e-12 -1.51716e-13 -1.79124e-12 3.8772e-14 2.28871e-13 -4.02001e-14 -0.554559 -0.0662751 0.240283 -0.0565866 0.987569 -0.0250053 0.000622439
0.0480046 0.784365 0.0742548 -1.57161 -0.00267322 0.785432 3.40688e-05 -0.810144 0.0764856 -0.111988 0.0121223 -0.00911877 -2.06229e-05 -8.74547e-12 -0.9 -0.283592 -0.0410203 -0.113539 0.178812 0.165727 -0.0701323 -7.21569e-14 6.18706e-13 -3.9508e-13 -7.20538e-14 4.04047e-14 2.83157e-14 -0.555317 -0.0595902 0.240283 -0.0511746 0.99837 -0.0252739 0.000464361
0.0355794 0.784364 0.0742472 -1.57161 -0.00267322 0.785432 3.40688e-05 0.499371 -0.0471409 0.0690291 -0.00747217 0.0056208 1.27119e-05 4.77705e-12 0.35 -0.393608 0.439052 -0.113551 0.188814 0.185727 -0.0901323 2.1366e-12 -1.90273e-13 -5.02272e-13 -1.38414e-13 3.21737e-13 1.3476e-14 -0.556015 -0.0526824 0.240283 -0.0449685 0.998669 -0.0252735 0.000306622
0.0290638 0.784362 0.0742318 -1.57161 -0.00267322 0.785432 3.40688e-05 0.50804 -0.0479495 0.0702274 -0.00760189 0.00571837 1.29326e-05 3.66e-12 -0.06 -0.393623 0.339196 -0.0635633 0.238816 0.185728 -0.0901322 7.01316e-13 4.89347e-13 -1.19465e-12 1.0885e-13 2.69113e-13 -7.69451e-15 -0.556347 -0.0490518 0.240284 -0.0417094 0.99881 -0.025269 0.000223553
0.02827 0.784362 0.0742318 -1.57161 -0.00267322 0.785432 3.40688e-05 -0.853174 0.0805236 -0.117936 0.0127662 -0.0096031 -2.17182e-05 -6.16762e-12 -0.69 -0.393623 0.00919643 -0.0635633 0.238816 0.165728 -0.0901322 7.55991e-13 5.25836e-13 -1.2944e-12 1.17124e-13 2.91032e-13 -8.31607e-15 -0.556386 -0.0486101 0.240284 -0.0413129 0.998827 -0.0252691 0.000213523
0.0275682 0.784364 0.0742331 -1.57161 -0.00267322 0.785432 3.40688e-05 -2.09313 0.19756 -0.289337 0.0313178 -0.0235596 -5.32654e-05 -7.3689e-12 -1.43 -0.283604 -0.280804 -0.0635509 0.178816 0.185727 -0.0901322 1.73805e-12 -4.02768e-13 -3.93093e-12 2.70258e-14 1.23051e-13 7.30128e-14 -0.55642 -0.0482202 0.240283 -0.0409629 0.998841 -0.0252696 0.000205325
0.0230212 0.784368 0.0742357 -1.57161 -0.00267322 0.785432 3.40688e-05 -2.31063 0.21809 -0.319401 0.0345741 -0.0260077 -5.88187e-05 -1.78118e-11 -1.11 -0.393551 -0.190842 -0.0635147 0.178814 0.185726 -0.0701323 7.19721e-12 3.56779e-13 2.05555e-12 1.00985e-13 9.87395e-14 -8.50113e-15 -0.556633 -0.0456908 0.240281 -0.0386928 0.998932 -0.0252709 0.000149784
0.0129864 0.784369 0.0742357 -1.57161 -0.00267322 0.785432 3.40688e-05 -1.10213 0.104026 -0.152349 0.0164913 -0.0124053 -2.8055e-05 -8.49398e-12 -1.01 -0.393551 -0.190842 -0.0635147 0.178814 0.185726 -0.0901323 -4.96937e-12 1.15717e-12 -1.09334e-12 1.36339e-13 4.99283e-13 -2.0393e-15 -0.557063 -0.0401029 0.24028 -0.0336803 0.999113 -0.0252714 2.36516e-05
0.00112874 0.784366 0.0742203 -1.57161 -0.00267322 0.785432 3.40688e-05 0.51579 -0.0486723 0.0712984 -0.00771831 0.00580559 1.3134e-05 4.8429e-12 0.24 -0.393562 0.489291 -0.113527 0.228817 0.165726 -0.0901322 -3.09059e-12 -2.43962e-12 -3.04925e-12 -1.9539e-13 3.51221e-13 2.58177e-14 -0.5575 -0.033488 0.240281 -0.0277507 0.999296 -0.0252656 -0.000127496
-0.00432454 0.784365 0.0742114 -1.57161 -0.00267322 0.785432 3.40688e-05 0.783453 -0.073923 0.108298 -0.0117229 0.00881831 1.99434e-05 3.18442e-12 0.45 -0.283577 0.579387 -0.0635376 0.228818 0.165727 -0.0901322 -1.28852e-12 1.07363e-12 -1.66351e-12 1.86759e-13 7.07405e-14 -2.85404e-15 -0.557675 -0.0304433 0.240282 -0.0250228 0.999368 -0.025262 -0.00019694
-0.00383494 0.784365 0.0742178 -1.57161 -0.00267322 0.785432 3.40688e-05 -0.241942 0.0228305 -0.033444 0.0036202 -0.00272323 -6.15881e-06 -1.25829e-12 -0.38 -0.393578 -0.0906729 -0.0635376 0.178818 0.185727 -0.0901322 6.81266e-12 -9.99257e-13 7.50267e-14 -8.36215e-14 -4.10741e-13 -1.80398e-14 -0.55766 -0.0307192 0.240282 -0.0252697 0.999361 -0.0252643 -0.000190765
-0.00408805 0.784365 0.0742191 -1.57161 -0.00267322 0.785432 3.40688e-05 -1.00658 0.0949857 -0.139141 0.0150615 -0.0113297 -2.56232e-05 -2.30796e-11 -0.27 -0.393578 0.0593151 -0.0635376 0.178817 0.185727 -0.0901322 6.11121e-12 -3.92733e-14 4.68849e-12 2.29986e-15 -2.1924e-13 3.93048e-14 -0.557667 -0.0305786 0.240282 -0.0251437 0.999365 -0.0252648 -0.000193964
-0.00497904 0.784365 0.0742178 -1.57161 -0.00267322 0.785432 3.40688e-05 -1.46876 0.138597 -0.203029 0.0219772 -0.0165319 -3.73884e-05 -7.54824e-12 -0.8 -0.283577 -0.0406729 -0.0235376 0.178818 0.165727 -0.0901322 7.16521e-12 -1.08239e-12 6.47897e-14 -8.79174e-14 -4.31748e-13 -1.90107e-14 -0.557695 -0.0300811 0.240282 -0.024698 0.999376 -0.0252642 -0.000205217
-0.00769291 0.784365 0.0742191 -1.57161 -0.00267322 0.785432 3.40688e-05 -1.37143 0.129414 -0.189574 0.0205208 -0.0154363 -3.49114e-05 -3.14774e-11 -1.01 -0.283562 -0.0906853 -0.0235271 0.178817 0.165726 -0.0901322 1.12176e-12 -8.55977e-14 2.66193e-12 -3.02379e-13 -2.16132e-13 2.12603e-14 -0.557774 -0.0285681 0.240282 -0.0233423 0.999408 -0.0252644 -0.000239501
-0.0122616 0.784366 0.0742178 -1.57161 -0.00267322 0.785432 3.40688e-05 -0.750027 0.0707751 -0.103677 0.0112227 -0.00844208 -1.90925e-05 -3.86345e-12 -0.59 -0.283562 0.0593266 -0.0635271 0.228817 0.185726 -0.0901322 -1.81838e-11 2.37093e-12 -9.12785e-12 2.14304e-13 8.57937e-13 -1.86251e-14 -0.557899 -0.0260189 0.240281 -0.0210588 0.999459 -0.0252633 -0.000296643
-0.0156504 0.784365 0.0742152 -1.57161 -0.00267322 0.785432 3.40688e-05 -0.245594 0.0231738 -0.0339489 0.00367509 -0.00276434 -6.25376e-06 -1.98189e-12 0.14 -0.283577 0.339339 -0.0635376 0.178818 0.165727 -0.0901322 1.23483e-11 1.30848e-13 1.92678e-12 2.33821e-13 -7.61506e-13 1.0788e-13 -0.557984 -0.024127 0.240282 -0.0193644 0.999493 -0.0252619 -0.000340007
-0.0159828 0.784365 0.0742165 -1.57161 -0.00267322 0.785432 3.40688e-05 -0.347232 0.0327655 -0.0479984 0.00519568 -0.00390835 -8.83906e-06 -1.74457e-12 -0.38 -0.393578 0.00933915 -0.0235376 0.178818 0.165727 -0.0901322 -1.74742e-11 5.0731e-13 -5.65389e-12 2.18373e-13 5.13917e-13 -4.33356e-14 -0.557992 -0.0239421 0.240282 -0.0191988 0.999496 -0.0252622 -0.000344209
-0.0158959 0.784365 0.0742178 -1.57161 -0.00267322 0.785432 3.40688e-05 -0.428116 0.0403986 -0.0591791 0.00640595 -0.00481875 -1.0898e-05 -2.21468e-12 -0.27 -0.283577 0.0593271 -0.0635376 0.238818 0.165727 -0.0901322 7.62788e-12 -1.1017e-12 1.22134e-13 -9.36471e-14 -4.60865e-13 -2.0051e-14 -0.55799 -0.0239912 0.240282 -0.0192426 0.999496 -0.0252627 -0.000343116
-0.0158895 0.784365 0.0742178 -1.57161 -0.00267322 0.785432 3.40688e-05 -0.362152 0.0341739 -0.0500608 0.00541892 -0.00407628 -9.21885e-06 -1.87649e-12 -0.27 -0.283577 0.00932705 -0.113538 0.178818 0.165727 -0.0901322 7.54989e-12 -1.16033e-12 7.45457e-14 -9.54395e-14 -4.55079e-13 -2.00075e-14 -0.55799 -0.0239948 0.240282 -0.0192458 0.999496 -0.0252627 -0.000343035
-0.0158677 0.784365 0.0742178 -1.57161 -0.00267322 0.785432 3.40688e-05 -0.177521 0.0167515 -0.024539 0.00265627 -0.00199813 -4.51894e-06 -9.29905e-13 -0.17 -0.393578 0.0593271 -0.0635376 0.178818 0.165727 -0.0701322 7.52082e-12 -1.13791e-12 9.20294e-14 -9.47333e-14 -4.53632e-13 -1.9885e-14 -0.557989 -0.0240069 0.240282 -0.0192567 0.999495 -0.0252627 -0.000342761
-0.0156581 0.784365 0.0742178 -1.57161 -0.00267322 0.785432 3.40688e-05 0.08308 -0.00783972 0.0114843 -0.00124314 0.000935124 2.11486e-06 4.06205e-13 -0.17 -0.393578 0.0593271 -0.0635376 0.178818 0.185727 -0.0901322 7.42404e-12 -1.16823e-12 7.73478e-14 -9.47107e-14 -4.47428e-13 -1.9684e-14 -0.557984 -0.0241239 0.240282 -0.0193615 0.999493 -0.0252628 -0.000340113
-0.0155405 0.784365 0.0742191 -1.57161 -0.00267322 0.785432 3.40688e-05 0.546402 -0.0515612 0.0755299 -0.00817587 0.00615014 1.39091e-05 1.25907e-11 -0.06 -0.393578 0.0993151 -0.0635376 0.228817 0.165727 -0.0901322 6.37254e-12 -7.37265e-14 4.89341e-12 -1.95008e-15 -2.28619e-13 4.09844e-14 -0.557981 -0.0241901 0.240282 -0.0194207 0.999492 -0.0252632 -0.000338631
-0.0150445 0.784364 0.0742191 -1.57161 -0.00267322 0.785432 3.40688e-05 0.990438 -0.0934629 0.13691 -0.0148201 0.0111481 2.52124e-05 2.27913e-11 0.35 -0.283596 0.0993157 -0.0635509 0.178818 0.185727 -0.0901322 -5.86512e-12 2.20475e-12 -1.47047e-12 3.22922e-13 1.92238e-13 4.29886e-14 -0.557969 -0.0244668 0.240283 -0.0196686 0.999487 -0.0252633 -0.000333038
-0.0132804 0.784364 0.0742203 -1.57161 -0.00267322 0.785432 3.40688e-05 1.24292 -0.117293 0.17181 -0.0185967 0.0139899 3.16293e-05 2.40382e-11 0.66 -0.393597 0.199316 -0.0635509 0.178818 0.185727 -0.0901322 3.21485e-12 1.34872e-12 2.35999e-12 -5.93984e-15 -4.4815e-13 4.7857e-14 -0.557925 -0.0254516 0.240283 -0.0205506 0.99947 -0.025264 -0.000310758
-0.00989162 0.784364 0.0742203 -1.57161 -0.00267322 0.785432 3.40688e-05 1.21391 -0.114553 0.167801 -0.0181639 0.0136635 3.09011e-05 6.62062e-12 0.56 -0.3936 0.0993037 -0.0635509 0.238818 0.185727 -0.0901322 -4.04666e-13 8.97964e-13 -1.21276e-14 8.76338e-14 2.85782e-14 8.35129e-14 -0.557836 -0.0273422 0.240283 -0.0222441 0.999433 -0.0252645 -0.00026795
-0.00463388 0.784364 0.0742203 -1.57161 -0.00267322 0.785432 3.40688e-05 0.879547 -0.0830003 0.121581 -0.0131608 0.00989997 2.2389e-05 4.82221e-12 0.56 -0.493618 0.149304 -0.0635633 0.178818 0.185727 -0.0901322 2.07883e-12 4.07479e-13 3.86264e-13 -4.19207e-15 9.32108e-14 8.57035e-14 -0.557684 -0.0302748 0.240283 -0.0248714 0.999371 -0.0252651 -0.000201532
0.00062509 0.784362 0.074228 -1.57161 -0.00267322 0.785432 3.40688e-05 0.618164 -0.0583428 0.0854504 -0.00924849 0.00695786 1.57258e-05 -2.18991e-10 0.03 -0.283619 -0.140744 -0.113564 0.178817 0.165727 -0.0901322 6.64503e-12 -1.37095e-12 3.34765e-12 -1.51309e-13 -3.4641e-13 5.96739e-15 -0.557517 -0.0332106 0.240283 -0.0275019 0.999302 -0.0252682 -0.000135163
0.00496754 0.784362 0.0742267 -1.57161 -0.00267322 0.785432 3.40688e-05 0.728316 -0.0687348 0.100677 -0.0108979 0.00819774 1.85399e-05 4.67534e-12 0.35 -0.283619 0.00924438 -0.0635633 0.228817 0.185727 -0.0901322 -1.15873e-11 9.23972e-13 -3.14019e-12 9.99158e-15 5.89826e-13 2.2789e-14 -0.557368 -0.0356307 0.240284 -0.029671 0.99924 -0.025268 -8.09012e-05
0.00813648 0.784362 0.0742267 -1.57161 -0.00267322 0.785432 3.40688e-05 1.17911 -0.111279 0.16299 -0.0176433 0.0132718 3.00154e-05 4.30262e-10 0.77 -0.393631 0.0992444 -0.0635519 0.228817 0.185727 -0.0901322 -1.02404e-11 4.02809e-13 -2.65434e-12 1.95637e-13 5.09171e-13 -1.6863e-14 -0.557252 -0.0373968 0.240284 -0.0312543 0.999192 -0.0252681 -4.08646e-05
0.0121235 0.784362 0.0742267 -1.57161 -0.00267322 0.785432 3.40688e-05 1.52426 -0.143852 0.210701 -0.0228077 0.0171567 3.88013e-05 1.76627e-11 0.98 -0.393631 0.249244 -0.0235519 0.178817 0.165727 -0.0901322 -1.30366e-11 9.82183e-13 -5.21783e-12 2.40408e-14 6.60327e-13 1.77171e-16 -0.557098 -0.0396182 0.240283 -0.0332461 0.999128 -0.0252682 1.01099e-05
0.0185343 0.784362 0.0742267 -1.57161 -0.00267322 0.785432 3.40688e-05 1.36857 -0.129162 0.189179 -0.0204769 0.0154043 3.48273e-05 4.94106e-10 0.14 -0.28363 0.0992563 -0.0635519 0.178817 0.185727 -0.0901322 -5.29342e-12 6.51089e-15 -4.91995e-12 1.97227e-13 4.93451e-13 1.96265e-14 -0.556833 -0.0431888 0.240284 -0.0364485 0.999016 -0.025268 9.05023e-05
0.0277024 0.784362 0.0742267 -1.57161 -0.00267322 0.785432 3.40688e-05 0.808696 -0.0763207 0.111787 -0.0121007 0.00910249 2.05861e-05 2.95094e-10 0.35 -0.28363 0.0592444 -0.113552 0.228817 0.165727 -0.0901322 -8.32307e-12 3.50268e-13 -2.14911e-12 1.58461e-13 4.13357e-13 -1.37358e-14 -0.556414 -0.048292 0.240284 -0.0410277 0.998838 -0.0252673 0.00020633
0.0362249 0.784362 0.0742331 -1.57161 -0.00267322 0.785432 3.40688e-05 0.373304 -0.0352335 0.0516025 -0.00558582 0.00420182 9.50277e-06 2.79897e-12 0.24 -0.283623 0.0591845 -0.113564 0.178816 0.185728 -0.0701322 1.03337e-11 -1.82539e-12 6.23884e-12 -2.77676e-13 -7.64305e-13 1.83564e-14 -0.555982 -0.0530351 0.240284 -0.0452859 0.998654 -0.0252685 0.000314036
0.0425117 0.784362 0.0742344 -1.57161 -0.00267322 0.785432 3.40688e-05 0.555573 -0.0524363 0.0767978 -0.00831367 0.0062534 1.41471e-05 9.16015e-12 0.35 -0.393635 -0.0908396 -0.0635519 0.178816 0.165727 -0.0701322 -2.01934e-12 -9.71052e-13 -1.22892e-12 -1.18752e-13 3.22121e-13 5.13549e-14 -0.555637 -0.0565299 0.240283 -0.0484253 0.998507 -0.0252678 0.000394073
0.0466918 0.784362 0.0742357 -1.57161 -0.00267322 0.785432 3.40688e-05 1.24836 -0.117828 0.172563 -0.0186795 0.0140512 3.17781e-05 1.60913e-11 0.56 -0.393635 0.00916043 -0.0635519 0.228816 0.165727 -0.0901322 -4.48721e-12 -8.35391e-13 3.37168e-13 -5.91429e-14 3.76067e-13 -1.82573e-14 -0.555396 -0.0588526 0.240283 -0.0505125 0.998404 -0.0252674 0.000446892
0.0517667 0.784361 0.0742331 -1.57161 -0.00267322 0.785432 3.40688e-05 1.77859 -0.167865 0.245858 -0.0266151 0.0200194 4.529e-05 2.95295e-11 1.29 -0.283653 0.389173 -0.0635653 0.178816 0.185728 -0.0901322 2.32805e-12 6.03075e-13 -2.53815e-13 -2.76997e-14 -1.25983e-14 4.91755e-15 -0.55509 -0.0616693 0.240284 -0.0522684 0.983663 -0.0248952 0.0005179
0.0602062 0.784361 0.0742306 -1.57161 -0.00267322 0.785432 3.40688e-05 1.5403 -0.145373 0.212919 -0.0230478 0.0173372 3.92096e-05 1.86861e-11 0.98 -0.283653 0.149209 -0.0635653 0.178817 0.165728 -0.0901322 1.64524e-12 -7.24021e-13 -9.06864e-13 1.24541e-15 -1.64086e-13 7.47909e-16 -0.55455 -0.0663506 0.240284 -0.057872 1.00875 -0.0255341 0.000610352
0.0723719 0.784361 0.0742331 -1.57161 -0.00267322 0.785432 3.40688e-05 0.664628 -0.0627295 0.0918728 -0.00994494 0.00748089 1.69187e-05 8.40852e-12 0.14 -0.393654 0.00918505 -0.0635653 0.178816 0.165728 -0.0901322 9.92521e-13 -1.94592e-13 5.20735e-13 -2.76137e-14 -1.86263e-13 2.1714e-15 -0.553702 -0.0730931 0.240284 -0.0632072 0.995794 -0.0252119 0.00077204
0.0835994 0.784361 0.0742344 -1.57161 -0.00267322 0.785432 3.40688e-05 -0.0937667 0.00885013 -0.0129615 0.00140305 -0.00105541 -2.38691e-06 -2.87018e-12 -0.06 -0.493652 -0.190827 -0.0235653 0.178816 0.185728 -0.0701322 -1.25748e-12 3.05454e-13 -6.48266e-13 5.01353e-15 4.33318e-14 -1.12333e-14 -0.552846 -0.0793056 0.240284 -0.0688431 0.996097 -0.0252229 0.000913491
0.0901009 0.784362 0.074237 -1.57161 -0.00267322 0.785432 3.40688e-05 0.247691 -0.0233791 0.0342388 -0.00370624 0.00278796 6.30505e-06 3.24515e-12 -0.48 -0.283653 -0.280851 -0.113565 0.178816 0.165728 -0.0901322 -7.94583e-14 2.70397e-14 -1.7916e-13 2.54378e-14 -3.64644e-14 -8.01279e-15 -0.552318 -0.0828994 0.240283 -0.0724226 1.00057 -0.025341 0.000991704
0.093854 0.784361 0.0742357 -1.57161 -0.00267322 0.785432 3.40688e-05 1.35206 -0.127616 0.186898 -0.0202311 0.0152184 3.44179e-05 1.74446e-11 0.66 -0.283653 0.099161 -0.113565 0.278816 0.165728 -0.0901322 -6.43079e-14 3.75972e-14 4.51479e-13 1.74972e-14 -5.35324e-14 -3.09498e-15 -0.552004 -0.0849712 0.240284 -0.0739624 0.995896 -0.0252206 0.00104297
0.0984572 0.784361 0.0742318 -1.57161 -0.00267322 0.785432 3.40688e-05 2.18207 -0.205947 0.301631 -0.0326507 0.0245608 5.55465e-05 2.70995e-11 1.08 -0.493652 0.389197 -0.0635653 0.178816 0.185728 -0.0901322 9.92779e-14 1.92882e-15 -4.56809e-14 3.28675e-16 -3.31135e-15 7.67825e-16 -0.551607 -0.0875096 0.240284 -0.0764228 0.99794 -0.0252787 0.00109863
0.108731 0.78436 0.0742306 -1.57161 -0.00267322 0.785432 3.40688e-05 1.8715 -0.176636 0.258701 -0.0280019 0.0210651 4.76256e-05 1.54126e-11 0.87 -0.493668 0.299221 -0.0235758 0.228817 0.185728 -0.0701322 -1.93458e-13 2.54797e-14 -8.79757e-14 1.02389e-14 1.85834e-15 -3.32741e-15 -0.550679 -0.0931714 0.240285 -0.0815991 0.99816 -0.0252859 0.00122679
0.122601 0.78436 0.0742318 -1.57161 -0.00267322 0.785432 3.40688e-05 0.447665 -0.0422512 0.0618816 -0.00669849 0.00503881 1.13957e-05 5.55577e-12 0.35 -0.393669 -0.0408025 -0.0635757 0.178817 0.185728 -0.0701322 -1.4475e-12 7.26938e-14 2.06871e-15 -1.65831e-14 6.88215e-14 -3.71222e-15 -0.549334 -0.100801 0.240285 -0.0884579 0.996875 -0.0252579 0.00140248
0.135017 0.784361 0.074237 -1.57161 -0.00267322 0.785432 3.40688e-05 -0.634925 0.0599292 -0.0877669 0.0095005 -0.00714656 -1.61626e-05 -8.32756e-12 -0.27 -0.283653 -0.280851 -0.163566 0.188816 0.165728 -0.0901322 8.19241e-13 -1.14704e-13 1.77892e-13 -3.32653e-14 -4.14727e-14 1.14989e-14 -0.548039 -0.107615 0.240284 -0.0944249 0.993973 -0.0251933 0.00156326
0.141749 0.784362 0.0742433 -1.57161 -0.00267322 0.785432 3.40688e-05 -0.280653 0.0264924 -0.0387951 0.00419945 -0.00315896 -7.14425e-06 -3.98242e-12 -0.38 -0.283638 -0.330911 -0.0635519 0.228814 0.185727 -0.0901322 9.25409e-13 1.49567e-13 2.03086e-14 7.62396e-14 -1.94893e-14 1.53829e-15 -0.547302 -0.111305 0.240284 -0.0979065 0.99501 -0.0252226 0.00164682
0.142586 0.784362 0.0742408 -1.57161 -0.00267322 0.785432 3.40688e-05 1.47112 -0.138856 0.203355 -0.0220154 0.0165586 3.74723e-05 3.16655e-11 0.87 -0.393639 0.249089 -0.113552 0.178814 0.185727 -0.0901322 -2.17505e-12 1.52779e-13 6.68897e-14 5.69629e-14 1.54875e-13 6.61865e-15 -0.547208 -0.111762 0.240284 -0.098409 0.995853 -0.0252426 0.00165584
0.144606 0.78436 0.074237 -1.57161 -0.00267322 0.785432 3.40688e-05 2.82222 -0.266384 0.390122 -0.0422295 0.0317663 7.18422e-05 3.7089e-11 1.4 -0.393673 0.43915 -0.0635757 0.228816 0.165728 -0.0901322 3.2615e-12 5.25088e-13 1.75507e-12 -8.25238e-16 -1.74825e-13 2.21219e-14 -0.546982 -0.112865 0.240285 -0.0992559 0.994177 -0.0252017 0.00168262
0.153564 0.784359 0.0742306 -1.57161 -0.00267322 0.785432 3.40688e-05 2.44162 -0.230439 0.33751 -0.0365345 0.0274822 6.21551e-05 2.9622e-11 1.19 -0.393669 0.539209 -0.0635757 0.178817 0.165728 -0.0901322 -4.56616e-12 5.95893e-13 -2.82107e-12 -2.88809e-14 9.99864e-14 2.70793e-15 -0.54595 -0.117758 0.240285 -0.103748 0.994125 -0.0251999 0.00179406
0.170611 0.78436 0.0742344 -1.57161 -0.00267322 0.785432 3.40688e-05 0.254565 -0.0240276 0.0351891 -0.00380887 0.00286532 6.47812e-06 6.73808e-12 0.14 -0.283669 -0.0408145 -0.0135756 0.178817 0.185728 -0.0701322 -9.26495e-12 3.83888e-14 -3.71448e-12 3.60525e-15 4.50023e-13 -1.76816e-14 -0.543863 -0.127049 0.240285 -0.112224 0.993255 -0.0251877 0.00200953
0.184604 0.784365 0.0742459 -1.57161 -0.00267322 0.785432 3.40688e-05 -1.45824 0.137656 -0.201574 0.0218198 -0.0164135 -3.71206e-05 -2.10153e-11 -1.01 -0.183598 -0.610936 -0.113527 0.178813 0.185727 -0.0901323 4.57154e-12 -1.66055e-12 1.11918e-12 -2.45863e-13 -7.25716e-13 -2.29659e-14 -0.54203 -0.134652 0.240282 -0.119263 0.993177 -0.0251956 0.00218707
0.189482 0.784368 0.0742625 -1.57161 -0.00267322 0.785432 3.40688e-05 -1.01804 0.0961228 -0.140726 0.0152331 -0.0114588 -2.59151e-05 -1.73744e-11 -0.59 -0.493572 -0.511093 -0.0635033 0.17881 0.185726 -0.0701323 5.08318e-12 6.30698e-13 1.46455e-12 1.57218e-13 -2.59167e-13 -8.14815e-15 -0.541365 -0.137301 0.240281 -0.121656 0.992593 -0.0251882 0.00225087
0.188727 0.784366 0.0742459 -1.57161 -0.00267322 0.785432 3.40688e-05 0.762759 -0.0720033 0.105437 -0.0114133 0.0085854 1.94166e-05 1.09556e-11 0.45 -0.393585 0.249063 -0.0635157 0.228813 0.165726 -0.0901323 -5.45256e-12 -1.19204e-12 1.75109e-13 -1.34207e-13 2.89272e-13 -2.47935e-14 -0.54147 -0.136885 0.240281 -0.121414 0.993778 -0.0252128 0.00223759
0.190256 0.784364 0.0742459 -1.57161 -0.00267322 0.785432 3.40688e-05 1.91235 -0.180523 0.264347 -0.0286147 0.0215249 4.86804e-05 2.74981e-11 0.98 -0.283619 0.249064 -0.0635395 0.228814 0.165727 -0.0901323 -1.54164e-12 5.20191e-13 1.71597e-12 1.13651e-13 -5.27835e-14 -3.14937e-14 -0.541261 -0.137713 0.240283 -0.12207 0.992845 -0.0251887 0.00225748
0.195738 0.784361 0.074242 -1.57161 -0.00267322 0.785432 3.40688e-05 1.9546 -0.184503 0.270188 -0.029247 0.0220005 4.9756e-05 2.7199e-11 1.61 -0.283657 0.579101 -0.113565 0.228815 0.165728 -0.0901322 -2.5481e-12 8.02856e-13 -4.20681e-13 3.06822e-14 3.05807e-13 1.04515e-14 -0.540498 -0.140677 0.240284 -0.124748 0.992178 -0.0251748 0.00232575
0.205279 0.784361 0.0742395 -1.57161 -0.00267322 0.785432 3.40688e-05 0.921365 -0.0869685 0.127362 -0.0137866 0.0103707 2.34542e-05 2.87587e-11 0.45 -0.283657 0.149125 -0.0635653 0.178815 0.185728 -0.0901322 3.11442e-12 -1.42714e-12 2.12355e-12 -2.34124e-13 -1.59775e-13 7.4069e-15 -0.539132 -0.145825 0.240284 -0.129542 0.992053 -0.0251761 0.00244446
0.21552 0.784362 0.0742446 -1.57161 -0.00267322 0.785432 3.40688e-05 -0.372894 0.0352003 -0.0515459 0.00557968 -0.00419722 -9.49213e-06 -5.36325e-12 0.03 -0.393658 -0.0909228 -0.0635653 0.228815 0.165728 -0.0701322 -3.4807e-14 -8.62804e-13 -3.06559e-12 -1.07118e-14 3.69858e-13 1.56457e-14 -0.537609 -0.151342 0.240284 -0.134414 0.989844 -0.0251236 0.00257797
0.2213 0.784362 0.0742523 -1.57161 -0.00267322 0.785432 3.40688e-05 -0.556173 0.0525066 -0.0768809 0.00832212 -0.00626015 -1.41579e-05 -8.62072e-12 -0.48 -0.283642 -0.280995 -0.0635529 0.178813 0.165727 -0.0701323 1.63771e-12 -1.41029e-12 3.90398e-12 -2.55157e-13 -4.8564e-13 -2.57528e-14 -0.536725 -0.154449 0.240284 -0.137366 0.990095 -0.0251368 0.00264924
0.221351 0.784362 0.0742459 -1.57161 -0.00267322 0.785432 3.40688e-05 0.440572 -0.0415895 0.0609011 -0.00659235 0.00495897 1.12151e-05 6.29955e-12 0.24 -0.393639 0.0990647 -0.0635519 0.188814 0.185727 -0.0901323 -5.32779e-12 9.64876e-13 -1.81915e-13 4.01856e-14 2.79497e-13 -4.27993e-14 -0.536718 -0.154474 0.240284 -0.137556 0.991293 -0.0251635 0.00264642
0.221498 0.784362 0.0742459 -1.57161 -0.00267322 0.785432 3.40688e-05 1.30065 -0.12278 0.179792 -0.0194619 0.0146398 3.31092e-05 1.86796e-11 0.56 -0.393639 0.0990647 -0.0235519 0.178814 0.185727 -0.0701322 -5.48156e-12 1.04796e-12 -1.74173e-13 4.60288e-14 2.87058e-13 -4.41969e-14 -0.536695 -0.154553 0.240284 -0.137578 0.990921 -0.0251537 0.00264924
0.223096 0.784361 0.0742459 -1.57161 -0.00267322 0.785432 3.40688e-05 1.65982 -0.156685 0.22944 -0.0248361 0.0186825 4.22521e-05 2.38487e-11 0.87 -0.393658 0.249065 -0.0135651 0.228814 0.165728 -0.0701322 -6.73052e-12 -2.54055e-12 -1.7127e-12 -4.74388e-14 -5.85314e-13 -4.55669e-14 -0.536447 -0.15541 0.240284 -0.138359 0.990734 -0.0251503 0.00266885
0.227393 0.784361 0.0742459 -1.57161 -0.00267322 0.785432 3.40688e-05 1.24788 -0.117798 0.172497 -0.0186722 0.0140458 3.17659e-05 1.79176e-11 0.45 -0.283657 0.149065 -0.0635653 0.228814 0.165728 -0.0701322 -6.86529e-12 -2.59389e-12 -1.73723e-12 -5.11654e-14 -5.98947e-13 -4.6558e-14 -0.535774 -0.157714 0.240284 -0.140421 0.989963 -0.0251351 0.00272411
0.233813 0.784361 0.0742485 -1.57161 -0.00267322 0.785432 3.40688e-05 0.258375 -0.0243917 0.0357157 -0.00386587 0.0029082 6.57509e-06 2.82182e-12 -0.27 -0.283661 -0.190947 -0.0635653 0.228814 0.165728 -0.0901322 -2.48495e-12 1.35705e-12 4.278e-13 3.29784e-13 -3.5582e-13 -4.03658e-14 -0.534751 -0.161152 0.240284 -0.143592 0.989464 -0.0251225 0.00280496
0.237226 0.784361 0.0742523 -1.57161 -0.00267322 0.785432 3.40688e-05 -0.187158 0.017669 -0.0258712 0.00280048 -0.0021066 -4.76427e-06 -2.9278e-12 0.03 -0.393661 -0.190995 -0.0635653 0.178814 0.185728 -0.0901323 5.9133e-12 -8.02261e-13 4.91834e-12 4.6183e-14 -1.02915e-12 -3.55108e-14 -0.534197 -0.162978 0.240285 -0.145325 0.989507 -0.0251271 0.00284714
0.237279 0.784362 0.0742446 -1.57161 -0.00267322 0.785432 3.40688e-05 0.063629 -0.0060064 0.00879554 -0.000952091 0.000716192 1.61973e-06 9.51766e-13 0.35 -0.393639 0.0990767 -0.0235519 0.228814 0.185727 -0.0901323 3.23151e-12 -5.22404e-13 2.04904e-12 -2.42284e-13 -7.52494e-13 3.39375e-14 -0.534189 -0.163002 0.240284 -0.145266 0.988943 -0.0251093 0.00284976
0.237318 0.784362 0.0742446 -1.57161 -0.00267322 0.785432 3.40688e-05 0.190389 -0.0179723 0.0263179 -0.00284882 0.00214298 4.84641e-06 2.7656e-12 0.14 -0.393658 0.0590772 -0.0635653 0.228815 0.165728 -0.0901322 -3.471e-14 -1.04659e-12 -3.77558e-12 -1.30197e-14 4.55192e-13 1.92844e-14 -0.534183 -0.163023 0.240284 -0.145311 0.989113 -0.0251145 0.00284976
0.237325 0.784362 0.0742446 -1.57161 -0.00267322 0.785432 3.40688e-05 0.194912 -0.0183991 0.026943 -0.0029165 0.00219388 4.96164e-06 2.84563e-12 0.35 -0.283638 0.149077 -0.0635519 0.188814 0.165727 -0.0701322 3.23756e-12 -5.4104e-13 2.04647e-12 -2.46647e-13 -7.55269e-13 3.40938e-14 -0.534182 -0.163027 0.240284 -0.145318 0.989141 -0.0251145 0.00284976
0.237326 0.784362 0.0742446 -1.57161 -0.00267322 0.785432 3.40688e-05 0.0780406 -0.00736682 0.0107877 -0.00116774 0.000878406 1.98659e-06 1.15968e-12 0.24 -0.393639 0.00907665 -0.0635519 0.178814 0.185727 -0.0701322 3.22412e-12 -4.99897e-13 2.03684e-12 -2.44951e-13 -7.52329e-13 3.39659e-14 -0.534182 -0.163027 0.240284 -0.145319 0.989146 -0.0251145 0.00284976
0.237326 0.784362 0.0742446 -1.57161 -0.00267322 0.785432 3.40688e-05 -0.160705 0.0151701 -0.0222145 0.00240465 -0.00180885 -4.09087e-06 -2.28441e-12 0.35 -0.393639 0.0590767 -0.0635519 0.228814 0.185727 -0.0701322 3.20127e-12 -5.43307e-13 2.02018e-12 -2.44983e-13 -7.46687e-13 3.3704e-14 -0.534182 -0.163027 0.240284 -0.145319 0.989146 -0.0251145 0.00284976
0.237199 0.784362 0.0742446 -1.57161 -0.00267322 0.785432 3.40688e-05 -0.541209 0.0510886 -0.0748122 0.0080982 -0.00609171 -1.37769e-05 -7.77351e-12 -0.06 -0.393639 0.0590767 -0.0635519 0.228814 0.165727 -0.0901323 3.13446e-12 -5.01617e-13 1.97824e-12 -2.37023e-13 -7.34823e-13 3.32528e-14 -0.534202 -0.16296 0.240284 -0.145176 0.988604 -0.0251014 0.00284976
0.2364 0.784362 0.0742446 -1.57161 -0.00267322 0.785432 3.40688e-05 -0.8411 0.0793976 -0.116267 0.0125855 -0.00946722 -2.14109e-05 -1.20999e-11 -0.38 -0.283638 0.00907665 -0.0135517 0.228814 0.165727 -0.0701322 3.11342e-12 -4.77239e-13 1.96525e-12 -2.34698e-13 -7.25182e-13 3.27107e-14 -0.534332 -0.162533 0.240284 -0.144803 0.988815 -0.0251074 0.00283928
0.234719 0.784364 0.0742433 -1.57161 -0.00267322 0.785432 3.40688e-05 -1.07217 0.101208 -0.148207 0.016043 -0.0120681 -2.72923e-05 -1.52229e-11 -0.59 -0.283638 0.00908861 -0.113552 0.228814 0.185727 -0.0901322 7.69942e-12 -6.72539e-13 3.38818e-12 -1.8449e-13 1.85477e-13 -3.12641e-15 -0.534605 -0.161634 0.240283 -0.144 0.989134 -0.0251128 0.00281821
0.232243 0.784364 0.074242 -1.57161 -0.00267322 0.785432 3.40688e-05 -1.20264 0.113522 -0.166243 0.0179953 -0.0135366 -3.06142e-05 -1.6711e-11 -0.9 -0.183617 -0.0408998 -0.0635395 0.128814 0.165727 -0.0701323 -2.62554e-13 -1.92026e-13 2.52721e-12 -5.58264e-14 -1.88006e-13 1.76574e-14 -0.535003 -0.160309 0.240283 -0.142814 0.989578 -0.0251222 0.00278631
0.228642 0.784364 0.074242 -1.57161 -0.00267322 0.785432 3.40688e-05 -1.17127 0.110561 -0.161907 0.0175259 -0.0131835 -2.98157e-05 -1.62753e-11 -0.38 -0.283619 0.0991002 -0.0635395 0.128814 0.165727 -0.0701323 -2.24251e-13 -1.06337e-13 2.47278e-12 -4.96455e-14 -1.84807e-13 1.71333e-14 -0.535577 -0.158382 0.240283 -0.141063 0.990054 -0.0251346 0.00274047
0.223968 0.784364 0.0742408 -1.57161 -0.00267322 0.785432 3.40688e-05 -1.02886 0.0971165 -0.142221 0.015395 -0.0115806 -2.61904e-05 -1.40636e-11 -0.59 -0.39362 0.00911194 -0.0235395 0.228814 0.185727 -0.0901323 1.19375e-11 1.63993e-12 3.73608e-12 1.86282e-13 -7.6538e-13 9.27364e-15 -0.536312 -0.155876 0.240283 -0.138693 0.98999 -0.0251281 0.00268277
0.219127 0.784364 0.0742382 -1.57161 -0.00267322 0.785432 3.40688e-05 -0.915745 0.0864364 -0.126585 0.0137024 -0.0103074 -2.33111e-05 -1.22629e-11 -0.9 -0.183617 -0.040864 -0.0635395 0.228815 0.165727 -0.0901323 3.77254e-12 -4.04962e-13 1.22256e-12 -3.37185e-14 -9.59983e-14 2.79719e-14 -0.537061 -0.153276 0.240283 -0.136341 0.990654 -0.0251436 0.00262096
0.214412 0.784365 0.074237 -1.57161 -0.00267322 0.785432 3.40688e-05 -0.933548 0.0881152 -0.129046 0.0139688 -0.0105078 -2.37642e-05 -1.22061e-11 -0.59 -0.283596 0.0591474 -0.0635271 0.228815 0.165726 -0.0701323 -1.58391e-12 3.13134e-13 9.22906e-14 -1.12945e-13 -9.84983e-15 5.49921e-14 -0.537777 -0.150742 0.240282 -0.133946 0.990535 -0.0251378 0.00256348
0.20939 0.784365 0.074237 -1.57161 -0.00267322 0.785432 3.40688e-05 -1.12916 0.106578 -0.156085 0.0168957 -0.0127095 -2.87435e-05 -1.47784e-11 -0.48 -0.393597 0.0991474 -0.0635271 0.228815 0.185727 -0.0901323 -1.47785e-12 3.11971e-13 1.03531e-13 -1.06113e-13 -1.03753e-14 5.17979e-14 -0.538528 -0.148039 0.240282 -0.131543 0.991505 -0.0251601 0.00249872
0.204266 0.784365 0.074237 -1.57161 -0.00267322 0.785432 3.40688e-05 -1.30102 0.1228 -0.179842 0.0194674 -0.0146439 -3.31185e-05 -1.70389e-11 -0.8 -0.393597 0.00914741 -0.0635271 0.178815 0.185727 -0.0901323 -1.42643e-12 2.28725e-13 6.20116e-14 -1.00624e-13 -6.6431e-15 4.86018e-14 -0.539279 -0.145278 0.240282 -0.128951 0.991441 -0.0251576 0.0024353
0.198255 0.784365 0.074237 -1.57161 -0.00267322 0.785432 3.40688e-05 -1.28958 0.121723 -0.178261 0.019295 -0.0145151 -3.28169e-05 -1.1927e-11 -0.69 -0.283596 -0.0908406 -0.0635271 0.228815 0.165726 -0.0701323 5.71812e-13 9.18168e-13 2.1465e-12 7.39271e-14 -7.59622e-13 -9.49944e-15 -0.540142 -0.142034 0.240282 -0.125915 0.991391 -0.0251537 0.00236073
0.190885 0.784365 0.0742357 -1.57161 -0.00267322 0.785432 3.40688e-05 -1.02757 0.0969884 -0.142043 0.0153757 -0.0115661 -2.61577e-05 -1.32354e-11 -0.48 -0.283596 -0.0408406 -0.0635271 0.228815 0.185726 -0.0901323 2.138e-12 1.57936e-13 1.51803e-12 6.84128e-14 -1.72968e-13 2.4902e-14 -0.541175 -0.138049 0.240282 -0.122291 0.992091 -0.025166 0.00226736
0.183291 0.784365 0.0742344 -1.57161 -0.00267322 0.785432 3.40688e-05 -0.784774 0.0740686 -0.10848 0.0117434 -0.00883321 -1.99834e-05 -1.29085e-11 -0.48 -0.393597 0.199159 -0.113527 0.228815 0.185726 -0.0901323 -2.04849e-12 4.03612e-13 -5.86801e-13 -6.38778e-14 -1.73209e-13 -4.19888e-14 -0.542208 -0.133935 0.240282 -0.118619 0.993355 -0.025195 0.00216997
0.175972 0.784365 0.0742318 -1.57161 -0.00267322 0.785432 3.40688e-05 -0.744024 0.0702218 -0.102847 0.0111329 -0.00837452 -1.89397e-05 -9.25425e-12 -0.06 -0.393597 0.199195 -0.0635262 0.228815 0.185726 -0.0701322 -2.45468e-12 -4.86434e-13 -2.00027e-12 -1.15929e-13 1.25758e-13 -1.43808e-14 -0.543174 -0.129961 0.240282 -0.114928 0.993313 -0.0251909 0.00207878
0.169827 0.784365 0.0742331 -1.57161 -0.00267322 0.785432 3.40688e-05 -0.98146 0.0926329 -0.135669 0.0146857 -0.011047 -2.49838e-05 -1.24154e-11 -0.38 -0.393597 0.0591834 -0.0635262 0.178815 0.165726 -0.0701322 1.80832e-13 -9.47992e-14 2.83657e-14 -4.36659e-14 2.3762e-13 -1.76633e-15 -0.543962 -0.126622 0.240282 -0.111839 0.993339 -0.0251882 0.0020021
0.163259 0.784365 0.0742344 -1.57161 -0.00267322 0.785432 3.40688e-05 -1.38686 0.130898 -0.191708 0.0207518 -0.0156101 -3.53036e-05 -4.22797e-11 -0.48 -0.393597 0.00917146 -0.0235271 0.228815 0.185726 -0.0901323 2.80666e-12 6.46452e-13 2.54724e-12 7.85427e-14 -1.4722e-13 5.4572e-15 -0.544782 -0.123047 0.240282 -0.108628 0.994172 -0.0252083 0.00191849
0.155304 0.784365 0.0742331 -1.57161 -0.00267322 0.785432 3.40688e-05 -1.36446 0.128782 -0.188612 0.0204166 -0.015358 -3.47334e-05 -1.72592e-11 -0.8 -0.283596 -0.140817 -0.0635262 0.178815 0.165726 -0.0901323 1.3745e-13 -5.85898e-14 2.76542e-14 -3.08199e-14 1.68013e-13 -1.25495e-15 -0.545743 -0.118709 0.240282 -0.104641 0.994293 -0.0252073 0.00181881
0.145584 0.784365 0.0742318 -1.57161 -0.00267322 0.785432 3.40688e-05 -0.953908 0.0900309 -0.13186 0.0142735 -0.0107369 -2.42825e-05 -1.18536e-11 -0.27 -0.283596 0.0991954 -0.113526 0.178815 0.185726 -0.0701322 -1.2304e-12 -2.20997e-13 -1.00264e-12 -5.71814e-14 6.30281e-14 -7.20941e-15 -0.546872 -0.113398 0.240282 -0.0998308 0.995032 -0.0252225 0.00169585
0.136133 0.784365 0.0742267 -1.57161 -0.00267322 0.785432 3.40688e-05 -0.566167 0.0534306 -0.078262 0.00847217 -0.00637263 -1.44169e-05 -8.66904e-12 -0.17 -0.393593 0.299231 -0.0635262 0.228816 0.185726 -0.0701322 7.9534e-13 -8.71788e-15 -1.20264e-14 5.92391e-14 3.58523e-14 -2.95911e-15 -0.547919 -0.108223 0.240282 -0.0950737 0.994939 -0.025214 0.0015775
0.127942 0.784365 0.0742267 -1.57161 -0.00267322 0.785432 3.40688e-05 -0.504924 0.0476509 -0.0697963 0.00755572 -0.00568329 -1.28574e-05 -7.73061e-12 -0.06 -0.393593 0.299231 -0.0635262 0.228816 0.185726 -0.0701322 5.26303e-13 -1.12571e-14 -1.10964e-14 3.92669e-14 2.3882e-14 -1.96116e-15 -0.548787 -0.103731 0.240282 -0.0909475 0.994774 -0.025206 0.00147498
0.121766 0.784365 0.0742254 -1.57161 -0.00267322 0.785432 3.40688e-05 -0.949089 0.0895665 -0.131194 0.0142022 -0.0106827 -2.41674e-05 -1.44778e-11 0.14 -0.283592 0.249243 -0.0635262 0.178816 0.165726 -0.0901322 -1.42409e-13 -1.09351e-13 -2.18518e-13 -1.85469e-14 1.5859e-16 -1.41986e-15 -0.549418 -0.100339 0.240282 -0.087865 0.994937 -0.0252075 0.00139716
0.115161 0.784365 0.0742267 -1.57161 -0.00267322 0.785432 3.40688e-05 -1.52957 0.144349 -0.211434 0.0228885 -0.0172164 -3.89488e-05 -2.34122e-11 -0.38 -0.393593 0.0592312 -0.0635262 0.178816 0.185726 -0.0701322 -4.54719e-14 -1.12282e-14 -4.53216e-15 -3.73491e-15 -2.05758e-15 1.7518e-16 -0.550068 -0.0967086 0.240282 -0.0848846 0.998814 -0.0253047 0.00130906
0.107358 0.784365 0.0742306 -1.57161 -0.00267322 0.785432 3.40688e-05 -1.58286 0.149396 -0.2188 0.0236815 -0.0178161 -4.02673e-05 -3.49778e-11 -1.32 -0.383591 -0.380769 -0.0635262 0.178816 0.185726 -0.0901322 -1.82983e-13 -2.61742e-13 1.42164e-13 -2.14541e-14 -1.63134e-14 -1.1958e-15 -0.550806 -0.0924152 0.240282 -0.0807453 0.996138 -0.0252333 0.00121458
0.0968133 0.784366 0.074228 -1.57161 -0.00267322 0.785432 3.40688e-05 -1.04021 0.0981714 -0.14379 0.0155648 -0.0117083 -2.64794e-05 -1.23561e-11 -0.48 -0.283577 0.0992307 -0.113516 0.178815 0.165726 -0.0701323 7.41775e-14 1.76692e-13 -5.63913e-13 3.36041e-14 6.52685e-14 -6.65066e-15 -0.55175 -0.0866009 0.240281 -0.0752828 0.993789 -0.025171 0.00108498
0.0860116 0.784365 0.0742267 -1.57161 -0.00267322 0.785432 3.40688e-05 -0.339834 0.032071 -0.0469757 0.0050853 -0.00382508 -8.65352e-06 -5.19847e-12 0.03 -0.283592 0.299231 -0.0635262 0.228816 0.165726 -0.0901322 -8.58296e-13 -1.73269e-14 8.35728e-15 -6.51955e-14 -3.93252e-14 3.22386e-15 -0.552653 -0.0806356 0.240282 -0.0700664 0.996352 -0.0252266 0.000945553
0.0774302 0.784365 0.0742191 -1.57161 -0.00267322 0.785432 3.40688e-05 -0.156197 0.0147396 -0.0215913 0.0023372 -0.00175811 -3.97612e-06 -4.40159e-12 0.24 -0.393589 0.389315 -0.0635262 0.238817 0.185726 -0.0701322 1.40413e-14 -9.54639e-14 -7.18174e-14 1.2329e-14 -1.18752e-13 -1.1054e-14 -0.553325 -0.0758868 0.240282 -0.0657979 0.996807 -0.0252352 0.000836872
0.0717992 0.784365 0.0742191 -1.57161 -0.00267322 0.785432 3.40688e-05 -0.729229 0.0688076 -0.100802 0.0109143 -0.00820804 -1.85866e-05 -1.89325e-11 0.24 -0.393593 0.389267 -0.0635262 0.178816 0.165726 -0.0901322 3.27556e-13 -7.82177e-14 -3.09241e-13 6.00644e-14 1.54772e-14 2.54417e-14 -0.553744 -0.0727698 0.240282 -0.0632721 1.00143 -0.0253474 0.000762329
0.0678492 0.784365 0.0742229 -1.57161 -0.00267322 0.785432 3.40688e-05 -1.59478 0.1505 -0.220449 0.023863 -0.0179504 -4.05965e-05 -1.76778e-11 -1.21 -0.293591 -0.190721 -0.113526 0.188817 0.185726 -0.0901322 -1.82015e-13 -2.1792e-13 -1.6343e-13 8.68054e-14 1.77892e-13 2.72976e-14 -0.554027 -0.0705836 0.240282 -0.0604901 0.988378 -0.0250183 0.000722178
0.0610677 0.784368 0.0742267 -1.57161 -0.00267322 0.785432 3.40688e-05 -1.93523 0.182648 -0.267509 0.0289515 -0.0217822 -4.92156e-05 -3.45126e-11 -1.95 -0.183552 -0.460722 -0.113503 0.238816 0.165726 -0.0701323 -5.48807e-12 -1.0798e-12 -9.98496e-13 3.13294e-14 5.6658e-13 -8.38232e-16 -0.554492 -0.0668266 0.24028 -0.0573832 0.992789 -0.0251281 0.000634296
0.050211 0.784373 0.0742254 -1.57161 -0.00267322 0.785432 3.40688e-05 -1.08273 0.10218 -0.149666 0.0162009 -0.0121868 -2.75615e-05 -1.22528e-11 -0.69 -0.183479 0.0092521 -0.0634537 0.188814 0.165724 -0.0701323 -5.40536e-12 1.58655e-13 -5.60153e-13 7.30065e-14 4.85385e-13 4.49995e-14 -0.555185 -0.0608022 0.240277 -0.0522655 0.998313 -0.0252629 0.000496398
0.038949 0.784371 0.0742216 -1.57161 -0.00267322 0.785432 3.40688e-05 -0.000945403 8.92156e-05 -0.000130684 1.41461e-05 -1.06411e-05 -2.4066e-08 1.03796e-14 0.03 -0.393501 0.299289 -0.0634661 0.178815 0.185725 -0.0701323 4.58732e-13 3.23788e-13 -1.71031e-12 7.18368e-14 1.212e-13 2.06032e-14 -0.555835 -0.0545443 0.240278 -0.0466419 0.998592 -0.025264 0.000353475
0.0308534 0.78437 0.0742101 -1.57161 -0.00267322 0.785432 3.40688e-05 0.378347 -0.0356992 0.0522992 -0.00566087 0.00425854 9.62798e-06 8.72682e-12 -0.38 -0.283512 0.339409 -0.113479 0.228817 0.185725 -0.0901323 -6.80812e-12 -5.76278e-13 -5.90982e-13 7.48732e-14 4.13215e-13 -1.56304e-15 -0.556258 -0.0500377 0.240279 -0.0425954 0.998773 -0.0252611 0.000250491
0.0282176 0.78437 0.0742101 -1.57161 -0.00267322 0.785432 3.40688e-05 -0.551128 0.0520008 -0.0761828 0.00824656 -0.00620331 -1.40293e-05 -4.98894e-12 -0.17 -0.393513 0.299397 -0.113479 0.228817 0.165725 -0.0901323 6.24403e-12 -1.41938e-13 4.26072e-12 -5.96846e-14 -3.08361e-13 -7.66593e-15 -0.556388 -0.0485713 0.240279 -0.041279 0.998828 -0.0252614 0.000217198
0.0279529 0.784371 0.0742114 -1.57161 -0.00267322 0.785432 3.40688e-05 -1.91385 0.180582 -0.264553 0.028637 -0.0215417 -4.87172e-05 -1.77538e-11 -0.8 -0.393517 -0.0406149 -0.0234785 0.228817 0.185725 -0.0901323 -1.29533e-12 -1.2986e-12 -1.03786e-12 -2.18649e-13 2.53757e-13 -1.67989e-14 -0.556401 -0.0484246 0.240278 -0.0411473 0.998834 -0.0252619 0.000214524
0.0246805 0.784374 0.0742152 -1.57161 -0.00267322 0.785432 3.40688e-05 -2.45859 0.231992 -0.339852 0.036788 -0.027673 -6.2585e-05 -2.4097e-11 -1.64 -0.393459 -0.380653 -0.0634413 0.228815 0.185724 -0.0701323 1.12401e-11 -2.2989e-13 7.71645e-12 -9.21147e-14 -7.82752e-13 2.42996e-14 -0.556556 -0.0466053 0.240276 -0.0395142 0.9989 -0.0252636 0.000174503
0.014491 0.784377 0.0742178 -1.57161 -0.00267322 0.785432 3.40688e-05 -1.37427 0.129686 -0.189966 0.0205606 -0.0154682 -3.49605e-05 -3.60146e-12 -1.01 -0.283424 -0.140654 -0.0634174 0.238814 0.185723 -0.0901323 -2.15774e-12 -2.12805e-13 -1.68464e-12 2.01033e-14 -3.42703e-13 4.15277e-14 -0.557002 -0.0409331 0.240275 -0.0344255 0.999088 -0.0252651 4.70248e-05
0.00313442 0.784375 0.0742075 -1.57161 -0.00267322 0.785432 3.40688e-05 0.243898 -0.0230087 0.0337141 -0.00365083 0.00274525 6.22042e-06 -8.99633e-13 0.56 -0.39344 0.539347 -0.113429 0.228815 0.185723 -0.0901323 2.18923e-12 -5.83345e-14 3.06192e-12 1.25405e-13 -2.99069e-13 4.36367e-18 -0.557431 -0.0346004 0.240276 -0.0287482 0.999267 -0.0252613 -9.70384e-05
-0.00418265 0.784374 0.0741973 -1.57161 -0.00267322 0.785432 3.40688e-05 0.942882 -0.088947 0.130335 -0.0141092 0.0106127 2.40091e-05 2.72042e-11 0.98 -0.393452 0.729503 -0.0634413 0.228817 0.165724 -0.0701323 -4.14607e-12 7.7943e-15 -8.83372e-13 -2.05092e-13 8.93132e-15 -9.06648e-15 -0.55767 -0.0305162 0.240276 -0.0250886 0.999366 -0.0252572 -0.000190071
-0.00398323 0.784373 0.0742063 -1.57161 -0.00267322 0.785432 3.40688e-05 -0.0683058 0.00644455 -0.00944194 0.00102206 -0.000768825 -1.73876e-06 -5.7254e-13 -0.38 -0.393475 0.00943196 -0.0634537 0.228817 0.165724 -0.0901323 6.59171e-12 -4.13608e-13 6.00792e-12 -1.21853e-13 -8.59703e-13 7.65769e-15 -0.557664 -0.0306314 0.240277 -0.0251914 0.999363 -0.0252603 -0.000188227
-0.00404714 0.784373 0.0742075 -1.57161 -0.00267322 0.785432 3.40688e-05 -0.867185 0.081819 -0.119871 0.0129757 -0.00976072 -2.20747e-05 -7.64649e-12 -0.27 -0.283474 0.00942001 -0.113454 0.178816 0.185724 -0.0701323 -9.59867e-13 -1.53802e-13 2.20976e-12 -1.39544e-13 -3.05279e-13 -3.09096e-14 -0.557666 -0.0305963 0.240277 -0.0251599 0.999364 -0.0252608 -0.000189036
-0.00498543 0.784373 0.0742063 -1.57161 -0.00267322 0.785432 3.40688e-05 -1.34071 0.126494 -0.185328 0.0200611 -0.0150906 -3.41286e-05 -1.13801e-11 -0.69 -0.393475 0.00943196 -0.0634537 0.178817 0.165724 -0.0901323 6.91133e-12 -4.84228e-13 6.29788e-12 -1.31989e-13 -9.03457e-13 8.07482e-15 -0.557694 -0.0300725 0.240277 -0.0246906 0.999376 -0.0252602 -0.000200885
-0.00731836 0.784374 0.0742063 -1.57161 -0.00267322 0.785432 3.40688e-05 -1.35929 0.128247 -0.187895 0.020339 -0.0152996 -3.46014e-05 -1.16024e-11 -0.69 -0.283455 0.00943139 -0.0234413 0.228816 0.165724 -0.0901323 2.98193e-12 1.26547e-13 1.15911e-12 -2.30823e-13 1.11316e-13 -5.64988e-14 -0.557763 -0.0287713 0.240276 -0.0235249 0.999404 -0.02526 -0.000229687
-0.0113885 0.784374 0.0742063 -1.57161 -0.00267322 0.785432 3.40688e-05 -0.885768 0.0835709 -0.12244 0.0132538 -0.00996988 -2.25477e-05 -7.58129e-12 -0.38 -0.283455 0.149431 -0.0634413 0.228816 0.165724 -0.0701323 3.02395e-12 1.00814e-13 1.17201e-12 -2.41021e-13 1.13963e-13 -5.74725e-14 -0.557875 -0.0265009 0.240276 -0.021491 0.99945 -0.0252595 -0.000281093
-0.0146789 0.784374 0.074205 -1.57161 -0.00267322 0.785432 3.40688e-05 -0.419324 0.0395619 -0.0579633 0.00627435 -0.00471976 -1.06741e-05 -3.50184e-12 -0.69 -0.393456 0.0994433 -0.0634413 0.178816 0.165724 -0.0901323 1.07887e-11 -1.30971e-12 1.70984e-12 -5.78991e-14 -7.85784e-13 -3.62347e-14 -0.557959 -0.0246646 0.240276 -0.0198462 0.999484 -0.0252585 -0.000322645
-0.015621 0.784373 0.0742024 -1.57161 -0.00267322 0.785432 3.40688e-05 -0.408327 0.0385231 -0.0564433 0.00610981 -0.00459598 -1.03942e-05 -1.04591e-11 -0.27 -0.283474 0.149468 -0.0634537 0.228817 0.185724 -0.0901323 9.13926e-12 -1.43616e-13 3.7032e-12 -2.2193e-13 -5.4116e-13 -2.2438e-14 -0.557982 -0.0241378 0.240277 -0.0193745 0.999493 -0.0252575 -0.000335197
-0.0155341 0.784373 0.074205 -1.57161 -0.00267322 0.785432 3.40688e-05 -0.513902 0.0484849 -0.0710368 0.00768953 -0.00578427 -1.3082e-05 -4.29226e-12 -0.06 -0.283455 0.149443 -0.0634413 0.228816 0.165724 -0.0701323 -3.05285e-12 5.9077e-13 -1.25795e-12 1.01968e-13 2.15206e-13 -4.49964e-14 -0.55798 -0.0241874 0.240277 -0.0194188 0.999492 -0.0252584 -0.000334108
-0.0155328 0.784374 0.074205 -1.57161 -0.00267322 0.785432 3.40688e-05 -0.471837 0.0445163 -0.0652222 0.0070601 -0.00531082 -1.20109e-05 -3.93615e-12 -0.27 -0.393456 0.0994433 -0.0634413 0.228816 0.165724 -0.0701323 1.08628e-11 -1.34038e-12 1.70294e-12 -5.83921e-14 -7.91097e-13 -3.65409e-14 -0.55798 -0.0241881 0.240276 -0.0194195 0.999492 -0.0252584 -0.00033343
-0.0155315 0.784373 0.074205 -1.57161 -0.00267322 0.785432 3.40688e-05 -0.306916 0.0289566 -0.0424251 0.00459239 -0.00345453 -7.81272e-06 -2.5734e-12 -0.06 -0.393475 0.149444 -0.0634537 0.178817 0.165724 -0.0901323 -9.03256e-12 2.14716e-12 -5.02206e-12 2.41035e-13 1.26517e-13 -3.68209e-14 -0.55798 -0.0241888 0.240277 -0.0194201 0.999492 -0.0252584 -0.000334076
-0.0155226 0.784373 0.074205 -1.57161 -0.00267322 0.785432 3.40688e-05 -0.0218247 0.00205909 -0.00301683 0.000326563 -0.000245651 -5.55559e-07 -2.16854e-13 -0.17 -0.283474 0.0994439 -0.0634537 0.228817 0.165724 -0.0901323 -8.95593e-12 2.10209e-12 -4.98203e-12 2.38247e-13 1.25921e-13 -3.64783e-14 -0.55798 -0.0241938 0.240277 -0.0194246 0.999492 -0.0252584 -0.000333963
-0.015474 0.784373 0.0742063 -1.57161 -0.00267322 0.785432 3.40688e-05 0.37446 -0.0353297 0.0517617 -0.00560305 0.00421478 9.53209e-06 3.18901e-12 -0.17 -0.283474 0.059432 -0.0634537 0.238817 0.185724 -0.0901323 7.13017e-12 -4.35772e-13 6.49936e-12 -1.30289e-13 -9.30891e-13 8.30433e-15 -0.557979 -0.0242215 0.240277 -0.0194493 0.999492 -0.0252588 -0.000333354
-0.0148719 0.784373 0.0742063 -1.57161 -0.00267322 0.785432 3.40688e-05 0.826322 -0.0779623 0.114223 -0.0123643 0.00930078 2.10345e-05 7.02702e-12 0.14 -0.393475 0.149432 -0.0634537 0.178817 0.165724 -0.0701323 6.97154e-12 -4.48643e-13 6.35417e-12 -1.31034e-13 -9.11091e-13 8.13973e-15 -0.557964 -0.0245574 0.240277 -0.0197502 0.999486 -0.0252589 -0.00032575
-0.0131398 0.784373 0.0742075 -1.57161 -0.00267322 0.785432 3.40688e-05 1.09202 -0.103033 0.150951 -0.01634 0.0122915 2.77975e-05 9.56693e-12 0.45 -0.393494 0.0994205 -0.0234661 0.238817 0.165724 -0.0701323 -1.0656e-11 -6.89283e-13 -2.89438e-12 -3.07885e-13 3.98235e-13 -2.3194e-14 -0.557921 -0.0255244 0.240277 -0.0206163 0.999468 -0.0252597 -0.000303878
-0.0101332 0.784371 0.0742075 -1.57161 -0.00267322 0.785432 3.40688e-05 1.17101 -0.110485 0.161869 -0.0175219 0.0131805 2.98088e-05 1.02546e-11 0.45 -0.393494 0.0594206 -0.0634661 0.178817 0.165724 -0.0901323 5.07646e-12 -7.84277e-13 5.50783e-12 -3.20118e-13 -8.01289e-13 -2.91235e-14 -0.557841 -0.0272018 0.240278 -0.0221188 0.999436 -0.0252601 -0.000266541
-0.00582017 0.784371 0.0742088 -1.57161 -0.00267322 0.785432 3.40688e-05 1.01483 -0.0957531 0.140281 -0.015184 0.0114225 2.58249e-05 2.30111e-11 0.35 -0.283493 0.0994205 -0.0634661 0.178817 0.165724 -0.0901323 1.06193e-11 -8.51304e-13 3.02326e-12 -1.01086e-13 -9.50444e-13 7.6803e-15 -0.557719 -0.0296081 0.240278 -0.0242745 0.999386 -0.025261 -0.000212069
-0.000691569 0.784371 0.0742088 -1.57161 -0.00267322 0.785432 3.40688e-05 0.767495 -0.0724129 0.106091 -0.0114848 0.00863867 1.95433e-05 9.6403e-12 0.98 -0.283493 0.339396 -0.0634661 0.228816 0.165724 -0.0901323 -6.18941e-14 -2.3671e-12 -5.53304e-12 -3.44036e-13 3.36633e-13 2.07065e-14 -0.55756 -0.032468 0.240278 -0.0268371 0.999321 -0.0252615 -0.000147291
0.00442169 0.78437 0.0742139 -1.57161 -0.00267322 0.785432 3.40688e-05 0.766788 -0.0723528 0.105994 -0.0114735 0.00863071 1.95191e-05 2.10192e-11 0.35 -0.283516 0.00936103 -0.0634785 0.178816 0.165725 -0.0701323 -2.67414e-12 1.03056e-12 -3.95873e-12 2.76185e-14 1.73749e-13 1.40664e-14 -0.557386 -0.0353208 0.240279 -0.0293937 0.999249 -0.0252636 -8.33688e-05
0.00845094 0.78437 0.0742139 -1.57161 -0.00267322 0.785432 3.40688e-05 1.05111 -0.0991814 0.145296 -0.0157279 0.011831 2.67568e-05 2.88072e-11 0.66 -0.393517 0.0493611 -0.0234785 0.178816 0.165725 -0.0701323 -2.55161e-12 9.40679e-13 -3.77294e-12 2.38299e-14 1.65954e-13 1.33537e-14 -0.55724 -0.0375663 0.240279 -0.0314068 0.999187 -0.0252637 -3.2472e-05
0.0129072 0.78437 0.0742139 -1.57161 -0.00267322 0.785432 3.40688e-05 1.33276 -0.12576 0.184229 -0.019941 0.0150011 3.39155e-05 3.15909e-11 0.56 -0.393517 0.149373 -0.0634785 0.228816 0.165725 -0.0701323 9.81236e-12 -5.06756e-13 4.46837e-12 -1.55781e-13 -4.85215e-13 4.12264e-14 -0.557067 -0.0400491 0.240279 -0.033633 0.999115 -0.0252637 2.38184e-05
0.0188705 0.78437 0.0742139 -1.57161 -0.00267322 0.785432 3.40688e-05 1.28556 -0.121303 0.177704 -0.0192359 0.0144698 3.27247e-05 3.52279e-11 0.87 -0.283516 0.199361 -0.0634785 0.228816 0.165725 -0.0901323 -2.25092e-12 8.44904e-13 -3.32813e-12 2.26044e-14 1.46347e-13 1.17933e-14 -0.556818 -0.0433704 0.240279 -0.0366119 0.99901 -0.0252635 9.91462e-05
0.0263154 0.78437 0.0742127 -1.57161 -0.00267322 0.785432 3.40688e-05 0.960549 -0.0906342 0.132777 -0.0143727 0.0108116 2.44514e-05 9.17651e-12 0.45 -0.283516 0.0593731 -0.0634785 0.178816 0.185725 -0.0901323 6.7642e-12 -2.80694e-13 2.24891e-12 -9.82609e-15 -1.38357e-13 -2.04851e-15 -0.55648 -0.047514 0.240279 -0.0403299 0.998867 -0.0252625 0.000193183
0.0340812 0.78437 0.0742139 -1.57161 -0.00267322 0.785432 3.40688e-05 0.634777 -0.0598965 0.0877457 -0.0094982 0.00714483 1.61587e-05 1.73989e-11 0.35 -0.393517 0.199361 -0.113479 0.228816 0.185725 -0.0701323 -1.90133e-12 7.43978e-13 -2.82476e-12 1.98182e-14 1.23321e-13 1.00754e-14 -0.556094 -0.0518346 0.240279 -0.0442086 0.998703 -0.025262 0.00029128
0.041071 0.78437 0.0742165 -1.57161 -0.00267322 0.785432 3.40688e-05 0.568326 -0.0536281 0.0785601 -0.00850389 0.00639688 1.44671e-05 5.73656e-12 0.66 -0.393517 -0.0406629 -0.0234785 0.228816 0.165725 -0.0701323 -3.00995e-12 -4.87563e-13 -2.60557e-12 -1.7965e-13 6.05487e-13 -2.89363e-15 -0.555718 -0.0557214 0.240279 -0.0476996 0.998542 -0.0252618 0.000379583
0.046477 0.78437 0.0742178 -1.57161 -0.00267322 0.785432 3.40688e-05 0.950757 -0.0897165 0.131424 -0.0142262 0.0107014 2.42021e-05 9.82517e-12 0.35 -0.393517 0.00932503 -0.0634785 0.238816 0.165725 -0.0901323 2.67104e-12 4.37349e-13 2.12082e-13 -5.15309e-14 1.11558e-13 7.92328e-15 -0.555408 -0.0587254 0.240279 -0.0503989 0.99841 -0.0252611 0.000447874
0.0517373 0.78437 0.0742165 -1.57161 -0.00267322 0.785432 3.40688e-05 1.4254 -0.134503 0.197035 -0.0213284 0.0160439 3.62846e-05 1.43927e-11 1.08 -0.393517 0.299337 -0.0634785 0.228816 0.165725 -0.0901323 -2.36961e-12 -3.81932e-13 -2.04901e-12 -1.40099e-13 4.76827e-13 -2.27809e-15 -0.555092 -0.0616456 0.240279 -0.0541834 1.02008 -0.0258131 0.000503309
0.0598316 0.78437 0.0742152 -1.57161 -0.00267322 0.785432 3.40688e-05 1.48121 -0.139767 0.204749 -0.0221634 0.016672 3.77052e-05 1.45443e-11 0.77 -0.283516 0.249349 -0.0634785 0.178816 0.165725 -0.0901323 1.60198e-12 -8.95997e-14 -2.62675e-14 -9.40896e-14 -1.87857e-13 1.20731e-14 -0.554575 -0.066136 0.240279 -0.0576401 1.00813 -0.0255127 0.000610352
0.0693333 0.78437 0.0742178 -1.57161 -0.00267322 0.785432 3.40688e-05 1.02452 -0.0966768 0.14162 -0.0153299 0.0115316 2.60798e-05 1.05837e-11 0.45 -0.393517 0.00932503 -0.0634785 0.178816 0.165725 -0.0701323 1.64334e-12 2.83317e-13 1.3536e-13 -3.04025e-14 6.77924e-14 4.85427e-15 -0.553921 -0.0714035 0.240279 -0.061306 0.989708 -0.0250502 0.000742525
0.0797107 0.78437 0.0742178 -1.57161 -0.00267322 0.785432 3.40688e-05 0.389537 -0.0367587 0.053846 -0.00582829 0.00438449 9.91273e-06 2.57118e-12 -0.06 -0.283516 -0.190663 -0.0234785 0.228816 0.185725 -0.0701323 -8.89863e-13 -1.9522e-13 2.30816e-13 -4.31968e-14 -3.11423e-14 -1.76036e-15 -0.55315 -0.0771478 0.240279 -0.0673217 1.0025 -0.0253814 0.000863167
0.0879316 0.78437 0.0742203 -1.57161 -0.00267322 0.785432 3.40688e-05 0.307183 -0.028989 0.0424622 -0.00459582 0.00345754 7.81459e-06 6.31931e-12 -0.38 -0.293514 -0.280675 -0.0234785 0.178816 0.185725 -0.0901323 9.5893e-13 -7.98792e-14 4.13673e-13 -1.95125e-15 -1.08695e-13 7.60872e-15 -0.552497 -0.0816937 0.240279 -0.0707045 0.991851 -0.0251122 0.000976562
0.0935651 0.78437 0.0742178 -1.57161 -0.00267322 0.785432 3.40688e-05 0.872265 -0.0823096 0.120574 -0.0130518 0.00981792 2.22041e-05 9.00848e-12 0.56 -0.393517 0.199325 -0.0634785 0.178816 0.165725 -0.0901323 5.86238e-13 1.00486e-13 4.91436e-14 -9.97557e-15 2.3931e-14 1.72622e-15 -0.552029 -0.0848038 0.240279 -0.0733519 0.989688 -0.0250602 0.00105009
0.0985365 0.78437 0.0742178 -1.57161 -0.00267322 0.785432 3.40688e-05 1.6116 -0.152075 0.222772 -0.0241144 0.0181396 4.10242e-05 1.66415e-11 0.56 -0.393517 0.099325 -0.0634785 0.228816 0.165725 -0.0701323 2.28187e-13 3.63146e-14 2.07099e-14 -3.19567e-15 8.97864e-15 6.64322e-16 -0.5516 -0.087547 0.240279 -0.076353 0.996574 -0.0252353 0.00110539
0.106052 0.784369 0.0742152 -1.57161 -0.00267322 0.785432 3.40688e-05 1.81471 -0.171236 0.250849 -0.0271536 0.0204258 4.61946e-05 1.78033e-11 0.87 -0.393536 0.34935 -0.11349 0.228816 0.165725 -0.0701323 -3.86134e-13 -5.61744e-15 -1.23005e-13 2.74591e-15 2.59625e-14 -9.15928e-16 -0.550927 -0.0916888 0.240279 -0.0803348 0.999246 -0.0253037 0.00119604
0.117555 0.784369 0.0742165 -1.57161 -0.00267322 0.785432 3.40688e-05 1.04641 -0.0987386 0.144646 -0.0156585 0.0117781 2.66456e-05 1.44498e-11 0.98 -0.283535 0.299325 -0.11349 0.228816 0.185725 -0.0701323 -1.48073e-12 1.46332e-13 -6.55702e-13 4.87854e-15 8.61247e-14 -1.1308e-14 -0.549836 -0.0980208 0.240279 -0.0856012 0.993198 -0.0251565 0.00134831
0.129436 0.784369 0.0742203 -1.57161 -0.00267322 0.785432 3.40688e-05 0.0983199 -0.00927809 0.0135909 -0.00147117 0.00110666 2.5028e-06 1.04174e-12 -0.17 -0.393536 -0.140698 -0.02349 0.178816 0.165725 -0.0701323 7.55189e-13 -3.11107e-14 6.03677e-13 -8.74908e-15 -1.58111e-13 1.06244e-15 -0.548632 -0.104548 0.240279 -0.0917219 0.995068 -0.0252115 0.00149505
0.138738 0.78437 0.0742254 -1.57161 -0.00267322 0.785432 3.40688e-05 -0.241394 0.0227815 -0.0333681 0.00361176 -0.00271704 -6.14287e-06 -6.14057e-12 -0.48 -0.28352 -0.330735 -0.0634785 0.178815 0.165725 -0.0901323 -3.93924e-13 -3.44207e-13 -1.05667e-12 2.05049e-14 2.83156e-13 -1.09792e-14 -0.547635 -0.109649 0.240279 -0.0965246 0.996419 -0.0252499 0.00161022
0.143384 0.78437 0.0742242 -1.57161 -0.00267322 0.785432 3.40688e-05 0.521806 -0.0492434 0.0721293 -0.00780784 0.00587328 1.3283e-05 2.02141e-10 0.03 -0.393532 -0.140735 -0.063467 0.228814 0.185725 -0.0701323 2.83272e-12 4.27143e-13 1.39024e-12 2.15297e-14 -8.93594e-14 -1.15774e-14 -0.54712 -0.112191 0.240279 -0.0988009 0.995824 -0.0252401 0.00166929
0.145842 0.78437 0.0742229 -1.57161 -0.00267322 0.785432 3.40688e-05 1.78273 -0.168231 0.246428 -0.0266767 0.0200658 4.53949e-05 2.67542e-11 1.19 -0.39352 0.299265 0.0265217 0.178815 0.165725 -0.0701323 2.50448e-12 -3.6219e-13 1.57623e-12 -1.66873e-14 -5.55268e-14 1.89405e-14 -0.546843 -0.113535 0.240279 -0.0997656 0.993126 -0.0251715 0.00170462
0.151934 0.784369 0.0742203 -1.57161 -0.00267322 0.785432 3.40688e-05 2.33354 -0.220208 0.322569 -0.034917 0.0262656 5.9402e-05 3.68222e-11 1.08 -0.393547 0.439302 -0.0634785 0.228815 0.165725 -0.0701323 1.2926e-12 1.12583e-12 8.26677e-13 1.61582e-13 -1.28451e-13 -1.07005e-14 -0.546141 -0.116864 0.240279 -0.103026 0.9951 -0.0252227 0.00177737
0.163264 0.784369 0.0742139 -1.57161 -0.00267322 0.785432 3.40688e-05 1.33994 -0.126435 0.185222 -0.0200497 0.015082 3.41092e-05 4.35896e-11 0.98 -0.393543 0.339362 -0.113479 0.178816 0.165725 -0.0901323 -1.32542e-12 -8.14388e-14 -1.09618e-12 4.10546e-14 1.50709e-13 -5.0645e-15 -0.544782 -0.123041 0.240279 -0.108736 0.995197 -0.0252277 0.00191849
0.176744 0.784369 0.0742203 -1.57161 -0.00267322 0.785432 3.40688e-05 -0.226284 0.0213536 -0.0312793 0.00338592 -0.00254699 -5.76024e-06 -8.35753e-11 -0.17 -0.283546 -0.140698 -0.0634785 0.178815 0.185725 -0.0701323 -9.24811e-12 8.86265e-13 -2.73732e-12 1.66079e-13 5.84143e-13 -5.15773e-14 -0.543074 -0.130376 0.240279 -0.115336 0.993523 -0.0251935 0.00208951
0.186546 0.78437 0.0742293 -1.57161 -0.00267322 0.785432 3.40688e-05 -0.895824 0.0845495 -0.123831 0.0134026 -0.0100831 -2.27893e-05 -2.43943e-11 -0.8 -0.283531 -0.510759 -0.0134668 0.178814 0.165725 -0.0701323 1.06551e-12 1.32428e-12 2.16475e-12 9.17312e-14 -1.18927e-13 9.91889e-15 -0.541769 -0.135697 0.240279 -0.120215 0.993014 -0.0251869 0.00221415
0.188743 0.78437 0.074228 -1.57161 -0.00267322 0.785432 3.40688e-05 0.141194 -0.0133253 0.0195174 -0.00211269 0.00158923 3.59419e-06 2.38219e-12 0.24 -0.393532 -0.0407708 -0.063467 0.178814 0.185725 -0.0701323 4.02257e-12 7.45599e-13 1.62116e-12 1.24651e-13 -8.22001e-14 -2.8191e-14 -0.541469 -0.136886 0.240279 -0.121172 0.991783 -0.0251547 0.00224424
0.188924 0.78437 0.0742254 -1.57161 -0.00267322 0.785432 3.40688e-05 1.5919 -0.150232 0.22005 -0.0238198 0.0179179 4.0523e-05 2.62222e-11 0.66 -0.283531 0.209253 -0.063467 0.228814 0.165725 -0.0701323 1.81017e-12 2.37028e-12 9.43067e-13 1.99164e-13 -1.96521e-13 -4.27989e-14 -0.541445 -0.136983 0.240279 -0.121378 0.992738 -0.0251796 0.00224424
0.191595 0.784369 0.0742216 -1.57161 -0.00267322 0.785432 3.40688e-05 2.35462 -0.222191 0.325482 -0.0352368 0.026503 5.99765e-05 5.61835e-11 1.71 -0.393551 0.539266 -0.0634785 0.228815 0.185725 -0.0901323 6.40325e-12 -7.69362e-13 3.81162e-12 -1.50822e-13 -5.56355e-13 -3.79175e-15 -0.541077 -0.138427 0.240279 -0.122699 0.99254 -0.0251734 0.00227719
0.200299 0.784368 0.0742203 -1.57161 -0.00267322 0.785432 3.40688e-05 1.61646 -0.152537 0.223446 -0.0241888 0.0181945 4.11613e-05 3.17824e-11 1.5 -0.393566 0.53929 -0.0634918 0.228816 0.185725 -0.0701323 -2.5429e-12 4.95155e-13 -6.75404e-13 8.87858e-14 -7.99245e-14 -2.90563e-14 -0.539852 -0.143131 0.24028 -0.127022 0.992034 -0.0251638 0.00238584
0.211894 0.784369 0.0742216 -1.57161 -0.00267322 0.785432 3.40688e-05 0.0295225 -0.00278605 0.00408094 -0.00044172 0.000332296 7.51279e-07 3.40756e-13 -0.06 -0.283546 -0.0906984 -0.0634785 0.228815 0.185725 -0.0701323 -1.30154e-12 1.39398e-12 1.6555e-12 1.1507e-14 -2.20891e-13 -1.7002e-14 -0.538156 -0.149381 0.240279 -0.132667 0.990504 -0.0251278 0.00253425
0.221107 0.78437 0.0742267 -1.57161 -0.00267322 0.785432 3.40688e-05 -1.074 0.101358 -0.14846 0.0160703 -0.0120886 -2.73394e-05 -1.80459e-11 -0.8 -0.29353 -0.420759 -0.063467 0.178814 0.185725 -0.0701323 7.08951e-12 -5.72123e-13 3.93682e-12 -1.40034e-13 -3.15866e-13 -1.66943e-14 -0.536757 -0.154335 0.240279 -0.137313 0.990487 -0.0251368 0.00264924
0.222909 0.78437 0.0742267 -1.57161 -0.00267322 0.785432 3.40688e-05 -0.481419 0.0454336 -0.066547 0.0072035 -0.00541869 -1.22549e-05 -8.09893e-12 -0.17 -0.393532 -0.0407587 -0.0234671 0.228814 0.165725 -0.0901323 7.3664e-12 -5.71264e-13 4.08762e-12 -1.4262e-13 -3.28016e-13 -1.73596e-14 -0.536478 -0.155302 0.240279 -0.138218 0.99045 -0.0251352 0.00267164
0.222275 0.78437 0.0742203 -1.57161 -0.00267322 0.785432 3.40688e-05 0.696943 -0.065768 0.0963392 -0.0104284 0.00784457 1.77412e-05 1.09815e-11 0.14 -0.393532 0.149301 -0.0234671 0.228815 0.185725 -0.0901323 -1.0052e-11 1.87706e-12 -2.61675e-12 -1.40929e-13 9.85607e-14 -1.90454e-14 -0.536577 -0.154959 0.240278 -0.137911 0.990557 -0.0251359 0.00266326
0.223438 0.78437 0.0742203 -1.57161 -0.00267322 0.785432 3.40688e-05 1.24515 -0.1175 0.172118 -0.0186312 0.014015 3.16961e-05 1.96339e-11 0.66 -0.393532 0.199301 -0.063467 0.228815 0.165725 -0.0701323 -1.03659e-11 1.91956e-12 -2.7012e-12 -1.4368e-13 1.02647e-13 -1.96119e-14 -0.536396 -0.155583 0.240278 -0.138521 0.990719 -0.0251413 0.00267721
0.226182 0.784369 0.0742203 -1.57161 -0.00267322 0.785432 3.40688e-05 1.26183 -0.119074 0.174424 -0.0188809 0.0142028 3.21207e-05 1.98916e-11 0.77 -0.283546 0.199302 -0.113479 0.178815 0.165725 -0.0701323 3.02612e-12 2.57564e-12 1.93042e-12 3.72997e-13 -3.0121e-13 -2.52723e-14 -0.535967 -0.157054 0.240279 -0.139913 0.990764 -0.0251413 0.0027104
0.230844 0.784369 0.0742216 -1.57161 -0.00267322 0.785432 3.40688e-05 0.716777 -0.0676406 0.0990808 -0.0107252 0.00806779 1.82464e-05 1.14956e-11 0.56 -0.393532 0.0992892 -0.0234671 0.178815 0.185725 -0.0701323 5.20027e-12 -1.03594e-12 3.35667e-12 -1.68904e-13 -4.30153e-13 1.75465e-14 -0.535229 -0.159551 0.240279 -0.14202 0.989021 -0.0251012 0.0027729
0.234866 0.78437 0.0742229 -1.57161 -0.00267322 0.785432 3.40688e-05 0.183628 -0.017329 0.0253832 -0.00274764 0.00206687 4.6743e-06 2.95377e-12 0.14 -0.393547 -0.0907222 -0.0634785 0.228815 0.165725 -0.0901323 -3.52668e-12 -2.6716e-12 -3.66019e-12 -1.63588e-13 4.52548e-13 -3.96087e-14 -0.534583 -0.161704 0.240278 -0.144039 0.988943 -0.0251001 0.00282349
0.236161 0.78437 0.0742242 -1.57161 -0.00267322 0.785432 3.40688e-05 0.193193 -0.0182319 0.0267053 -0.00289076 0.00217452 4.91787e-06 6.52373e-12 0.14 -0.283531 -0.0907347 -0.063467 0.178815 0.165725 -0.0901323 -9.26851e-12 -5.987e-13 -2.607e-12 -4.81251e-14 2.87485e-13 -6.11239e-14 -0.534373 -0.162396 0.240279 -0.144707 0.989032 -0.0251022 0.00283928
0.236062 0.78437 0.0742216 -1.57161 -0.00267322 0.785432 3.40688e-05 0.433892 -0.0409455 0.0599773 -0.00649236 0.00488375 1.1045e-05 6.95313e-12 0.24 -0.283531 0.0992892 -0.063467 0.228815 0.185725 -0.0901323 -1.39781e-12 -1.17123e-12 2.83796e-13 -2.12961e-13 1.6566e-13 5.02798e-15 -0.534389 -0.162342 0.240278 -0.144721 0.989482 -0.0251149 0.00283666
0.236064 0.78437 0.0742229 -1.57161 -0.00267322 0.785432 3.40688e-05 0.499113 -0.0471011 0.0689929 -0.00746827 0.00561786 1.27053e-05 8.10908e-12 0.14 -0.393532 -0.000722736 -0.0234671 0.228815 0.185725 -0.0901323 -2.44039e-12 -7.724e-14 -8.57954e-13 2.95294e-14 -1.84449e-14 -2.70942e-14 -0.534389 -0.162344 0.240278 -0.144594 0.988596 -0.0250917 0.00283928
0.236063 0.78437 0.0742229 -1.57161 -0.00267322 0.785432 3.40688e-05 0.431763 -0.0407453 0.0596831 -0.00646051 0.00485979 1.09908e-05 7.01126e-12 0.03 -0.393532 0.00927725 -0.0234671 0.178815 0.185725 -0.0901323 -2.43351e-12 -1.21671e-13 -8.56446e-13 2.67188e-14 -1.8528e-14 -2.70352e-14 -0.534389 -0.162343 0.240278 -0.144592 0.988591 -0.0250917 0.00283928
0.236063 0.78437 0.0742229 -1.57161 -0.00267322 0.785432 3.40688e-05 0.241848 -0.022823 0.0334308 -0.00361878 0.00272216 6.1564e-06 3.91555e-12 0.24 -0.283531 0.0992773 -0.063467 0.228815 0.185725 -0.0901323 -2.36802e-12 -3.1375e-14 -8.06763e-13 3.16896e-14 -2.23597e-14 -2.68696e-14 -0.534389 -0.162343 0.240278 -0.144592 0.988591 -0.0250917 0.00283928
0.236059 0.78437 0.0742216 -1.57161 -0.00267322 0.785432 3.40688e-05 -0.0696192 0.00656982 -0.00962353 0.00104172 -0.000783611 -1.7722e-06 -1.1099e-12 0.14 -0.283531 0.0592892 -0.063467 0.278815 0.165725 -0.0901323 -1.43051e-12 -1.22778e-12 2.44165e-13 -2.13698e-13 1.67288e-13 4.94623e-15 -0.53439 -0.162341 0.240278 -0.144585 0.988556 -0.0250917 0.00283928
0.235995 0.78437 0.0742216 -1.57161 -0.00267322 0.785432 3.40688e-05 -0.486066 0.045869 -0.0671893 0.00727304 -0.005471 -1.23731e-05 -7.7787e-12 0.03 -0.393532 0.0592892 -0.063467 0.228815 0.165725 -0.0701323 -1.36513e-12 -1.12445e-12 2.68415e-13 -2.05502e-13 1.61406e-13 4.87618e-15 -0.5344 -0.162306 0.240278 -0.144646 0.989196 -0.025107 0.00283666
0.23533 0.78437 0.0742216 -1.57161 -0.00267322 0.785432 3.40688e-05 -0.949152 0.0895695 -0.131202 0.0142022 -0.0106833 -2.41613e-05 -1.51944e-11 -0.17 -0.283531 0.00928921 -0.063467 0.228815 0.185725 -0.0901323 -1.35484e-12 -1.06325e-12 2.43534e-13 -1.97627e-13 1.59462e-13 4.77489e-15 -0.534508 -0.161951 0.240278 -0.144294 0.989085 -0.025106 0.00282877
0.233304 0.78437 0.0742203 -1.57161 -0.00267322 0.785432 3.40688e-05 -1.1682 0.110239 -0.161482 0.0174799 -0.0131489 -2.97374e-05 -1.84586e-11 -0.48 -0.283531 0.0493012 -0.0234671 0.178815 0.165725 -0.0901323 -1.03635e-11 1.93672e-12 -2.70479e-12 -1.40272e-13 1.0286e-13 -1.96013e-14 -0.534835 -0.160867 0.240278 -0.143341 0.989574 -0.0251144 0.0028023
0.229981 0.784371 0.0742203 -1.57161 -0.00267322 0.785432 3.40688e-05 -1.15959 0.109426 -0.160291 0.017351 -0.0130519 -2.95181e-05 -1.83829e-11 -0.8 -0.283512 -0.0406994 -0.123455 0.228815 0.185724 -0.0701323 3.7813e-12 2.58203e-12 1.56092e-12 2.02798e-13 3.30631e-13 -7.99391e-14 -0.535367 -0.159089 0.240278 -0.141651 0.98949 -0.0251128 0.00276214
0.225577 0.784371 0.0742191 -1.57161 -0.00267322 0.785432 3.40688e-05 -0.999446 0.0943123 -0.138154 0.0149548 -0.0112494 -2.54415e-05 -3.32969e-11 -0.69 -0.283508 0.00931254 -0.0234547 0.228815 0.165724 -0.0901323 -1.16537e-11 9.01625e-13 -2.74495e-12 1.37594e-13 5.3983e-13 -7.20629e-15 -0.536062 -0.156729 0.240278 -0.139568 0.990486 -0.0251374 0.0027049
0.220593 0.784373 0.0742178 -1.57161 -0.00267526 0.785432 3.40688e-05 -0.846573 0.0798834 -0.117022 0.0126681 -0.00952875 -2.15569e-05 -1.60286e-11 -0.27 -0.39349 0.0993123 -0.0234432 0.228815 0.165724 -0.0901323 8.21428e-12 -9.23802e-13 3.47047e-12 4.0221e-14 -1.94886e-13 -4.37845e-14 -0.536837 -0.154055 0.240277 -0.137057 0.990527 -0.0251312 0.0026436
0.216005 0.784373 0.0742165 -1.57161 -0.00267322 0.785432 3.40688e-05 -0.856232 0.0807952 -0.118357 0.0128118 -0.00963744 -2.18076e-05 -1.69247e-11 -0.27 -0.39349 0.149336 -0.0634432 0.228815 0.165724 -0.0701323 1.62992e-12 -1.23656e-12 9.91985e-13 -1.5966e-13 -3.05993e-13 -5.28551e-14 -0.537538 -0.15159 0.240277 -0.134753 0.990617 -0.0251346 0.00258662
0.211774 0.784373 0.0742165 -1.57161 -0.00267322 0.785432 3.40688e-05 -1.04866 0.0989529 -0.144957 0.0156911 -0.0118033 -2.66943e-05 -1.60052e-11 -0.38 -0.183487 0.0993361 -0.0634422 0.178815 0.165724 -0.0901323 -4.56825e-12 1.03978e-12 -1.50225e-12 3.68603e-13 2.71851e-13 -2.38061e-14 -0.538175 -0.149314 0.240277 -0.132616 0.99059 -0.0251308 0.00253425
0.207232 0.784373 0.0742165 -1.57161 -0.00267322 0.785432 3.40688e-05 -1.25886 0.118788 -0.174014 0.0188364 -0.0141693 -3.20452e-05 -1.92073e-11 -0.38 -0.283489 0.0993361 -0.0634422 0.178815 0.185724 -0.0701323 -4.31707e-12 1.00383e-12 -1.41855e-12 3.49812e-13 2.56962e-13 -2.24822e-14 -0.538847 -0.146868 0.240277 -0.130333 0.990641 -0.0251294 0.00247776
0.201658 0.784373 0.0742165 -1.57161 -0.00267322 0.785432 3.40688e-05 -1.30643 0.123277 -0.180589 0.0195482 -0.0147047 -3.32739e-05 -2.57874e-11 -0.8 -0.39349 0.00933635 -0.113443 0.178815 0.185724 -0.0701323 1.37768e-12 -1.0451e-12 8.36252e-13 -1.34484e-13 -2.57971e-13 -4.44823e-14 -0.539657 -0.143863 0.240277 -0.127574 0.991018 -0.0251375 0.0024076
0.19366 0.784373 0.0742165 -1.57161 -0.00267526 0.785432 3.40688e-05 -1.02952 0.0971471 -0.142311 0.0154048 -0.0115879 -2.62071e-05 -1.54287e-11 -0.69 -0.39349 0.00933635 -0.0634432 0.228815 0.165724 -0.0901323 -4.15318e-12 4.93345e-13 -1.06696e-12 6.19782e-14 -1.6273e-13 -2.82451e-14 -0.540791 -0.139541 0.240277 -0.123632 0.991691 -0.0251513 0.00230645
0.185837 0.784373 0.0742152 -1.57161 -0.00267322 0.785432 3.40688e-05 -0.700011 0.0660529 -0.0967629 0.0104743 -0.00787907 -1.78192e-05 -1.05015e-11 -0.59 -0.39349 0.00934801 -0.0634422 0.228815 0.165724 -0.0701323 2.06896e-12 -6.99149e-13 9.85875e-13 -1.2837e-13 -3.72066e-13 5.97589e-15 -0.541866 -0.135306 0.240277 -0.119786 0.992455 -0.0251676 0.00220741
0.178899 0.784373 0.0742127 -1.57161 -0.00267526 0.785432 3.40688e-05 -0.654141 0.0617239 -0.0904223 0.00978731 -0.00736276 -1.66463e-05 -1.83894e-11 -0.59 -0.283489 0.149384 -0.113443 0.228816 0.165724 -0.0901323 7.42287e-15 -5.05142e-14 -1.05758e-12 -2.51861e-14 9.97437e-14 1.14585e-14 -0.542792 -0.131542 0.240277 -0.116263 0.992192 -0.025156 0.00212136
0.172952 0.784373 0.0742127 -1.57161 -0.00267526 0.785432 3.40688e-05 -0.91209 0.0860637 -0.126079 0.0136468 -0.0102661 -2.32105e-05 -2.56467e-11 -0.8 -0.39349 0.0593843 -0.0734434 0.178816 0.165724 -0.0901323 1.5172e-14 -5.34246e-14 -9.35762e-13 -2.35e-14 8.84908e-14 1.02409e-14 -0.543565 -0.128312 0.240277 -0.113322 0.992618 -0.0251633 0.00204627
0.167295 0.784373 0.0742152 -1.57161 -0.00267526 0.785432 3.40688e-05 -1.29561 0.122253 -0.179093 0.0193862 -0.0145829 -3.29805e-05 -1.91111e-11 -0.38 -0.39349 0.0593483 -0.013443 0.178815 0.165724 -0.0701323 -6.28952e-13 -3.4622e-13 7.45817e-13 -8.63952e-14 1.31961e-13 -2.74594e-14 -0.544282 -0.125236 0.240277 -0.110469 0.992523 -0.0251604 0.00197588
0.160076 0.784373 0.0742152 -1.57161 -0.00267322 0.785432 3.40688e-05 -1.42479 0.134446 -0.19695 0.0213179 -0.0160369 -3.6277e-05 -2.21212e-11 -0.59 -0.39349 -0.0906397 -0.0634432 0.178815 0.165724 -0.0901323 -2.82462e-12 4.62348e-13 -1.22615e-12 4.84458e-14 3.54914e-13 -8.26768e-15 -0.545171 -0.121304 0.240277 -0.106985 0.993841 -0.0251899 0.00188321
0.159594 0.784391 0.0742139 -1.57162 -0.00267322 0.785434 3.06654e-05 -3.23776 0.305506 -0.447552 0.048446 -0.0364425 -8.24181e-05 -1.43973e-11 0.98 -0.183277 0.779353 -0.023221 0.228808 0.165717 -0.110133 5.833e-13 -8.34113e-13 -1.68246e-13 -1.04277e-13 -1.95967e-13 -1.01645e-14 -0.545227 -0.12104 0.240265 -0.106876 0.995068 -0.025222 0.00188716
0.159594 0.784391 0.0742139 -1.57162 -0.00267322 0.785434 3.06654e-05 -5.12717 0.483784 -0.708722 0.0767168 -0.0577087 -0.000130513 -2.27907e-11 -0.9 -0.813278 -0.280647 0.126779 0.178808 0.165717 -0.0901325 4.51423e-13 -6.65266e-13 -1.37264e-13 -8.24286e-14 -1.53236e-13 -7.97469e-15 -0.545227 -0.12104 0.240265 -0.106876 0.995068 -0.025222 0.00188716
0.159594 0.784391 0.0742139 -1.57162 -0.00267322 0.785434 3.06654e-05 -7.27519 0.686465 -1.00564 0.108857 -0.0818857 -0.000185192 -3.2333e-11 -1.11 0.026722 -0.420647 -0.063221 0.178808 0.165717 -0.110133 3.14675e-13 -4.47413e-13 -8.96658e-14 -5.60315e-14 -1.05663e-13 -5.48512e-15 -0.545227 -0.12104 0.240265 -0.106876 0.995068 -0.025222 0.00188716
